

================================================================
== Vitis HLS Report for 'conv2d_l2_Pipeline_L2_FH_L2_FW'
================================================================
* Date:           Fri May  1 21:41:14 2026

* Version:        2025.2 (Build 6295257 on Nov 14 2025)
* Project:        hls_component
* Solution:       hls (Vivado IP Flow Target)
* Product family: zynq
* Target device:  xc7z020-clg400-1


================================================================
== Performance Estimates
================================================================
+ Timing: 
    * Summary: 
    +--------+----------+----------+------------+
    |  Clock |  Target  | Estimated| Uncertainty|
    +--------+----------+----------+------------+
    |ap_clk  |  10.00 ns|  6.504 ns|     2.70 ns|
    +--------+----------+----------+------------+

+ Latency: 
    * Summary: 
    +---------+---------+----------+----------+-----+-----+-------------------+
    |  Latency (cycles) |  Latency (absolute) |  Interval |      Pipeline     |
    |   min   |   max   |    min   |    max   | min | max |        Type       |
    +---------+---------+----------+----------+-----+-----+-------------------+
    |       70|       70|  0.700 us|  0.700 us|    0|    0|  loop pipeline stp|
    +---------+---------+----------+----------+-----+-----+-------------------+

    + Detail: 
        * Instance: 
        N/A

        * Loop: 
        +---------------+---------+---------+----------+-----------+-----------+------+----------+
        |               |  Latency (cycles) | Iteration|  Initiation Interval  | Trip |          |
        |   Loop Name   |   min   |   max   |  Latency |  achieved |   target  | Count| Pipelined|
        +---------------+---------+---------+----------+-----------+-----------+------+----------+
        |- L2_FH_L2_FW  |       68|       68|         6|          1|          1|    64|       yes|
        +---------------+---------+---------+----------+-----------+-----------+------+----------+



================================================================
== Utilization Estimates
================================================================
* Summary: 
+-----------------+---------+-----+--------+-------+-----+
|       Name      | BRAM_18K| DSP |   FF   |  LUT  | URAM|
+-----------------+---------+-----+--------+-------+-----+
|DSP              |        -|    -|       -|      -|    -|
|Expression       |        -|    -|       0|    381|    -|
|FIFO             |        -|    -|       -|      -|    -|
|Instance         |        -|    -|       -|      -|    -|
|Memory           |        -|    -|       -|      -|    -|
|Multiplexer      |        -|    -|       0|     54|    -|
|Register         |        -|    -|     304|     64|    -|
+-----------------+---------+-----+--------+-------+-----+
|Total            |        0|    0|     304|    499|    0|
+-----------------+---------+-----+--------+-------+-----+
|Available        |      280|  220|  106400|  53200|    0|
+-----------------+---------+-----+--------+-------+-----+
|Utilization (%)  |        0|    0|      ~0|     ~0|    0|
+-----------------+---------+-----+--------+-------+-----+

+ Detail: 
    * Instance: 
    N/A

    * DSP: 
    N/A

    * Memory: 
    N/A

    * FIFO: 
    N/A

    * Expression: 
    +--------------------------+----------+----+---+----+------------+------------+
    |       Variable Name      | Operation| DSP| FF| LUT| Bitwidth P0| Bitwidth P1|
    +--------------------------+----------+----+---+----+------------+------------+
    |add_ln119_1_fu_408_p2     |         +|   0|  0|  14|           7|           1|
    |add_ln119_fu_455_p2       |         +|   0|  0|  13|           4|           1|
    |add_ln120_fu_501_p2       |         +|   0|  0|  13|           4|           1|
    |add_ln125_fu_527_p2       |         +|   0|  0|  14|           7|           7|
    |add_ln129_1_fu_617_p2     |         +|   0|  0|  10|          10|          10|
    |add_ln129_2_fu_611_p2     |         +|   0|  0|  10|          10|          10|
    |add_ln129_fu_581_p2       |         +|   0|  0|  15|           8|           8|
    |val_fu_632_p2             |         +|   0|  0|  39|          32|          32|
    |icmp_ln119_fu_402_p2      |      icmp|   0|  0|  15|           7|           8|
    |icmp_ln120_fu_461_p2      |      icmp|   0|  0|  13|           4|           5|
    |icmp_ln127_1_fu_553_p2    |      icmp|   0|  0|  39|          32|          32|
    |icmp_ln127_2_fu_622_p2    |      icmp|   0|  0|  39|          32|          32|
    |icmp_ln127_fu_539_p2      |      icmp|   0|  0|  39|          32|          32|
    |mx_fu_626_p3              |    select|   0|  0|  32|           1|          32|
    |select_ln119_1_fu_475_p3  |    select|   0|  0|   4|           1|           4|
    |select_ln119_fu_467_p3    |    select|   0|  0|   4|           1|           1|
    |select_ln127_1_fu_559_p3  |    select|   0|  0|  32|           1|          32|
    |select_ln127_fu_545_p3    |    select|   0|  0|  32|           1|          32|
    |ap_enable_pp0             |       xor|   0|  0|   2|           1|           2|
    |xor_ln25_fu_662_p2        |       xor|   0|  0|   2|           1|           2|
    +--------------------------+----------+----+---+----+------------+------------+
    |Total                     |          |   0|  0| 381|         196|         284|
    +--------------------------+----------+----+---+----+------------+------------+

    * Multiplexer: 
    +---------------------------------------+----+-----------+-----+-----------+
    |                  Name                 | LUT| Input Size| Bits| Total Bits|
    +---------------------------------------+----+-----------+-----+-----------+
    |ap_done_int                            |   9|          2|    1|          2|
    |ap_enable_reg_pp0_iter1                |   9|          2|    1|          2|
    |ap_sig_allocacmp_indvar_flatten6_load  |   9|          2|    7|         14|
    |indvar_flatten6_fu_122                 |   9|          2|    7|         14|
    |oh_fu_118                              |   9|          2|    4|          8|
    |ow_fu_114                              |   9|          2|    4|          8|
    +---------------------------------------+----+-----------+-----+-----------+
    |Total                                  |  54|         12|   24|         48|
    +---------------------------------------+----+-----------+-----+-----------+

    * Register: 
    +------------------------------------+----+----+-----+-----------+
    |                Name                | FF | LUT| Bits| Const Bits|
    +------------------------------------+----+----+-----+-----------+
    |add_ln129_1_reg_768                 |  10|   0|   10|          0|
    |ap_CS_fsm                           |   1|   0|    1|          0|
    |ap_done_reg                         |   1|   0|    1|          0|
    |ap_enable_reg_pp0_iter1             |   1|   0|    1|          0|
    |ap_enable_reg_pp0_iter2             |   1|   0|    1|          0|
    |ap_enable_reg_pp0_iter3             |   1|   0|    1|          0|
    |ap_enable_reg_pp0_iter4             |   1|   0|    1|          0|
    |ap_enable_reg_pp0_iter5             |   1|   0|    1|          0|
    |ap_loop_exit_ready_pp0_iter1_reg    |   1|   0|    1|          0|
    |ap_loop_exit_ready_pp0_iter2_reg    |   1|   0|    1|          0|
    |ap_loop_exit_ready_pp0_iter3_reg    |   1|   0|    1|          0|
    |ap_loop_exit_ready_pp0_iter4_reg    |   1|   0|    1|          0|
    |indvar_flatten6_fu_122              |   7|   0|    7|          0|
    |oh_fu_118                           |   4|   0|    4|          0|
    |ow_fu_114                           |   4|   0|    4|          0|
    |select_ln119_1_reg_726              |   4|   0|    4|          0|
    |select_ln119_reg_720                |   4|   0|    4|          0|
    |select_ln127_1_reg_762              |  32|   0|   32|          0|
    |select_ln127_reg_756                |  32|   0|   32|          0|
    |select_ln127_reg_756_pp0_iter3_reg  |  32|   0|   32|          0|
    |sext_ln94_cast_reg_711              |  32|   0|   32|          0|
    |tmp_136_reg_773                     |   1|   0|    1|          0|
    |trunc_ln123_reg_731                 |   3|   0|    3|          0|
    |select_ln119_1_reg_726              |  64|  32|    4|          0|
    |select_ln119_reg_720                |  64|  32|    4|          0|
    +------------------------------------+----+----+-----+-----------+
    |Total                               | 304|  64|  184|          0|
    +------------------------------------+----+----+-----+-----------+



================================================================
== Interface
================================================================
* Summary: 
+--------------------+-----+-----+------------+--------------------------------+--------------+
|      RTL Ports     | Dir | Bits|  Protocol  |          Source Object         |    C Type    |
+--------------------+-----+-----+------------+--------------------------------+--------------+
|ap_clk              |   in|    1|  ap_ctrl_hs|  conv2d_l2_Pipeline_L2_FH_L2_FW|  return value|
|ap_rst              |   in|    1|  ap_ctrl_hs|  conv2d_l2_Pipeline_L2_FH_L2_FW|  return value|
|ap_start            |   in|    1|  ap_ctrl_hs|  conv2d_l2_Pipeline_L2_FH_L2_FW|  return value|
|ap_done             |  out|    1|  ap_ctrl_hs|  conv2d_l2_Pipeline_L2_FH_L2_FW|  return value|
|ap_idle             |  out|    1|  ap_ctrl_hs|  conv2d_l2_Pipeline_L2_FH_L2_FW|  return value|
|ap_ready            |  out|    1|  ap_ctrl_hs|  conv2d_l2_Pipeline_L2_FH_L2_FW|  return value|
|zext_ln84           |   in|   10|     ap_none|                       zext_ln84|        scalar|
|output_0_address0   |  out|   10|   ap_memory|                        output_0|         array|
|output_0_ce0        |  out|    1|   ap_memory|                        output_0|         array|
|output_0_we0        |  out|    1|   ap_memory|                        output_0|         array|
|output_0_d0         |  out|    1|   ap_memory|                        output_0|         array|
|output_1_address0   |  out|   10|   ap_memory|                        output_1|         array|
|output_1_ce0        |  out|    1|   ap_memory|                        output_1|         array|
|output_1_we0        |  out|    1|   ap_memory|                        output_1|         array|
|output_1_d0         |  out|    1|   ap_memory|                        output_1|         array|
|output_2_address0   |  out|   10|   ap_memory|                        output_2|         array|
|output_2_ce0        |  out|    1|   ap_memory|                        output_2|         array|
|output_2_we0        |  out|    1|   ap_memory|                        output_2|         array|
|output_2_d0         |  out|    1|   ap_memory|                        output_2|         array|
|output_3_address0   |  out|   10|   ap_memory|                        output_3|         array|
|output_3_ce0        |  out|    1|   ap_memory|                        output_3|         array|
|output_3_we0        |  out|    1|   ap_memory|                        output_3|         array|
|output_3_d0         |  out|    1|   ap_memory|                        output_3|         array|
|output_4_address0   |  out|   10|   ap_memory|                        output_4|         array|
|output_4_ce0        |  out|    1|   ap_memory|                        output_4|         array|
|output_4_we0        |  out|    1|   ap_memory|                        output_4|         array|
|output_4_d0         |  out|    1|   ap_memory|                        output_4|         array|
|output_5_address0   |  out|   10|   ap_memory|                        output_5|         array|
|output_5_ce0        |  out|    1|   ap_memory|                        output_5|         array|
|output_5_we0        |  out|    1|   ap_memory|                        output_5|         array|
|output_5_d0         |  out|    1|   ap_memory|                        output_5|         array|
|output_6_address0   |  out|   10|   ap_memory|                        output_6|         array|
|output_6_ce0        |  out|    1|   ap_memory|                        output_6|         array|
|output_6_we0        |  out|    1|   ap_memory|                        output_6|         array|
|output_6_d0         |  out|    1|   ap_memory|                        output_6|         array|
|output_7_address0   |  out|   10|   ap_memory|                        output_7|         array|
|output_7_ce0        |  out|    1|   ap_memory|                        output_7|         array|
|output_7_we0        |  out|    1|   ap_memory|                        output_7|         array|
|output_7_d0         |  out|    1|   ap_memory|                        output_7|         array|
|output_8_address0   |  out|   10|   ap_memory|                        output_8|         array|
|output_8_ce0        |  out|    1|   ap_memory|                        output_8|         array|
|output_8_we0        |  out|    1|   ap_memory|                        output_8|         array|
|output_8_d0         |  out|    1|   ap_memory|                        output_8|         array|
|output_9_address0   |  out|   10|   ap_memory|                        output_9|         array|
|output_9_ce0        |  out|    1|   ap_memory|                        output_9|         array|
|output_9_we0        |  out|    1|   ap_memory|                        output_9|         array|
|output_9_d0         |  out|    1|   ap_memory|                        output_9|         array|
|output_10_address0  |  out|   10|   ap_memory|                       output_10|         array|
|output_10_ce0       |  out|    1|   ap_memory|                       output_10|         array|
|output_10_we0       |  out|    1|   ap_memory|                       output_10|         array|
|output_10_d0        |  out|    1|   ap_memory|                       output_10|         array|
|output_11_address0  |  out|   10|   ap_memory|                       output_11|         array|
|output_11_ce0       |  out|    1|   ap_memory|                       output_11|         array|
|output_11_we0       |  out|    1|   ap_memory|                       output_11|         array|
|output_11_d0        |  out|    1|   ap_memory|                       output_11|         array|
|output_12_address0  |  out|   10|   ap_memory|                       output_12|         array|
|output_12_ce0       |  out|    1|   ap_memory|                       output_12|         array|
|output_12_we0       |  out|    1|   ap_memory|                       output_12|         array|
|output_12_d0        |  out|    1|   ap_memory|                       output_12|         array|
|output_13_address0  |  out|   10|   ap_memory|                       output_13|         array|
|output_13_ce0       |  out|    1|   ap_memory|                       output_13|         array|
|output_13_we0       |  out|    1|   ap_memory|                       output_13|         array|
|output_13_d0        |  out|    1|   ap_memory|                       output_13|         array|
|buffer_1_address0   |  out|    9|   ap_memory|                        buffer_1|         array|
|buffer_1_ce0        |  out|    1|   ap_memory|                        buffer_1|         array|
|buffer_1_we0        |  out|    1|   ap_memory|                        buffer_1|         array|
|buffer_1_d0         |  out|   32|   ap_memory|                        buffer_1|         array|
|buffer_1_q0         |   in|   32|   ap_memory|                        buffer_1|         array|
|buffer_1_address1   |  out|    9|   ap_memory|                        buffer_1|         array|
|buffer_1_ce1        |  out|    1|   ap_memory|                        buffer_1|         array|
|buffer_1_we1        |  out|    1|   ap_memory|                        buffer_1|         array|
|buffer_1_d1         |  out|   32|   ap_memory|                        buffer_1|         array|
|buffer_1_q1         |   in|   32|   ap_memory|                        buffer_1|         array|
|buffer_0_address0   |  out|    9|   ap_memory|                        buffer_0|         array|
|buffer_0_ce0        |  out|    1|   ap_memory|                        buffer_0|         array|
|buffer_0_we0        |  out|    1|   ap_memory|                        buffer_0|         array|
|buffer_0_d0         |  out|   32|   ap_memory|                        buffer_0|         array|
|buffer_0_q0         |   in|   32|   ap_memory|                        buffer_0|         array|
|buffer_0_address1   |  out|    9|   ap_memory|                        buffer_0|         array|
|buffer_0_ce1        |  out|    1|   ap_memory|                        buffer_0|         array|
|buffer_0_we1        |  out|    1|   ap_memory|                        buffer_0|         array|
|buffer_0_d1         |  out|   32|   ap_memory|                        buffer_0|         array|
|buffer_0_q1         |   in|   32|   ap_memory|                        buffer_0|         array|
|sext_ln94           |   in|   16|     ap_none|                       sext_ln94|        scalar|
|select_ln84         |   in|    4|     ap_none|                     select_ln84|        scalar|
+--------------------+-----+-----+------------+--------------------------------+--------------+

