

================================================================
== Vitis HLS Report for 'conv2d_l2_Pipeline_L2_FH_L2_FW'
================================================================
* Date:           Fri May  1 17:43:51 2026

* Version:        2025.2 (Build 6295257 on Nov 14 2025)
* Project:        hls_component
* Solution:       hls (Vivado IP Flow Target)
* Product family: zynq
* Target device:  xc7z020-clg400-1


================================================================
== Performance Estimates
================================================================
+ Timing: 
    * Summary: 
    +--------+----------+----------+------------+
    |  Clock |  Target  | Estimated| Uncertainty|
    +--------+----------+----------+------------+
    |ap_clk  |  13.00 ns|  9.471 ns|     3.51 ns|
    +--------+----------+----------+------------+

+ Latency: 
    * Summary: 
    +---------+---------+----------+----------+-----+-----+-------------------+
    |  Latency (cycles) |  Latency (absolute) |  Interval |      Pipeline     |
    |   min   |   max   |    min   |    max   | min | max |        Type       |
    +---------+---------+----------+----------+-----+-----+-------------------+
    |       67|       67|  0.871 us|  0.871 us|    0|    0|  loop pipeline stp|
    +---------+---------+----------+----------+-----+-----+-------------------+

    + Detail: 
        * Instance: 
        N/A

        * Loop: 
        +---------------+---------+---------+----------+-----------+-----------+------+----------+
        |               |  Latency (cycles) | Iteration|  Initiation Interval  | Trip |          |
        |   Loop Name   |   min   |   max   |  Latency |  achieved |   target  | Count| Pipelined|
        +---------------+---------+---------+----------+-----------+-----------+------+----------+
        |- L2_FH_L2_FW  |       65|       65|         3|          1|          1|    64|       yes|
        +---------------+---------+---------+----------+-----------+-----------+------+----------+



================================================================
== Utilization Estimates
================================================================
* Summary: 
+-----------------+---------+-----+--------+-------+-----+
|       Name      | BRAM_18K| DSP |   FF   |  LUT  | URAM|
+-----------------+---------+-----+--------+-------+-----+
|DSP              |        -|    -|       -|      -|    -|
|Expression       |        -|    -|       0|    381|    -|
|FIFO             |        -|    -|       -|      -|    -|
|Instance         |        -|    -|       -|      -|    -|
|Memory           |        -|    -|       -|      -|    -|
|Multiplexer      |        -|    -|       0|     72|    -|
|Register         |        -|    -|     134|      -|    -|
+-----------------+---------+-----+--------+-------+-----+
|Total            |        0|    0|     134|    453|    0|
+-----------------+---------+-----+--------+-------+-----+
|Available        |      280|  220|  106400|  53200|    0|
+-----------------+---------+-----+--------+-------+-----+
|Utilization (%)  |        0|    0|      ~0|     ~0|    0|
+-----------------+---------+-----+--------+-------+-----+

+ Detail: 
    * Instance: 
    N/A

    * DSP: 
    N/A

    * Memory: 
    N/A

    * FIFO: 
    N/A

    * Expression: 
    +--------------------------+----------+----+---+----+------------+------------+
    |       Variable Name      | Operation| DSP| FF| LUT| Bitwidth P0| Bitwidth P1|
    +--------------------------+----------+----+---+----+------------+------------+
    |add_ln175_1_fu_408_p2     |         +|   0|  0|  14|           7|           1|
    |add_ln175_fu_420_p2       |         +|   0|  0|  13|           4|           1|
    |add_ln176_fu_520_p2       |         +|   0|  0|  13|           4|           1|
    |add_ln181_fu_478_p2       |         +|   0|  0|  14|           7|           7|
    |add_ln185_1_fu_591_p2     |         +|   0|  0|  10|          10|          10|
    |add_ln185_2_fu_585_p2     |         +|   0|  0|  10|          10|          10|
    |add_ln185_fu_555_p2       |         +|   0|  0|  15|           8|           8|
    |val_fu_651_p2             |         +|   0|  0|  39|          32|          32|
    |icmp_ln175_fu_402_p2      |      icmp|   0|  0|  15|           7|           8|
    |icmp_ln176_fu_426_p2      |      icmp|   0|  0|  13|           4|           5|
    |icmp_ln183_1_fu_610_p2    |      icmp|   0|  0|  39|          32|          32|
    |icmp_ln183_2_fu_641_p2    |      icmp|   0|  0|  39|          32|          32|
    |icmp_ln183_fu_596_p2      |      icmp|   0|  0|  39|          32|          32|
    |mx_fu_645_p3              |    select|   0|  0|  32|           1|          32|
    |select_ln175_1_fu_440_p3  |    select|   0|  0|   4|           1|           4|
    |select_ln175_fu_432_p3    |    select|   0|  0|   4|           1|           1|
    |select_ln183_1_fu_616_p3  |    select|   0|  0|  32|           1|          32|
    |select_ln183_fu_602_p3    |    select|   0|  0|  32|           1|          32|
    |ap_enable_pp0             |       xor|   0|  0|   2|           1|           2|
    |xor_ln61_fu_664_p2        |       xor|   0|  0|   2|           1|           2|
    +--------------------------+----------+----+---+----+------------+------------+
    |Total                     |          |   0|  0| 381|         196|         284|
    +--------------------------+----------+----+---+----+------------+------------+

    * Multiplexer: 
    +---------------------------------------+----+-----------+-----+-----------+
    |                  Name                 | LUT| Input Size| Bits| Total Bits|
    +---------------------------------------+----+-----------+-----+-----------+
    |ap_done_int                            |   9|          2|    1|          2|
    |ap_enable_reg_pp0_iter1                |   9|          2|    1|          2|
    |ap_sig_allocacmp_indvar_flatten6_load  |   9|          2|    7|         14|
    |ap_sig_allocacmp_oh_load               |   9|          2|    4|          8|
    |ap_sig_allocacmp_ow_load               |   9|          2|    4|          8|
    |indvar_flatten6_fu_122                 |   9|          2|    7|         14|
    |oh_fu_118                              |   9|          2|    4|          8|
    |ow_fu_114                              |   9|          2|    4|          8|
    +---------------------------------------+----+-----------+-----+-----------+
    |Total                                  |  72|         16|   32|         64|
    +---------------------------------------+----+-----------+-----+-----------+

    * Register: 
    +----------------------------------+----+----+-----+-----------+
    |               Name               | FF | LUT| Bits| Const Bits|
    +----------------------------------+----+----+-----+-----------+
    |add_ln185_1_reg_753               |  10|   0|   10|          0|
    |ap_CS_fsm                         |   1|   0|    1|          0|
    |ap_done_reg                       |   1|   0|    1|          0|
    |ap_enable_reg_pp0_iter1           |   1|   0|    1|          0|
    |ap_enable_reg_pp0_iter2           |   1|   0|    1|          0|
    |ap_loop_exit_ready_pp0_iter1_reg  |   1|   0|    1|          0|
    |indvar_flatten6_fu_122            |   7|   0|    7|          0|
    |oh_fu_118                         |   4|   0|    4|          0|
    |ow_fu_114                         |   4|   0|    4|          0|
    |select_ln175_1_reg_728            |   4|   0|    4|          0|
    |select_ln175_reg_723              |   4|   0|    4|          0|
    |select_ln183_1_reg_764            |  32|   0|   32|          0|
    |select_ln183_reg_758              |  32|   0|   32|          0|
    |sext_ln150_cast_reg_714           |  32|   0|   32|          0|
    +----------------------------------+----+----+-----+-----------+
    |Total                             | 134|   0|  134|          0|
    +----------------------------------+----+----+-----+-----------+



================================================================
== Interface
================================================================
* Summary: 
+--------------------+-----+-----+------------+--------------------------------+--------------+
|      RTL Ports     | Dir | Bits|  Protocol  |          Source Object         |    C Type    |
+--------------------+-----+-----+------------+--------------------------------+--------------+
|ap_clk              |   in|    1|  ap_ctrl_hs|  conv2d_l2_Pipeline_L2_FH_L2_FW|  return value|
|ap_rst              |   in|    1|  ap_ctrl_hs|  conv2d_l2_Pipeline_L2_FH_L2_FW|  return value|
|ap_start            |   in|    1|  ap_ctrl_hs|  conv2d_l2_Pipeline_L2_FH_L2_FW|  return value|
|ap_done             |  out|    1|  ap_ctrl_hs|  conv2d_l2_Pipeline_L2_FH_L2_FW|  return value|
|ap_idle             |  out|    1|  ap_ctrl_hs|  conv2d_l2_Pipeline_L2_FH_L2_FW|  return value|
|ap_ready            |  out|    1|  ap_ctrl_hs|  conv2d_l2_Pipeline_L2_FH_L2_FW|  return value|
|zext_ln140          |   in|   10|     ap_none|                      zext_ln140|        scalar|
|output_0_address0   |  out|   10|   ap_memory|                        output_0|         array|
|output_0_ce0        |  out|    1|   ap_memory|                        output_0|         array|
|output_0_we0        |  out|    1|   ap_memory|                        output_0|         array|
|output_0_d0         |  out|    1|   ap_memory|                        output_0|         array|
|output_1_address0   |  out|   10|   ap_memory|                        output_1|         array|
|output_1_ce0        |  out|    1|   ap_memory|                        output_1|         array|
|output_1_we0        |  out|    1|   ap_memory|                        output_1|         array|
|output_1_d0         |  out|    1|   ap_memory|                        output_1|         array|
|output_2_address0   |  out|   10|   ap_memory|                        output_2|         array|
|output_2_ce0        |  out|    1|   ap_memory|                        output_2|         array|
|output_2_we0        |  out|    1|   ap_memory|                        output_2|         array|
|output_2_d0         |  out|    1|   ap_memory|                        output_2|         array|
|output_3_address0   |  out|   10|   ap_memory|                        output_3|         array|
|output_3_ce0        |  out|    1|   ap_memory|                        output_3|         array|
|output_3_we0        |  out|    1|   ap_memory|                        output_3|         array|
|output_3_d0         |  out|    1|   ap_memory|                        output_3|         array|
|output_4_address0   |  out|   10|   ap_memory|                        output_4|         array|
|output_4_ce0        |  out|    1|   ap_memory|                        output_4|         array|
|output_4_we0        |  out|    1|   ap_memory|                        output_4|         array|
|output_4_d0         |  out|    1|   ap_memory|                        output_4|         array|
|output_5_address0   |  out|   10|   ap_memory|                        output_5|         array|
|output_5_ce0        |  out|    1|   ap_memory|                        output_5|         array|
|output_5_we0        |  out|    1|   ap_memory|                        output_5|         array|
|output_5_d0         |  out|    1|   ap_memory|                        output_5|         array|
|output_6_address0   |  out|   10|   ap_memory|                        output_6|         array|
|output_6_ce0        |  out|    1|   ap_memory|                        output_6|         array|
|output_6_we0        |  out|    1|   ap_memory|                        output_6|         array|
|output_6_d0         |  out|    1|   ap_memory|                        output_6|         array|
|output_7_address0   |  out|   10|   ap_memory|                        output_7|         array|
|output_7_ce0        |  out|    1|   ap_memory|                        output_7|         array|
|output_7_we0        |  out|    1|   ap_memory|                        output_7|         array|
|output_7_d0         |  out|    1|   ap_memory|                        output_7|         array|
|output_8_address0   |  out|   10|   ap_memory|                        output_8|         array|
|output_8_ce0        |  out|    1|   ap_memory|                        output_8|         array|
|output_8_we0        |  out|    1|   ap_memory|                        output_8|         array|
|output_8_d0         |  out|    1|   ap_memory|                        output_8|         array|
|output_9_address0   |  out|   10|   ap_memory|                        output_9|         array|
|output_9_ce0        |  out|    1|   ap_memory|                        output_9|         array|
|output_9_we0        |  out|    1|   ap_memory|                        output_9|         array|
|output_9_d0         |  out|    1|   ap_memory|                        output_9|         array|
|output_10_address0  |  out|   10|   ap_memory|                       output_10|         array|
|output_10_ce0       |  out|    1|   ap_memory|                       output_10|         array|
|output_10_we0       |  out|    1|   ap_memory|                       output_10|         array|
|output_10_d0        |  out|    1|   ap_memory|                       output_10|         array|
|output_11_address0  |  out|   10|   ap_memory|                       output_11|         array|
|output_11_ce0       |  out|    1|   ap_memory|                       output_11|         array|
|output_11_we0       |  out|    1|   ap_memory|                       output_11|         array|
|output_11_d0        |  out|    1|   ap_memory|                       output_11|         array|
|output_12_address0  |  out|   10|   ap_memory|                       output_12|         array|
|output_12_ce0       |  out|    1|   ap_memory|                       output_12|         array|
|output_12_we0       |  out|    1|   ap_memory|                       output_12|         array|
|output_12_d0        |  out|    1|   ap_memory|                       output_12|         array|
|output_13_address0  |  out|   10|   ap_memory|                       output_13|         array|
|output_13_ce0       |  out|    1|   ap_memory|                       output_13|         array|
|output_13_we0       |  out|    1|   ap_memory|                       output_13|         array|
|output_13_d0        |  out|    1|   ap_memory|                       output_13|         array|
|buffer_1_address0   |  out|    9|   ap_memory|                        buffer_1|         array|
|buffer_1_ce0        |  out|    1|   ap_memory|                        buffer_1|         array|
|buffer_1_we0        |  out|    1|   ap_memory|                        buffer_1|         array|
|buffer_1_d0         |  out|   32|   ap_memory|                        buffer_1|         array|
|buffer_1_q0         |   in|   32|   ap_memory|                        buffer_1|         array|
|buffer_1_address1   |  out|    9|   ap_memory|                        buffer_1|         array|
|buffer_1_ce1        |  out|    1|   ap_memory|                        buffer_1|         array|
|buffer_1_we1        |  out|    1|   ap_memory|                        buffer_1|         array|
|buffer_1_d1         |  out|   32|   ap_memory|                        buffer_1|         array|
|buffer_1_q1         |   in|   32|   ap_memory|                        buffer_1|         array|
|buffer_0_address0   |  out|    9|   ap_memory|                        buffer_0|         array|
|buffer_0_ce0        |  out|    1|   ap_memory|                        buffer_0|         array|
|buffer_0_we0        |  out|    1|   ap_memory|                        buffer_0|         array|
|buffer_0_d0         |  out|   32|   ap_memory|                        buffer_0|         array|
|buffer_0_q0         |   in|   32|   ap_memory|                        buffer_0|         array|
|buffer_0_address1   |  out|    9|   ap_memory|                        buffer_0|         array|
|buffer_0_ce1        |  out|    1|   ap_memory|                        buffer_0|         array|
|buffer_0_we1        |  out|    1|   ap_memory|                        buffer_0|         array|
|buffer_0_d1         |  out|   32|   ap_memory|                        buffer_0|         array|
|buffer_0_q1         |   in|   32|   ap_memory|                        buffer_0|         array|
|sext_ln150          |   in|   16|     ap_none|                      sext_ln150|        scalar|
|select_ln140        |   in|    4|     ap_none|                    select_ln140|        scalar|
+--------------------+-----+-----+------------+--------------------------------+--------------+

