

================================================================
== Vitis HLS Report for 'conv2d_l3_Pipeline_L3_KH_L3_KW'
================================================================
* Date:           Fri May  1 21:41:13 2026

* Version:        2025.2 (Build 6295257 on Nov 14 2025)
* Project:        hls_component
* Solution:       hls (Vivado IP Flow Target)
* Product family: zynq
* Target device:  xc7z020-clg400-1


================================================================
== Performance Estimates
================================================================
+ Timing: 
    * Summary: 
    +--------+----------+----------+------------+
    |  Clock |  Target  | Estimated| Uncertainty|
    +--------+----------+----------+------------+
    |ap_clk  |  10.00 ns|  7.299 ns|     2.70 ns|
    +--------+----------+----------+------------+

+ Latency: 
    * Summary: 
    +---------+---------+----------+----------+-----+-----+-------------------+
    |  Latency (cycles) |  Latency (absolute) |  Interval |      Pipeline     |
    |   min   |   max   |    min   |    max   | min | max |        Type       |
    +---------+---------+----------+----------+-----+-----+-------------------+
    |       14|       14|  0.140 us|  0.140 us|    0|    0|  loop pipeline stp|
    +---------+---------+----------+----------+-----+-----+-------------------+

    + Detail: 
        * Instance: 
        N/A

        * Loop: 
        +---------------+---------+---------+----------+-----------+-----------+------+----------+
        |               |  Latency (cycles) | Iteration|  Initiation Interval  | Trip |          |
        |   Loop Name   |   min   |   max   |  Latency |  achieved |   target  | Count| Pipelined|
        +---------------+---------+---------+----------+-----------+-----------+------+----------+
        |- L3_KH_L3_KW  |       12|       12|         5|          1|          1|     9|       yes|
        +---------------+---------+---------+----------+-----------+-----------+------+----------+



================================================================
== Utilization Estimates
================================================================
* Summary: 
+-----------------+---------+-----+--------+-------+-----+
|       Name      | BRAM_18K| DSP |   FF   |  LUT  | URAM|
+-----------------+---------+-----+--------+-------+-----+
|DSP              |        -|    -|       -|      -|    -|
|Expression       |        -|    -|       0|    245|    -|
|FIFO             |        -|    -|       -|      -|    -|
|Instance         |        -|    -|       0|    218|    -|
|Memory           |        -|    -|       -|      -|    -|
|Multiplexer      |        -|    -|       0|     81|    -|
|Register         |        -|    -|     205|     64|    -|
+-----------------+---------+-----+--------+-------+-----+
|Total            |        0|    0|     205|    608|    0|
+-----------------+---------+-----+--------+-------+-----+
|Available        |      280|  220|  106400|  53200|    0|
+-----------------+---------+-----+--------+-------+-----+
|Utilization (%)  |        0|    0|      ~0|      1|    0|
+-----------------+---------+-----+--------+-------+-----+

+ Detail: 
    * Instance: 
    +---------------------------+----------------------+---------+----+---+----+-----+
    |          Instance         |        Module        | BRAM_18K| DSP| FF| LUT| URAM|
    +---------------------------+----------------------+---------+----+---+----+-----+
    |sparsemux_19_4_1_1_1_U243  |sparsemux_19_4_1_1_1  |        0|   0|  0|  48|    0|
    |sparsemux_19_4_1_1_1_U244  |sparsemux_19_4_1_1_1  |        0|   0|  0|  48|    0|
    |sparsemux_19_4_1_1_1_U245  |sparsemux_19_4_1_1_1  |        0|   0|  0|  48|    0|
    |sparsemux_29_4_1_1_1_U247  |sparsemux_29_4_1_1_1  |        0|   0|  0|  65|    0|
    |sparsemux_7_2_1_1_1_U246   |sparsemux_7_2_1_1_1   |        0|   0|  0|   9|    0|
    +---------------------------+----------------------+---------+----+---+----+-----+
    |Total                      |                      |        0|   0|  0| 218|    0|
    +---------------------------+----------------------+---------+----+---+----+-----+

    * DSP: 
    N/A

    * Memory: 
    N/A

    * FIFO: 
    N/A

    * Expression: 
    +--------------------------+----------+----+---+----+------------+------------+
    |       Variable Name      | Operation| DSP| FF| LUT| Bitwidth P0| Bitwidth P1|
    +--------------------------+----------+----+---+----+------------+------------+
    |add_ln158_1_fu_630_p2     |         +|   0|  0|  13|           4|           1|
    |add_ln158_fu_642_p2       |         +|   0|  0|  10|           2|           1|
    |add_ln159_fu_670_p2       |         +|   0|  0|  10|           2|           1|
    |add_ln161_1_fu_703_p2     |         +|   0|  0|  13|           5|           5|
    |add_ln161_2_fu_736_p2     |         +|   0|  0|  10|           2|           2|
    |add_ln161_3_fu_745_p2     |         +|   0|  0|  13|           5|           5|
    |add_ln161_fu_694_p2       |         +|   0|  0|  10|           2|           2|
    |add_ln163_1_fu_903_p2     |         +|   0|  0|  10|          10|          10|
    |add_ln163_2_fu_909_p2     |         +|   0|  0|  10|          10|          10|
    |add_ln163_fu_754_p2       |         +|   0|  0|  13|          10|          10|
    |add_ln164_fu_782_p2       |         +|   0|  0|   7|           4|           4|
    |loc_5_fu_1026_p2          |         +|   0|  0|  39|          32|          32|
    |sub_ln164_fu_727_p2       |         -|   0|  0|   7|           4|           4|
    |icmp_ln158_fu_624_p2      |      icmp|   0|  0|  13|           4|           4|
    |icmp_ln159_fu_648_p2      |      icmp|   0|  0|  10|           2|           2|
    |icmp_ln162_fu_776_p2      |      icmp|   0|  0|  10|           2|           1|
    |or_ln162_fu_760_p2        |        or|   0|  0|   5|           5|           5|
    |loc_3_fu_1032_p3          |    select|   0|  0|  32|           1|          32|
    |select_ln155_1_fu_654_p3  |    select|   0|  0|   2|           1|           1|
    |select_ln158_fu_662_p3    |    select|   0|  0|   2|           1|           2|
    |select_ln165_fu_1018_p3   |    select|   0|  0|   2|           1|           2|
    |ap_enable_pp0             |       xor|   0|  0|   2|           1|           2|
    |xor_ln165_fu_1014_p2      |       xor|   0|  0|   2|           1|           1|
    +--------------------------+----------+----+---+----+------------+------------+
    |Total                     |          |   0|  0| 245|         111|         139|
    +--------------------------+----------+----+---+----+------------+------------+

    * Multiplexer: 
    +--------------------------------------+----+-----------+-----+-----------+
    |                 Name                 | LUT| Input Size| Bits| Total Bits|
    +--------------------------------------+----+-----------+-----+-----------+
    |ap_done_int                           |   9|          2|    1|          2|
    |ap_enable_reg_pp0_iter1               |   9|          2|    1|          2|
    |ap_sig_allocacmp_indvar_flatten_load  |   9|          2|    4|          8|
    |ap_sig_allocacmp_kh_load              |   9|          2|    2|          4|
    |ap_sig_allocacmp_kw_load              |   9|          2|    2|          4|
    |indvar_flatten_fu_202                 |   9|          2|    4|          8|
    |kh_fu_198                             |   9|          2|    2|          4|
    |kw_fu_194                             |   9|          2|    2|          4|
    |loc_fu_190                            |   9|          2|   32|         64|
    +--------------------------------------+----+-----------+-----+-----------+
    |Total                                 |  81|         18|   50|        100|
    +--------------------------------------+----+-----------+-----+-----------+

    * Register: 
    +----------------------------------+----+----+-----+-----------+
    |               Name               | FF | LUT| Bits| Const Bits|
    +----------------------------------+----+----+-----+-----------+
    |a_reg_1355                        |   1|   0|    1|          0|
    |add_ln163_reg_1254                |  10|   0|   10|          0|
    |ap_CS_fsm                         |   1|   0|    1|          0|
    |ap_done_reg                       |   1|   0|    1|          0|
    |ap_enable_reg_pp0_iter1           |   1|   0|    1|          0|
    |ap_enable_reg_pp0_iter2           |   1|   0|    1|          0|
    |ap_enable_reg_pp0_iter3           |   1|   0|    1|          0|
    |ap_enable_reg_pp0_iter4           |   1|   0|    1|          0|
    |ap_loop_exit_ready_pp0_iter1_reg  |   1|   0|    1|          0|
    |ap_loop_exit_ready_pp0_iter2_reg  |   1|   0|    1|          0|
    |ap_loop_exit_ready_pp0_iter3_reg  |   1|   0|    1|          0|
    |icmp_ln158_reg_1237               |   1|   0|    1|          0|
    |icmp_ln162_reg_1260               |   1|   0|    1|          0|
    |indvar_flatten_fu_202             |   4|   0|    4|          0|
    |kh_fu_198                         |   2|   0|    2|          0|
    |kw_fu_194                         |   2|   0|    2|          0|
    |loc_fu_190                        |  32|   0|   32|          0|
    |select_ln155_1_reg_1241           |   2|   0|    2|          0|
    |select_ln158_reg_1247             |   2|   0|    2|          0|
    |tmp_5_reg_1275                    |   1|   0|    1|          0|
    |tmp_reg_1265                      |   1|   0|    1|          0|
    |tmp_s_reg_1270                    |   1|   0|    1|          0|
    |w_reg_1350                        |   1|   0|    1|          0|
    |w_reg_1350_pp0_iter3_reg          |   1|   0|    1|          0|
    |zext_ln153_cast_reg_1232          |   3|   0|    5|          2|
    |zext_ln154_cast_reg_1227          |   3|   0|    5|          2|
    |icmp_ln158_reg_1237               |  64|  32|    1|          0|
    |icmp_ln162_reg_1260               |  64|  32|    1|          0|
    +----------------------------------+----+----+-----+-----------+
    |Total                             | 205|  64|   83|          4|
    +----------------------------------+----+----+-----+-----------+



================================================================
== Interface
================================================================
* Summary: 
+-------------------+-----+-----+------------+--------------------------------+--------------+
|     RTL Ports     | Dir | Bits|  Protocol  |          Source Object         |    C Type    |
+-------------------+-----+-----+------------+--------------------------------+--------------+
|ap_clk             |   in|    1|  ap_ctrl_hs|  conv2d_l3_Pipeline_L3_KH_L3_KW|  return value|
|ap_rst             |   in|    1|  ap_ctrl_hs|  conv2d_l3_Pipeline_L3_KH_L3_KW|  return value|
|ap_start           |   in|    1|  ap_ctrl_hs|  conv2d_l3_Pipeline_L3_KH_L3_KW|  return value|
|ap_done            |  out|    1|  ap_ctrl_hs|  conv2d_l3_Pipeline_L3_KH_L3_KW|  return value|
|ap_idle            |  out|    1|  ap_ctrl_hs|  conv2d_l3_Pipeline_L3_KH_L3_KW|  return value|
|ap_ready           |  out|    1|  ap_ctrl_hs|  conv2d_l3_Pipeline_L3_KH_L3_KW|  return value|
|loc_6              |   in|   32|     ap_none|                           loc_6|        scalar|
|zext_ln153         |   in|    3|     ap_none|                      zext_ln153|        scalar|
|zext_ln154         |   in|    3|     ap_none|                      zext_ln154|        scalar|
|udiv_ln3           |   in|   10|     ap_none|                        udiv_ln3|        scalar|
|input_0_address0   |  out|   10|   ap_memory|                         input_0|         array|
|input_0_ce0        |  out|    1|   ap_memory|                         input_0|         array|
|input_0_q0         |   in|    1|   ap_memory|                         input_0|         array|
|input_1_address0   |  out|   10|   ap_memory|                         input_1|         array|
|input_1_ce0        |  out|    1|   ap_memory|                         input_1|         array|
|input_1_q0         |   in|    1|   ap_memory|                         input_1|         array|
|input_2_address0   |  out|   10|   ap_memory|                         input_2|         array|
|input_2_ce0        |  out|    1|   ap_memory|                         input_2|         array|
|input_2_q0         |   in|    1|   ap_memory|                         input_2|         array|
|input_3_address0   |  out|   10|   ap_memory|                         input_3|         array|
|input_3_ce0        |  out|    1|   ap_memory|                         input_3|         array|
|input_3_q0         |   in|    1|   ap_memory|                         input_3|         array|
|input_4_address0   |  out|   10|   ap_memory|                         input_4|         array|
|input_4_ce0        |  out|    1|   ap_memory|                         input_4|         array|
|input_4_q0         |   in|    1|   ap_memory|                         input_4|         array|
|input_5_address0   |  out|   10|   ap_memory|                         input_5|         array|
|input_5_ce0        |  out|    1|   ap_memory|                         input_5|         array|
|input_5_q0         |   in|    1|   ap_memory|                         input_5|         array|
|input_6_address0   |  out|   10|   ap_memory|                         input_6|         array|
|input_6_ce0        |  out|    1|   ap_memory|                         input_6|         array|
|input_6_q0         |   in|    1|   ap_memory|                         input_6|         array|
|input_7_address0   |  out|   10|   ap_memory|                         input_7|         array|
|input_7_ce0        |  out|    1|   ap_memory|                         input_7|         array|
|input_7_q0         |   in|    1|   ap_memory|                         input_7|         array|
|input_8_address0   |  out|   10|   ap_memory|                         input_8|         array|
|input_8_ce0        |  out|    1|   ap_memory|                         input_8|         array|
|input_8_q0         |   in|    1|   ap_memory|                         input_8|         array|
|input_9_address0   |  out|   10|   ap_memory|                         input_9|         array|
|input_9_ce0        |  out|    1|   ap_memory|                         input_9|         array|
|input_9_q0         |   in|    1|   ap_memory|                         input_9|         array|
|input_10_address0  |  out|   10|   ap_memory|                        input_10|         array|
|input_10_ce0       |  out|    1|   ap_memory|                        input_10|         array|
|input_10_q0        |   in|    1|   ap_memory|                        input_10|         array|
|input_11_address0  |  out|   10|   ap_memory|                        input_11|         array|
|input_11_ce0       |  out|    1|   ap_memory|                        input_11|         array|
|input_11_q0        |   in|    1|   ap_memory|                        input_11|         array|
|input_12_address0  |  out|   10|   ap_memory|                        input_12|         array|
|input_12_ce0       |  out|    1|   ap_memory|                        input_12|         array|
|input_12_q0        |   in|    1|   ap_memory|                        input_12|         array|
|input_13_address0  |  out|   10|   ap_memory|                        input_13|         array|
|input_13_ce0       |  out|    1|   ap_memory|                        input_13|         array|
|input_13_q0        |   in|    1|   ap_memory|                        input_13|         array|
|select_ln155       |   in|    4|     ap_none|                    select_ln155|        scalar|
|kern_0_0_val       |   in|    1|     ap_none|                    kern_0_0_val|        scalar|
|kern_0_1_val       |   in|    1|     ap_none|                    kern_0_1_val|        scalar|
|kern_0_2_val       |   in|    1|     ap_none|                    kern_0_2_val|        scalar|
|kern_0_3_val       |   in|    1|     ap_none|                    kern_0_3_val|        scalar|
|kern_0_4_val       |   in|    1|     ap_none|                    kern_0_4_val|        scalar|
|kern_0_5_val       |   in|    1|     ap_none|                    kern_0_5_val|        scalar|
|kern_0_6_val       |   in|    1|     ap_none|                    kern_0_6_val|        scalar|
|kern_0_7_val       |   in|    1|     ap_none|                    kern_0_7_val|        scalar|
|kern_0_8_val       |   in|    1|     ap_none|                    kern_0_8_val|        scalar|
|kern_1_0_val       |   in|    1|     ap_none|                    kern_1_0_val|        scalar|
|kern_1_1_val       |   in|    1|     ap_none|                    kern_1_1_val|        scalar|
|kern_1_2_val       |   in|    1|     ap_none|                    kern_1_2_val|        scalar|
|kern_1_3_val       |   in|    1|     ap_none|                    kern_1_3_val|        scalar|
|kern_1_4_val       |   in|    1|     ap_none|                    kern_1_4_val|        scalar|
|kern_1_5_val       |   in|    1|     ap_none|                    kern_1_5_val|        scalar|
|kern_1_6_val       |   in|    1|     ap_none|                    kern_1_6_val|        scalar|
|kern_1_7_val       |   in|    1|     ap_none|                    kern_1_7_val|        scalar|
|kern_1_8_val       |   in|    1|     ap_none|                    kern_1_8_val|        scalar|
|kern_2_0_val       |   in|    1|     ap_none|                    kern_2_0_val|        scalar|
|kern_2_1_val       |   in|    1|     ap_none|                    kern_2_1_val|        scalar|
|kern_2_2_val       |   in|    1|     ap_none|                    kern_2_2_val|        scalar|
|kern_2_3_val       |   in|    1|     ap_none|                    kern_2_3_val|        scalar|
|kern_2_4_val       |   in|    1|     ap_none|                    kern_2_4_val|        scalar|
|kern_2_5_val       |   in|    1|     ap_none|                    kern_2_5_val|        scalar|
|kern_2_6_val       |   in|    1|     ap_none|                    kern_2_6_val|        scalar|
|kern_2_7_val       |   in|    1|     ap_none|                    kern_2_7_val|        scalar|
|kern_2_8_val       |   in|    1|     ap_none|                    kern_2_8_val|        scalar|
|k                  |   in|    2|     ap_none|                               k|        scalar|
|loc_7_out          |  out|   32|      ap_vld|                       loc_7_out|       pointer|
|loc_7_out_ap_vld   |  out|    1|      ap_vld|                       loc_7_out|       pointer|
+-------------------+-----+-----+------------+--------------------------------+--------------+

