

================================================================
== Vitis HLS Report for 'conv2d_l4_Pipeline_L4_KH_L4_KW'
================================================================
* Date:           Fri May  1 21:41:13 2026

* Version:        2025.2 (Build 6295257 on Nov 14 2025)
* Project:        hls_component
* Solution:       hls (Vivado IP Flow Target)
* Product family: zynq
* Target device:  xc7z020-clg400-1


================================================================
== Performance Estimates
================================================================
+ Timing: 
    * Summary: 
    +--------+----------+----------+------------+
    |  Clock |  Target  | Estimated| Uncertainty|
    +--------+----------+----------+------------+
    |ap_clk  |  10.00 ns|  7.299 ns|     2.70 ns|
    +--------+----------+----------+------------+

+ Latency: 
    * Summary: 
    +---------+---------+----------+----------+-----+-----+-------------------+
    |  Latency (cycles) |  Latency (absolute) |  Interval |      Pipeline     |
    |   min   |   max   |    min   |    max   | min | max |        Type       |
    +---------+---------+----------+----------+-----+-----+-------------------+
    |       16|       16|  0.160 us|  0.160 us|    0|    0|  loop pipeline stp|
    +---------+---------+----------+----------+-----+-----+-------------------+

    + Detail: 
        * Instance: 
        N/A

        * Loop: 
        +---------------+---------+---------+----------+-----------+-----------+------+----------+
        |               |  Latency (cycles) | Iteration|  Initiation Interval  | Trip |          |
        |   Loop Name   |   min   |   max   |  Latency |  achieved |   target  | Count| Pipelined|
        +---------------+---------+---------+----------+-----------+-----------+------+----------+
        |- L4_KH_L4_KW  |       14|       14|         7|          1|          1|     9|       yes|
        +---------------+---------+---------+----------+-----------+-----------+------+----------+



================================================================
== Utilization Estimates
================================================================
* Summary: 
+-----------------+---------+-----+--------+-------+-----+
|       Name      | BRAM_18K| DSP |   FF   |  LUT  | URAM|
+-----------------+---------+-----+--------+-------+-----+
|DSP              |        -|    1|       -|      -|    -|
|Expression       |        -|    -|       0|    226|    -|
|FIFO             |        -|    -|       -|      -|    -|
|Instance         |        -|    -|       0|    218|    -|
|Memory           |        -|    -|       -|      -|    -|
|Multiplexer      |        -|    -|       0|     81|    -|
|Register         |        -|    -|     260|     96|    -|
+-----------------+---------+-----+--------+-------+-----+
|Total            |        0|    1|     260|    621|    0|
+-----------------+---------+-----+--------+-------+-----+
|Available        |      280|  220|  106400|  53200|    0|
+-----------------+---------+-----+--------+-------+-----+
|Utilization (%)  |        0|   ~0|      ~0|      1|    0|
+-----------------+---------+-----+--------+-------+-----+

+ Detail: 
    * Instance: 
    +---------------------------+----------------------+---------+----+---+----+-----+
    |          Instance         |        Module        | BRAM_18K| DSP| FF| LUT| URAM|
    +---------------------------+----------------------+---------+----+---+----+-----+
    |sparsemux_19_4_1_1_1_U98   |sparsemux_19_4_1_1_1  |        0|   0|  0|  48|    0|
    |sparsemux_19_4_1_1_1_U99   |sparsemux_19_4_1_1_1  |        0|   0|  0|  48|    0|
    |sparsemux_19_4_1_1_1_U100  |sparsemux_19_4_1_1_1  |        0|   0|  0|  48|    0|
    |sparsemux_29_4_1_1_1_U102  |sparsemux_29_4_1_1_1  |        0|   0|  0|  65|    0|
    |sparsemux_7_2_1_1_1_U101   |sparsemux_7_2_1_1_1   |        0|   0|  0|   9|    0|
    +---------------------------+----------------------+---------+----+---+----+-----+
    |Total                      |                      |        0|   0|  0| 218|    0|
    +---------------------------+----------------------+---------+----+---+----+-----+

    * DSP: 
    +---------------------------------+----------------------------+--------------+
    |             Instance            |           Module           |  Expression  |
    +---------------------------------+----------------------------+--------------+
    |mac_muladd_8s_5ns_9s_9_4_1_U103  |mac_muladd_8s_5ns_9s_9_4_1  |  i0 * i1 + i2|
    +---------------------------------+----------------------------+--------------+

    * Memory: 
    N/A

    * FIFO: 
    N/A

    * Expression: 
    +--------------------------+----------+----+---+----+------------+------------+
    |       Variable Name      | Operation| DSP| FF| LUT| Bitwidth P0| Bitwidth P1|
    +--------------------------+----------+----+---+----+------------+------------+
    |add_ln214_1_fu_624_p2     |         +|   0|  0|  13|           4|           1|
    |add_ln214_fu_636_p2       |         +|   0|  0|  10|           2|           1|
    |add_ln215_fu_664_p2       |         +|   0|  0|  10|           2|           1|
    |add_ln217_1_fu_697_p2     |         +|   0|  0|  13|           4|           4|
    |add_ln217_2_fu_730_p2     |         +|   0|  0|  10|           2|           2|
    |add_ln217_3_fu_739_p2     |         +|   0|  0|  13|           4|           4|
    |add_ln217_fu_688_p2       |         +|   0|  0|  10|           2|           2|
    |add_ln219_fu_748_p2       |         +|   0|  0|  15|           8|           8|
    |add_ln220_fu_780_p2       |         +|   0|  0|   7|           4|           4|
    |loc_3_fu_1002_p2          |         +|   0|  0|  39|          32|          32|
    |sub_ln220_fu_721_p2       |         -|   0|  0|   7|           4|           4|
    |icmp_ln214_fu_618_p2      |      icmp|   0|  0|  13|           4|           4|
    |icmp_ln215_fu_642_p2      |      icmp|   0|  0|  10|           2|           2|
    |icmp_ln218_fu_774_p2      |      icmp|   0|  0|  10|           2|           1|
    |or_ln218_fu_758_p2        |        or|   0|  0|   4|           4|           4|
    |loc_2_fu_1008_p3          |    select|   0|  0|  32|           1|          32|
    |select_ln211_1_fu_648_p3  |    select|   0|  0|   2|           1|           1|
    |select_ln214_fu_656_p3    |    select|   0|  0|   2|           1|           2|
    |select_ln221_fu_994_p3    |    select|   0|  0|   2|           1|           2|
    |ap_enable_pp0             |       xor|   0|  0|   2|           1|           2|
    |xor_ln221_fu_990_p2       |       xor|   0|  0|   2|           1|           1|
    +--------------------------+----------+----+---+----+------------+------------+
    |Total                     |          |   0|  0| 226|          86|         114|
    +--------------------------+----------+----+---+----+------------+------------+

    * Multiplexer: 
    +--------------------------------------+----+-----------+-----+-----------+
    |                 Name                 | LUT| Input Size| Bits| Total Bits|
    +--------------------------------------+----+-----------+-----+-----------+
    |ap_done_int                           |   9|          2|    1|          2|
    |ap_enable_reg_pp0_iter1               |   9|          2|    1|          2|
    |ap_sig_allocacmp_indvar_flatten_load  |   9|          2|    4|          8|
    |ap_sig_allocacmp_kh_load              |   9|          2|    2|          4|
    |ap_sig_allocacmp_kw_load              |   9|          2|    2|          4|
    |indvar_flatten_fu_196                 |   9|          2|    4|          8|
    |kh_fu_192                             |   9|          2|    2|          4|
    |kw_fu_188                             |   9|          2|    2|          4|
    |loc_fu_184                            |   9|          2|   32|         64|
    +--------------------------------------+----+-----------+-----+-----------+
    |Total                                 |  81|         18|   50|        100|
    +--------------------------------------+----+-----------+-----+-----------+

    * Register: 
    +----------------------------------+----+----+-----+-----------+
    |               Name               | FF | LUT| Bits| Const Bits|
    +----------------------------------+----+----+-----+-----------+
    |a_reg_1338                        |   1|   0|    1|          0|
    |ap_CS_fsm                         |   1|   0|    1|          0|
    |ap_done_reg                       |   1|   0|    1|          0|
    |ap_enable_reg_pp0_iter1           |   1|   0|    1|          0|
    |ap_enable_reg_pp0_iter2           |   1|   0|    1|          0|
    |ap_enable_reg_pp0_iter3           |   1|   0|    1|          0|
    |ap_enable_reg_pp0_iter4           |   1|   0|    1|          0|
    |ap_enable_reg_pp0_iter5           |   1|   0|    1|          0|
    |ap_enable_reg_pp0_iter6           |   1|   0|    1|          0|
    |ap_loop_exit_ready_pp0_iter1_reg  |   1|   0|    1|          0|
    |ap_loop_exit_ready_pp0_iter2_reg  |   1|   0|    1|          0|
    |ap_loop_exit_ready_pp0_iter3_reg  |   1|   0|    1|          0|
    |ap_loop_exit_ready_pp0_iter4_reg  |   1|   0|    1|          0|
    |ap_loop_exit_ready_pp0_iter5_reg  |   1|   0|    1|          0|
    |icmp_ln214_reg_1221               |   1|   0|    1|          0|
    |icmp_ln218_reg_1243               |   1|   0|    1|          0|
    |indvar_flatten_fu_196             |   4|   0|    4|          0|
    |kh_fu_192                         |   2|   0|    2|          0|
    |kw_fu_188                         |   2|   0|    2|          0|
    |loc_fu_184                        |  32|   0|   32|          0|
    |select_ln211_1_reg_1225           |   2|   0|    2|          0|
    |select_ln214_reg_1231             |   2|   0|    2|          0|
    |tmp_4_reg_1258                    |   1|   0|    1|          0|
    |tmp_reg_1248                      |   1|   0|    1|          0|
    |tmp_s_reg_1253                    |   1|   0|    1|          0|
    |w_reg_1263                        |   1|   0|    1|          0|
    |zext_ln209_cast_reg_1216          |   2|   0|    4|          2|
    |zext_ln210_cast_reg_1211          |   2|   0|    4|          2|
    |icmp_ln214_reg_1221               |  64|  32|    1|          0|
    |icmp_ln218_reg_1243               |  64|  32|    1|          0|
    |w_reg_1263                        |  64|  32|    1|          0|
    +----------------------------------+----+----+-----+-----------+
    |Total                             | 260|  96|   75|          4|
    +----------------------------------+----+----+-----+-----------+



================================================================
== Interface
================================================================
* Summary: 
+-------------------+-----+-----+------------+--------------------------------+--------------+
|     RTL Ports     | Dir | Bits|  Protocol  |          Source Object         |    C Type    |
+-------------------+-----+-----+------------+--------------------------------+--------------+
|ap_clk             |   in|    1|  ap_ctrl_hs|  conv2d_l4_Pipeline_L4_KH_L4_KW|  return value|
|ap_rst             |   in|    1|  ap_ctrl_hs|  conv2d_l4_Pipeline_L4_KH_L4_KW|  return value|
|ap_start           |   in|    1|  ap_ctrl_hs|  conv2d_l4_Pipeline_L4_KH_L4_KW|  return value|
|ap_done            |  out|    1|  ap_ctrl_hs|  conv2d_l4_Pipeline_L4_KH_L4_KW|  return value|
|ap_idle            |  out|    1|  ap_ctrl_hs|  conv2d_l4_Pipeline_L4_KH_L4_KW|  return value|
|ap_ready           |  out|    1|  ap_ctrl_hs|  conv2d_l4_Pipeline_L4_KH_L4_KW|  return value|
|loc_1              |   in|   32|     ap_none|                           loc_1|        scalar|
|zext_ln209         |   in|    2|     ap_none|                      zext_ln209|        scalar|
|zext_ln210         |   in|    2|     ap_none|                      zext_ln210|        scalar|
|udiv_ln2           |   in|    9|     ap_none|                        udiv_ln2|        scalar|
|input_0_address0   |  out|    9|   ap_memory|                         input_0|         array|
|input_0_ce0        |  out|    1|   ap_memory|                         input_0|         array|
|input_0_q0         |   in|    1|   ap_memory|                         input_0|         array|
|input_1_address0   |  out|    9|   ap_memory|                         input_1|         array|
|input_1_ce0        |  out|    1|   ap_memory|                         input_1|         array|
|input_1_q0         |   in|    1|   ap_memory|                         input_1|         array|
|input_2_address0   |  out|    9|   ap_memory|                         input_2|         array|
|input_2_ce0        |  out|    1|   ap_memory|                         input_2|         array|
|input_2_q0         |   in|    1|   ap_memory|                         input_2|         array|
|input_3_address0   |  out|    9|   ap_memory|                         input_3|         array|
|input_3_ce0        |  out|    1|   ap_memory|                         input_3|         array|
|input_3_q0         |   in|    1|   ap_memory|                         input_3|         array|
|input_4_address0   |  out|    9|   ap_memory|                         input_4|         array|
|input_4_ce0        |  out|    1|   ap_memory|                         input_4|         array|
|input_4_q0         |   in|    1|   ap_memory|                         input_4|         array|
|input_5_address0   |  out|    9|   ap_memory|                         input_5|         array|
|input_5_ce0        |  out|    1|   ap_memory|                         input_5|         array|
|input_5_q0         |   in|    1|   ap_memory|                         input_5|         array|
|input_6_address0   |  out|    9|   ap_memory|                         input_6|         array|
|input_6_ce0        |  out|    1|   ap_memory|                         input_6|         array|
|input_6_q0         |   in|    1|   ap_memory|                         input_6|         array|
|input_7_address0   |  out|    9|   ap_memory|                         input_7|         array|
|input_7_ce0        |  out|    1|   ap_memory|                         input_7|         array|
|input_7_q0         |   in|    1|   ap_memory|                         input_7|         array|
|input_8_address0   |  out|    9|   ap_memory|                         input_8|         array|
|input_8_ce0        |  out|    1|   ap_memory|                         input_8|         array|
|input_8_q0         |   in|    1|   ap_memory|                         input_8|         array|
|input_9_address0   |  out|    9|   ap_memory|                         input_9|         array|
|input_9_ce0        |  out|    1|   ap_memory|                         input_9|         array|
|input_9_q0         |   in|    1|   ap_memory|                         input_9|         array|
|input_10_address0  |  out|    9|   ap_memory|                        input_10|         array|
|input_10_ce0       |  out|    1|   ap_memory|                        input_10|         array|
|input_10_q0        |   in|    1|   ap_memory|                        input_10|         array|
|input_11_address0  |  out|    9|   ap_memory|                        input_11|         array|
|input_11_ce0       |  out|    1|   ap_memory|                        input_11|         array|
|input_11_q0        |   in|    1|   ap_memory|                        input_11|         array|
|input_12_address0  |  out|    9|   ap_memory|                        input_12|         array|
|input_12_ce0       |  out|    1|   ap_memory|                        input_12|         array|
|input_12_q0        |   in|    1|   ap_memory|                        input_12|         array|
|input_13_address0  |  out|    9|   ap_memory|                        input_13|         array|
|input_13_ce0       |  out|    1|   ap_memory|                        input_13|         array|
|input_13_q0        |   in|    1|   ap_memory|                        input_13|         array|
|select_ln211       |   in|    4|     ap_none|                    select_ln211|        scalar|
|kern_0_0_val       |   in|    1|     ap_none|                    kern_0_0_val|        scalar|
|kern_0_1_val       |   in|    1|     ap_none|                    kern_0_1_val|        scalar|
|kern_0_2_val       |   in|    1|     ap_none|                    kern_0_2_val|        scalar|
|kern_0_3_val       |   in|    1|     ap_none|                    kern_0_3_val|        scalar|
|kern_0_4_val       |   in|    1|     ap_none|                    kern_0_4_val|        scalar|
|kern_0_5_val       |   in|    1|     ap_none|                    kern_0_5_val|        scalar|
|kern_0_6_val       |   in|    1|     ap_none|                    kern_0_6_val|        scalar|
|kern_0_7_val       |   in|    1|     ap_none|                    kern_0_7_val|        scalar|
|kern_0_8_val       |   in|    1|     ap_none|                    kern_0_8_val|        scalar|
|kern_1_0_val       |   in|    1|     ap_none|                    kern_1_0_val|        scalar|
|kern_1_1_val       |   in|    1|     ap_none|                    kern_1_1_val|        scalar|
|kern_1_2_val       |   in|    1|     ap_none|                    kern_1_2_val|        scalar|
|kern_1_3_val       |   in|    1|     ap_none|                    kern_1_3_val|        scalar|
|kern_1_4_val       |   in|    1|     ap_none|                    kern_1_4_val|        scalar|
|kern_1_5_val       |   in|    1|     ap_none|                    kern_1_5_val|        scalar|
|kern_1_6_val       |   in|    1|     ap_none|                    kern_1_6_val|        scalar|
|kern_1_7_val       |   in|    1|     ap_none|                    kern_1_7_val|        scalar|
|kern_1_8_val       |   in|    1|     ap_none|                    kern_1_8_val|        scalar|
|kern_2_0_val       |   in|    1|     ap_none|                    kern_2_0_val|        scalar|
|kern_2_1_val       |   in|    1|     ap_none|                    kern_2_1_val|        scalar|
|kern_2_2_val       |   in|    1|     ap_none|                    kern_2_2_val|        scalar|
|kern_2_3_val       |   in|    1|     ap_none|                    kern_2_3_val|        scalar|
|kern_2_4_val       |   in|    1|     ap_none|                    kern_2_4_val|        scalar|
|kern_2_5_val       |   in|    1|     ap_none|                    kern_2_5_val|        scalar|
|kern_2_6_val       |   in|    1|     ap_none|                    kern_2_6_val|        scalar|
|kern_2_7_val       |   in|    1|     ap_none|                    kern_2_7_val|        scalar|
|kern_2_8_val       |   in|    1|     ap_none|                    kern_2_8_val|        scalar|
|k                  |   in|    2|     ap_none|                               k|        scalar|
|loc_3_out          |  out|   32|      ap_vld|                       loc_3_out|       pointer|
|loc_3_out_ap_vld   |  out|    1|      ap_vld|                       loc_3_out|       pointer|
+-------------------+-----+-----+------------+--------------------------------+--------------+

