

================================================================
== Vitis HLS Report for 'kernel_Pipeline_OUT_STREAM'
================================================================
* Date:           Fri May  1 17:43:51 2026

* Version:        2025.2 (Build 6295257 on Nov 14 2025)
* Project:        hls_component
* Solution:       hls (Vivado IP Flow Target)
* Product family: zynq
* Target device:  xc7z020-clg400-1


================================================================
== Performance Estimates
================================================================
+ Timing: 
    * Summary: 
    +--------+----------+----------+------------+
    |  Clock |  Target  | Estimated| Uncertainty|
    +--------+----------+----------+------------+
    |ap_clk  |  13.00 ns|  5.058 ns|     3.51 ns|
    +--------+----------+----------+------------+

+ Latency: 
    * Summary: 
    +---------+---------+-----------+-----------+-----+-----+-------------------+
    |  Latency (cycles) |   Latency (absolute)  |  Interval |      Pipeline     |
    |   min   |   max   |    min    |    max    | min | max |        Type       |
    +---------+---------+-----------+-----------+-----+-----+-------------------+
    |        7|        7|  91.000 ns|  91.000 ns|    0|    0|  loop pipeline stp|
    +---------+---------+-----------+-----------+-----+-----+-------------------+

    + Detail: 
        * Instance: 
        N/A

        * Loop: 
        +--------------+---------+---------+----------+-----------+-----------+------+----------+
        |              |  Latency (cycles) | Iteration|  Initiation Interval  | Trip |          |
        |   Loop Name  |   min   |   max   |  Latency |  achieved |   target  | Count| Pipelined|
        +--------------+---------+---------+----------+-----------+-----------+------+----------+
        |- OUT_STREAM  |        5|        5|         2|          1|          1|     5|       yes|
        +--------------+---------+---------+----------+-----------+-----------+------+----------+



================================================================
== Utilization Estimates
================================================================
* Summary: 
+-----------------+---------+-----+--------+-------+-----+
|       Name      | BRAM_18K| DSP |   FF   |  LUT  | URAM|
+-----------------+---------+-----+--------+-------+-----+
|DSP              |        -|    -|       -|      -|    -|
|Expression       |        -|    -|       0|     43|    -|
|FIFO             |        -|    -|       -|      -|    -|
|Instance         |        -|    -|       -|      -|    -|
|Memory           |        -|    -|       -|      -|    -|
|Multiplexer      |        -|    -|       0|     45|    -|
|Register         |        -|    -|       8|      -|    -|
+-----------------+---------+-----+--------+-------+-----+
|Total            |        0|    0|       8|     88|    0|
+-----------------+---------+-----+--------+-------+-----+
|Available        |      280|  220|  106400|  53200|    0|
+-----------------+---------+-----+--------+-------+-----+
|Utilization (%)  |        0|    0|      ~0|     ~0|    0|
+-----------------+---------+-----+--------+-------+-----+

+ Detail: 
    * Instance: 
    N/A

    * DSP: 
    N/A

    * Memory: 
    N/A

    * FIFO: 
    N/A

    * Expression: 
    +---------------------------+----------+----+---+----+------------+------------+
    |       Variable Name       | Operation| DSP| FF| LUT| Bitwidth P0| Bitwidth P1|
    +---------------------------+----------+----+---+----+------------+------------+
    |add_ln642_fu_153_p2        |         +|   0|  0|  13|           4|           2|
    |ap_block_pp0_stage0_01001  |       and|   0|  0|   2|           1|           1|
    |icmp_ln638_fu_119_p2       |      icmp|   0|  0|  13|           4|           4|
    |icmp_ln642_fu_159_p2       |      icmp|   0|  0|  13|           4|           4|
    |ap_enable_pp0              |       xor|   0|  0|   2|           1|           2|
    +---------------------------+----------+----+---+----+------------+------------+
    |Total                      |          |   0|  0|  43|          14|          13|
    +---------------------------+----------+----+---+----+------------+------------+

    * Multiplexer: 
    +-------------------------+----+-----------+-----+-----------+
    |           Name          | LUT| Input Size| Bits| Total Bits|
    +-------------------------+----+-----------+-----+-----------+
    |B_TDATA_blk_n            |   9|          2|    1|          2|
    |ap_done_int              |   9|          2|    1|          2|
    |ap_enable_reg_pp0_iter1  |   9|          2|    1|          2|
    |ap_sig_allocacmp_c_1     |   9|          2|    4|          8|
    |c_fu_64                  |   9|          2|    4|          8|
    +-------------------------+----+-----------+-----+-----------+
    |Total                    |  45|         10|   11|         22|
    +-------------------------+----+-----------+-----+-----------+

    * Register: 
    +-------------------------+---+----+-----+-----------+
    |           Name          | FF| LUT| Bits| Const Bits|
    +-------------------------+---+----+-----+-----------+
    |ap_CS_fsm                |  1|   0|    1|          0|
    |ap_done_reg              |  1|   0|    1|          0|
    |ap_enable_reg_pp0_iter1  |  1|   0|    1|          0|
    |c_fu_64                  |  4|   0|    4|          0|
    |icmp_ln642_reg_199       |  1|   0|    1|          0|
    +-------------------------+---+----+-----+-----------+
    |Total                    |  8|   0|    8|          0|
    +-------------------------+---+----+-----+-----------+



================================================================
== Interface
================================================================
* Summary: 
+----------------+-----+-----+------------+----------------------------+--------------+
|    RTL Ports   | Dir | Bits|  Protocol  |        Source Object       |    C Type    |
+----------------+-----+-----+------------+----------------------------+--------------+
|ap_clk          |   in|    1|  ap_ctrl_hs|  kernel_Pipeline_OUT_STREAM|  return value|
|ap_rst          |   in|    1|  ap_ctrl_hs|  kernel_Pipeline_OUT_STREAM|  return value|
|ap_start        |   in|    1|  ap_ctrl_hs|  kernel_Pipeline_OUT_STREAM|  return value|
|ap_done         |  out|    1|  ap_ctrl_hs|  kernel_Pipeline_OUT_STREAM|  return value|
|ap_idle         |  out|    1|  ap_ctrl_hs|  kernel_Pipeline_OUT_STREAM|  return value|
|ap_ready        |  out|    1|  ap_ctrl_hs|  kernel_Pipeline_OUT_STREAM|  return value|
|B_TREADY        |   in|    1|        axis|                  B_V_data_V|       pointer|
|B_TDATA         |  out|   32|        axis|                  B_V_data_V|       pointer|
|probs_address0  |  out|    4|   ap_memory|                       probs|         array|
|probs_ce0       |  out|    1|   ap_memory|                       probs|         array|
|probs_q0        |   in|   16|   ap_memory|                       probs|         array|
|probs_address1  |  out|    4|   ap_memory|                       probs|         array|
|probs_ce1       |  out|    1|   ap_memory|                       probs|         array|
|probs_q1        |   in|   16|   ap_memory|                       probs|         array|
|B_TVALID        |  out|    1|        axis|                  B_V_last_V|       pointer|
|B_TLAST         |  out|    1|        axis|                  B_V_last_V|       pointer|
|B_TKEEP         |  out|    4|        axis|                  B_V_keep_V|       pointer|
|B_TSTRB         |  out|    4|        axis|                  B_V_strb_V|       pointer|
+----------------+-----+-----+------------+----------------------------+--------------+

