

================================================================
== Vitis HLS Report for 'kernel_Pipeline_MLPO_BITS'
================================================================
* Date:           Fri May  1 17:43:51 2026

* Version:        2025.2 (Build 6295257 on Nov 14 2025)
* Project:        hls_component
* Solution:       hls (Vivado IP Flow Target)
* Product family: zynq
* Target device:  xc7z020-clg400-1


================================================================
== Performance Estimates
================================================================
+ Timing: 
    * Summary: 
    +--------+----------+----------+------------+
    |  Clock |  Target  | Estimated| Uncertainty|
    +--------+----------+----------+------------+
    |ap_clk  |  13.00 ns|  7.433 ns|     3.51 ns|
    +--------+----------+----------+------------+

+ Latency: 
    * Summary: 
    +---------+---------+-----------+----------+-----+-----+-------------------+
    |  Latency (cycles) |  Latency (absolute)  |  Interval |      Pipeline     |
    |   min   |   max   |    min    |    max   | min | max |        Type       |
    +---------+---------+-----------+----------+-----+-----+-------------------+
    |        3|       29|  39.000 ns|  0.377 us|    0|    0|  loop pipeline stp|
    +---------+---------+-----------+----------+-----+-----+-------------------+

    + Detail: 
        * Instance: 
        N/A

        * Loop: 
        +-------------+---------+---------+----------+-----------+-----------+--------+----------+
        |             |  Latency (cycles) | Iteration|  Initiation Interval  |  Trip  |          |
        |  Loop Name  |   min   |   max   |  Latency |  achieved |   target  |  Count | Pipelined|
        +-------------+---------+---------+----------+-----------+-----------+--------+----------+
        |- MLPO_BITS  |        1|       27|         2|          1|          1|  0 ~ 27|       yes|
        +-------------+---------+---------+----------+-----------+-----------+--------+----------+



================================================================
== Utilization Estimates
================================================================
* Summary: 
+-----------------+---------+-----+--------+-------+-----+
|       Name      | BRAM_18K| DSP |   FF   |  LUT  | URAM|
+-----------------+---------+-----+--------+-------+-----+
|DSP              |        -|    -|       -|      -|    -|
|Expression       |        -|    -|       0|    221|    -|
|FIFO             |        -|    -|       -|      -|    -|
|Instance         |        -|    -|       0|    153|    -|
|Memory           |        -|    -|       -|      -|    -|
|Multiplexer      |        -|    -|       0|     81|    -|
|Register         |        -|    -|      60|      -|    -|
+-----------------+---------+-----+--------+-------+-----+
|Total            |        0|    0|      60|    455|    0|
+-----------------+---------+-----+--------+-------+-----+
|Available        |      280|  220|  106400|  53200|    0|
+-----------------+---------+-----+--------+-------+-----+
|Utilization (%)  |        0|    0|      ~0|     ~0|    0|
+-----------------+---------+-----+--------+-------+-----+

+ Detail: 
    * Instance: 
    +---------------------------+----------------------+---------+----+---+----+-----+
    |          Instance         |        Module        | BRAM_18K| DSP| FF| LUT| URAM|
    +---------------------------+----------------------+---------+----+---+----+-----+
    |sparsemux_19_4_1_1_1_U660  |sparsemux_19_4_1_1_1  |        0|   0|  0|  48|    0|
    |sparsemux_19_4_1_1_1_U661  |sparsemux_19_4_1_1_1  |        0|   0|  0|  48|    0|
    |sparsemux_19_4_1_1_1_U662  |sparsemux_19_4_1_1_1  |        0|   0|  0|  48|    0|
    |sparsemux_7_2_1_1_1_U663   |sparsemux_7_2_1_1_1   |        0|   0|  0|   9|    0|
    +---------------------------+----------------------+---------+----+---+----+-----+
    |Total                      |                      |        0|   0|  0| 153|    0|
    +---------------------------+----------------------+---------+----+---+----+-----+

    * DSP: 
    N/A

    * Memory: 
    N/A

    * FIFO: 
    N/A

    * Expression: 
    +--------------------------+----------+----+---+----+------------+------------+
    |       Variable Name      | Operation| DSP| FF| LUT| Bitwidth P0| Bitwidth P1|
    +--------------------------+----------+----+---+----+------------+------------+
    |add_ln620_fu_617_p2       |         +|   0|  0|  13|           5|           1|
    |add_ln621_fu_388_p2       |         +|   0|  0|  13|           5|           1|
    |add_ln622_fu_412_p2       |         +|   0|  0|  40|          33|          33|
    |add_ln625_fu_439_p2       |         +|   0|  0|  12|          11|           6|
    |mlpo_acc_5_fu_666_p2      |         +|   0|  0|  39|          32|          32|
    |or_cond_fu_629_p2         |       and|   0|  0|   2|           1|           1|
    |icmp_ln620_fu_623_p2      |      icmp|   0|  0|  13|           5|           5|
    |icmp_ln621_fu_394_p2      |      icmp|   0|  0|  13|           5|           4|
    |icmp_ln623_fu_433_p2      |      icmp|   0|  0|  31|          24|           1|
    |mlpo_acc_2_fu_672_p3      |    select|   0|  0|  32|           1|          32|
    |select_ln621_fu_400_p3    |    select|   0|  0|   5|           1|           1|
    |select_ln626_fu_658_p3    |    select|   0|  0|   2|           1|           2|
    |ap_enable_pp0             |       xor|   0|  0|   2|           1|           2|
    |not_icmp_ln623_fu_611_p2  |       xor|   0|  0|   2|           1|           2|
    |xor_ln626_fu_653_p2       |       xor|   0|  0|   2|           1|           1|
    +--------------------------+----------+----+---+----+------------+------------+
    |Total                     |          |   0|  0| 221|         127|         124|
    +--------------------------+----------+----+---+----+------------+------------+

    * Multiplexer: 
    +----------------------------------+----+-----------+-----+-----------+
    |               Name               | LUT| Input Size| Bits| Total Bits|
    +----------------------------------+----+-----------+-----+-----------+
    |ap_done_int                       |   9|          2|    1|          2|
    |ap_loop_exit_ready_pp0_iter1_reg  |   9|          2|    1|          2|
    |ap_sig_allocacmp_i                |   9|          2|    5|         10|
    |ap_sig_allocacmp_phi_mul25_load   |   9|          2|   11|         22|
    |ap_sig_allocacmp_phi_urem27_load  |   9|          2|    5|         10|
    |i_1_fu_158                        |   9|          2|    5|         10|
    |mlpo_acc_1_fu_154                 |   9|          2|   32|         64|
    |phi_mul25_fu_150                  |   9|          2|   11|         22|
    |phi_urem27_fu_146                 |   9|          2|    5|         10|
    +----------------------------------+----+-----------+-----+-----------+
    |Total                             |  81|         18|   76|        152|
    +----------------------------------+----+-----------+-----+-----------+

    * Register: 
    +----------------------------------+----+----+-----+-----------+
    |               Name               | FF | LUT| Bits| Const Bits|
    +----------------------------------+----+----+-----+-----------+
    |ap_CS_fsm                         |   1|   0|    1|          0|
    |ap_done_reg                       |   1|   0|    1|          0|
    |ap_enable_reg_pp0_iter1           |   1|   0|    1|          0|
    |ap_loop_exit_ready_pp0_iter1_reg  |   1|   0|    1|          0|
    |i_1_fu_158                        |   5|   0|    5|          0|
    |icmp_ln623_reg_718                |   1|   0|    1|          0|
    |mlpo_acc_1_fu_154                 |  32|   0|   32|          0|
    |or_cond_reg_733                   |   1|   0|    1|          0|
    |phi_mul25_fu_150                  |  11|   0|   11|          0|
    |phi_urem27_fu_146                 |   5|   0|    5|          0|
    |w_reg_728                         |   1|   0|    1|          0|
    +----------------------------------+----+----+-----+-----------+
    |Total                             |  60|   0|   60|          0|
    +----------------------------------+----+----+-----+-----------+



================================================================
== Interface
================================================================
* Summary: 
+-----------------------+-----+-----+------------+---------------------------+--------------+
|       RTL Ports       | Dir | Bits|  Protocol  |       Source Object       |    C Type    |
+-----------------------+-----+-----+------------+---------------------------+--------------+
|ap_clk                 |   in|    1|  ap_ctrl_hs|  kernel_Pipeline_MLPO_BITS|  return value|
|ap_rst                 |   in|    1|  ap_ctrl_hs|  kernel_Pipeline_MLPO_BITS|  return value|
|ap_start               |   in|    1|  ap_ctrl_hs|  kernel_Pipeline_MLPO_BITS|  return value|
|ap_done                |  out|    1|  ap_ctrl_hs|  kernel_Pipeline_MLPO_BITS|  return value|
|ap_idle                |  out|    1|  ap_ctrl_hs|  kernel_Pipeline_MLPO_BITS|  return value|
|ap_ready               |  out|    1|  ap_ctrl_hs|  kernel_Pipeline_MLPO_BITS|  return value|
|mlpo_acc               |   in|   32|     ap_none|                   mlpo_acc|        scalar|
|sext_ln620             |   in|   32|     ap_none|                 sext_ln620|        scalar|
|mlp_hidden_2_address0  |  out|    9|   ap_memory|               mlp_hidden_2|         array|
|mlp_hidden_2_ce0       |  out|    1|   ap_memory|               mlp_hidden_2|         array|
|mlp_hidden_2_q0        |   in|    1|   ap_memory|               mlp_hidden_2|         array|
|empty_49               |   in|    1|     ap_none|                   empty_49|        scalar|
|empty_50               |   in|    1|     ap_none|                   empty_50|        scalar|
|empty_51               |   in|    1|     ap_none|                   empty_51|        scalar|
|empty_52               |   in|    1|     ap_none|                   empty_52|        scalar|
|empty_53               |   in|    1|     ap_none|                   empty_53|        scalar|
|empty_54               |   in|    1|     ap_none|                   empty_54|        scalar|
|empty_55               |   in|    1|     ap_none|                   empty_55|        scalar|
|empty_56               |   in|    1|     ap_none|                   empty_56|        scalar|
|empty_57               |   in|    1|     ap_none|                   empty_57|        scalar|
|empty_58               |   in|    1|     ap_none|                   empty_58|        scalar|
|empty_59               |   in|    1|     ap_none|                   empty_59|        scalar|
|empty_60               |   in|    1|     ap_none|                   empty_60|        scalar|
|empty_61               |   in|    1|     ap_none|                   empty_61|        scalar|
|empty_62               |   in|    1|     ap_none|                   empty_62|        scalar|
|empty_63               |   in|    1|     ap_none|                   empty_63|        scalar|
|empty_64               |   in|    1|     ap_none|                   empty_64|        scalar|
|empty_65               |   in|    1|     ap_none|                   empty_65|        scalar|
|empty_66               |   in|    1|     ap_none|                   empty_66|        scalar|
|empty_67               |   in|    1|     ap_none|                   empty_67|        scalar|
|empty_68               |   in|    1|     ap_none|                   empty_68|        scalar|
|empty_69               |   in|    1|     ap_none|                   empty_69|        scalar|
|empty_70               |   in|    1|     ap_none|                   empty_70|        scalar|
|empty_71               |   in|    1|     ap_none|                   empty_71|        scalar|
|empty_72               |   in|    1|     ap_none|                   empty_72|        scalar|
|empty_73               |   in|    1|     ap_none|                   empty_73|        scalar|
|empty_74               |   in|    1|     ap_none|                   empty_74|        scalar|
|empty_75               |   in|    1|     ap_none|                   empty_75|        scalar|
|empty                  |   in|    5|     ap_none|                      empty|        scalar|
|mlpo_acc_2_out         |  out|   32|      ap_vld|             mlpo_acc_2_out|       pointer|
|mlpo_acc_2_out_ap_vld  |  out|    1|      ap_vld|             mlpo_acc_2_out|       pointer|
+-----------------------+-----+-----+------------+---------------------------+--------------+

