

================================================================
== Vitis HLS Report for 'softmax_Pipeline_SM_NORM'
================================================================
* Date:           Fri May  1 23:52:25 2026

* Version:        2025.2 (Build 6295257 on Nov 14 2025)
* Project:        hls_component
* Solution:       hls (Vivado IP Flow Target)
* Product family: zynq
* Target device:  xc7z020-clg400-1


================================================================
== Performance Estimates
================================================================
+ Timing: 
    * Summary: 
    +--------+----------+----------+------------+
    |  Clock |  Target  | Estimated| Uncertainty|
    +--------+----------+----------+------------+
    |ap_clk  |  13.00 ns|  9.210 ns|     3.51 ns|
    +--------+----------+----------+------------+

+ Latency: 
    * Summary: 
    +---------+---------+----------+----------+-----+-----+-------------------+
    |  Latency (cycles) |  Latency (absolute) |  Interval |      Pipeline     |
    |   min   |   max   |    min   |    max   | min | max |        Type       |
    +---------+---------+----------+----------+-----+-----+-------------------+
    |       47|       47|  0.611 us|  0.611 us|    0|    0|  loop pipeline stp|
    +---------+---------+----------+----------+-----+-----+-------------------+

    + Detail: 
        * Instance: 
        N/A

        * Loop: 
        +-----------+---------+---------+----------+-----------+-----------+------+----------+
        |           |  Latency (cycles) | Iteration|  Initiation Interval  | Trip |          |
        | Loop Name |   min   |   max   |  Latency |  achieved |   target  | Count| Pipelined|
        +-----------+---------+---------+----------+-----------+-----------+------+----------+
        |- SM_NORM  |       45|       45|        37|          1|          1|    10|       yes|
        +-----------+---------+---------+----------+-----------+-----------+------+----------+



================================================================
== Utilization Estimates
================================================================
* Summary: 
+-----------------+---------+-----+--------+-------+-----+
|       Name      | BRAM_18K| DSP |   FF   |  LUT  | URAM|
+-----------------+---------+-----+--------+-------+-----+
|DSP              |        -|    -|       -|      -|    -|
|Expression       |        -|    -|       0|    108|    -|
|FIFO             |        -|    -|       -|      -|    -|
|Instance         |        -|    -|    2283|   1738|    -|
|Memory           |        -|    -|       -|      -|    -|
|Multiplexer      |        -|    -|       0|     54|    -|
|Register         |        -|    -|     787|     64|    -|
+-----------------+---------+-----+--------+-------+-----+
|Total            |        0|    0|    3070|   1964|    0|
+-----------------+---------+-----+--------+-------+-----+
|Available        |      280|  220|  106400|  53200|    0|
+-----------------+---------+-----+--------+-------+-----+
|Utilization (%)  |        0|    0|       2|      3|    0|
+-----------------+---------+-----+--------+-------+-----+

+ Detail: 
    * Instance: 
    +-----------------------------+------------------------+---------+----+------+------+-----+
    |           Instance          |         Module         | BRAM_18K| DSP|  FF  |  LUT | URAM|
    +-----------------------------+------------------------+---------+----+------+------+-----+
    |sdiv_32ns_32ns_16_36_1_U696  |sdiv_32ns_32ns_16_36_1  |        0|   0|  2283|  1738|    0|
    +-----------------------------+------------------------+---------+----+------+------+-----+
    |Total                        |                        |        0|   0|  2283|  1738|    0|
    +-----------------------------+------------------------+---------+----+------+------+-----+

    * DSP: 
    N/A

    * Memory: 
    N/A

    * FIFO: 
    N/A

    * Expression: 
    +----------------------+----------+----+---+----+------------+------------+
    |     Variable Name    | Operation| DSP| FF| LUT| Bitwidth P0| Bitwidth P1|
    +----------------------+----------+----+---+----+------------+------------+
    |add_ln266_fu_106_p2   |         +|   0|  0|  13|           4|           1|
    |grp_fu_134_p0         |         -|   0|  0|  39|          32|          32|
    |ap_condition_376      |       and|   0|  0|   2|           1|           1|
    |icmp_ln266_fu_100_p2  |      icmp|   0|  0|  13|           4|           4|
    |icmp_ln268_fu_86_p2   |      icmp|   0|  0|  39|          32|           1|
    |ap_enable_pp0         |       xor|   0|  0|   2|           1|           2|
    +----------------------+----------+----+---+----+------------+------------+
    |Total                 |          |   0|  0| 108|          74|          41|
    +----------------------+----------+----+---+----+------------+------------+

    * Multiplexer: 
    +------------------------------------+----+-----------+-----+-----------+
    |                Name                | LUT| Input Size| Bits| Total Bits|
    +------------------------------------+----+-----------+-----+-----------+
    |ap_done_int                         |   9|          2|    1|          2|
    |ap_enable_reg_pp0_iter1             |   9|          2|    1|          2|
    |ap_phi_mux_cond33_phi_fu_78_p4      |   9|          2|   16|         32|
    |ap_phi_reg_pp0_iter1_cond33_reg_74  |   9|          2|   16|         32|
    |ap_sig_allocacmp_i_1                |   9|          2|    4|          8|
    |i_fu_38                             |   9|          2|    4|          8|
    +------------------------------------+----+-----------+-----+-----------+
    |Total                               |  54|         12|   42|         84|
    +------------------------------------+----+-----------+-----+-----------+

    * Register: 
    +-------------------------------------+----+----+-----+-----------+
    |                 Name                | FF | LUT| Bits| Const Bits|
    +-------------------------------------+----+----+-----+-----------+
    |ap_CS_fsm                            |   1|   0|    1|          0|
    |ap_done_reg                          |   1|   0|    1|          0|
    |ap_enable_reg_pp0_iter1              |   1|   0|    1|          0|
    |ap_enable_reg_pp0_iter10             |   1|   0|    1|          0|
    |ap_enable_reg_pp0_iter11             |   1|   0|    1|          0|
    |ap_enable_reg_pp0_iter12             |   1|   0|    1|          0|
    |ap_enable_reg_pp0_iter13             |   1|   0|    1|          0|
    |ap_enable_reg_pp0_iter14             |   1|   0|    1|          0|
    |ap_enable_reg_pp0_iter15             |   1|   0|    1|          0|
    |ap_enable_reg_pp0_iter16             |   1|   0|    1|          0|
    |ap_enable_reg_pp0_iter17             |   1|   0|    1|          0|
    |ap_enable_reg_pp0_iter18             |   1|   0|    1|          0|
    |ap_enable_reg_pp0_iter19             |   1|   0|    1|          0|
    |ap_enable_reg_pp0_iter2              |   1|   0|    1|          0|
    |ap_enable_reg_pp0_iter20             |   1|   0|    1|          0|
    |ap_enable_reg_pp0_iter21             |   1|   0|    1|          0|
    |ap_enable_reg_pp0_iter22             |   1|   0|    1|          0|
    |ap_enable_reg_pp0_iter23             |   1|   0|    1|          0|
    |ap_enable_reg_pp0_iter24             |   1|   0|    1|          0|
    |ap_enable_reg_pp0_iter25             |   1|   0|    1|          0|
    |ap_enable_reg_pp0_iter26             |   1|   0|    1|          0|
    |ap_enable_reg_pp0_iter27             |   1|   0|    1|          0|
    |ap_enable_reg_pp0_iter28             |   1|   0|    1|          0|
    |ap_enable_reg_pp0_iter29             |   1|   0|    1|          0|
    |ap_enable_reg_pp0_iter3              |   1|   0|    1|          0|
    |ap_enable_reg_pp0_iter30             |   1|   0|    1|          0|
    |ap_enable_reg_pp0_iter31             |   1|   0|    1|          0|
    |ap_enable_reg_pp0_iter32             |   1|   0|    1|          0|
    |ap_enable_reg_pp0_iter33             |   1|   0|    1|          0|
    |ap_enable_reg_pp0_iter34             |   1|   0|    1|          0|
    |ap_enable_reg_pp0_iter35             |   1|   0|    1|          0|
    |ap_enable_reg_pp0_iter36             |   1|   0|    1|          0|
    |ap_enable_reg_pp0_iter4              |   1|   0|    1|          0|
    |ap_enable_reg_pp0_iter5              |   1|   0|    1|          0|
    |ap_enable_reg_pp0_iter6              |   1|   0|    1|          0|
    |ap_enable_reg_pp0_iter7              |   1|   0|    1|          0|
    |ap_enable_reg_pp0_iter8              |   1|   0|    1|          0|
    |ap_enable_reg_pp0_iter9              |   1|   0|    1|          0|
    |ap_loop_exit_ready_pp0_iter10_reg    |   1|   0|    1|          0|
    |ap_loop_exit_ready_pp0_iter11_reg    |   1|   0|    1|          0|
    |ap_loop_exit_ready_pp0_iter12_reg    |   1|   0|    1|          0|
    |ap_loop_exit_ready_pp0_iter13_reg    |   1|   0|    1|          0|
    |ap_loop_exit_ready_pp0_iter14_reg    |   1|   0|    1|          0|
    |ap_loop_exit_ready_pp0_iter15_reg    |   1|   0|    1|          0|
    |ap_loop_exit_ready_pp0_iter16_reg    |   1|   0|    1|          0|
    |ap_loop_exit_ready_pp0_iter17_reg    |   1|   0|    1|          0|
    |ap_loop_exit_ready_pp0_iter18_reg    |   1|   0|    1|          0|
    |ap_loop_exit_ready_pp0_iter19_reg    |   1|   0|    1|          0|
    |ap_loop_exit_ready_pp0_iter1_reg     |   1|   0|    1|          0|
    |ap_loop_exit_ready_pp0_iter20_reg    |   1|   0|    1|          0|
    |ap_loop_exit_ready_pp0_iter21_reg    |   1|   0|    1|          0|
    |ap_loop_exit_ready_pp0_iter22_reg    |   1|   0|    1|          0|
    |ap_loop_exit_ready_pp0_iter23_reg    |   1|   0|    1|          0|
    |ap_loop_exit_ready_pp0_iter24_reg    |   1|   0|    1|          0|
    |ap_loop_exit_ready_pp0_iter25_reg    |   1|   0|    1|          0|
    |ap_loop_exit_ready_pp0_iter26_reg    |   1|   0|    1|          0|
    |ap_loop_exit_ready_pp0_iter27_reg    |   1|   0|    1|          0|
    |ap_loop_exit_ready_pp0_iter28_reg    |   1|   0|    1|          0|
    |ap_loop_exit_ready_pp0_iter29_reg    |   1|   0|    1|          0|
    |ap_loop_exit_ready_pp0_iter2_reg     |   1|   0|    1|          0|
    |ap_loop_exit_ready_pp0_iter30_reg    |   1|   0|    1|          0|
    |ap_loop_exit_ready_pp0_iter31_reg    |   1|   0|    1|          0|
    |ap_loop_exit_ready_pp0_iter32_reg    |   1|   0|    1|          0|
    |ap_loop_exit_ready_pp0_iter33_reg    |   1|   0|    1|          0|
    |ap_loop_exit_ready_pp0_iter34_reg    |   1|   0|    1|          0|
    |ap_loop_exit_ready_pp0_iter35_reg    |   1|   0|    1|          0|
    |ap_loop_exit_ready_pp0_iter3_reg     |   1|   0|    1|          0|
    |ap_loop_exit_ready_pp0_iter4_reg     |   1|   0|    1|          0|
    |ap_loop_exit_ready_pp0_iter5_reg     |   1|   0|    1|          0|
    |ap_loop_exit_ready_pp0_iter6_reg     |   1|   0|    1|          0|
    |ap_loop_exit_ready_pp0_iter7_reg     |   1|   0|    1|          0|
    |ap_loop_exit_ready_pp0_iter8_reg     |   1|   0|    1|          0|
    |ap_loop_exit_ready_pp0_iter9_reg     |   1|   0|    1|          0|
    |ap_phi_reg_pp0_iter10_cond33_reg_74  |  16|   0|   16|          0|
    |ap_phi_reg_pp0_iter11_cond33_reg_74  |  16|   0|   16|          0|
    |ap_phi_reg_pp0_iter12_cond33_reg_74  |  16|   0|   16|          0|
    |ap_phi_reg_pp0_iter13_cond33_reg_74  |  16|   0|   16|          0|
    |ap_phi_reg_pp0_iter14_cond33_reg_74  |  16|   0|   16|          0|
    |ap_phi_reg_pp0_iter15_cond33_reg_74  |  16|   0|   16|          0|
    |ap_phi_reg_pp0_iter16_cond33_reg_74  |  16|   0|   16|          0|
    |ap_phi_reg_pp0_iter17_cond33_reg_74  |  16|   0|   16|          0|
    |ap_phi_reg_pp0_iter18_cond33_reg_74  |  16|   0|   16|          0|
    |ap_phi_reg_pp0_iter19_cond33_reg_74  |  16|   0|   16|          0|
    |ap_phi_reg_pp0_iter1_cond33_reg_74   |  16|   0|   16|          0|
    |ap_phi_reg_pp0_iter20_cond33_reg_74  |  16|   0|   16|          0|
    |ap_phi_reg_pp0_iter21_cond33_reg_74  |  16|   0|   16|          0|
    |ap_phi_reg_pp0_iter22_cond33_reg_74  |  16|   0|   16|          0|
    |ap_phi_reg_pp0_iter23_cond33_reg_74  |  16|   0|   16|          0|
    |ap_phi_reg_pp0_iter24_cond33_reg_74  |  16|   0|   16|          0|
    |ap_phi_reg_pp0_iter25_cond33_reg_74  |  16|   0|   16|          0|
    |ap_phi_reg_pp0_iter26_cond33_reg_74  |  16|   0|   16|          0|
    |ap_phi_reg_pp0_iter27_cond33_reg_74  |  16|   0|   16|          0|
    |ap_phi_reg_pp0_iter28_cond33_reg_74  |  16|   0|   16|          0|
    |ap_phi_reg_pp0_iter29_cond33_reg_74  |  16|   0|   16|          0|
    |ap_phi_reg_pp0_iter2_cond33_reg_74   |  16|   0|   16|          0|
    |ap_phi_reg_pp0_iter30_cond33_reg_74  |  16|   0|   16|          0|
    |ap_phi_reg_pp0_iter31_cond33_reg_74  |  16|   0|   16|          0|
    |ap_phi_reg_pp0_iter32_cond33_reg_74  |  16|   0|   16|          0|
    |ap_phi_reg_pp0_iter33_cond33_reg_74  |  16|   0|   16|          0|
    |ap_phi_reg_pp0_iter34_cond33_reg_74  |  16|   0|   16|          0|
    |ap_phi_reg_pp0_iter35_cond33_reg_74  |  16|   0|   16|          0|
    |ap_phi_reg_pp0_iter36_cond33_reg_74  |  16|   0|   16|          0|
    |ap_phi_reg_pp0_iter3_cond33_reg_74   |  16|   0|   16|          0|
    |ap_phi_reg_pp0_iter4_cond33_reg_74   |  16|   0|   16|          0|
    |ap_phi_reg_pp0_iter5_cond33_reg_74   |  16|   0|   16|          0|
    |ap_phi_reg_pp0_iter6_cond33_reg_74   |  16|   0|   16|          0|
    |ap_phi_reg_pp0_iter7_cond33_reg_74   |  16|   0|   16|          0|
    |ap_phi_reg_pp0_iter8_cond33_reg_74   |  16|   0|   16|          0|
    |ap_phi_reg_pp0_iter9_cond33_reg_74   |  16|   0|   16|          0|
    |i_fu_38                              |   4|   0|    4|          0|
    |icmp_ln266_reg_160                   |   1|   0|    1|          0|
    |icmp_ln268_reg_156                   |   1|   0|    1|          0|
    |zext_ln266_reg_164                   |   4|   0|   64|         60|
    |icmp_ln266_reg_160                   |  64|  32|    1|          0|
    |zext_ln266_reg_164                   |  64|  32|   64|         60|
    +-------------------------------------+----+----+-----+-----------+
    |Total                                | 787|  64|  784|        120|
    +-------------------------------------+----+----+-----+-----------+



================================================================
== Interface
================================================================
* Summary: 
+----------------+-----+-----+------------+--------------------------+--------------+
|    RTL Ports   | Dir | Bits|  Protocol  |       Source Object      |    C Type    |
+----------------+-----+-----+------------+--------------------------+--------------+
|ap_clk          |   in|    1|  ap_ctrl_hs|  softmax_Pipeline_SM_NORM|  return value|
|ap_rst          |   in|    1|  ap_ctrl_hs|  softmax_Pipeline_SM_NORM|  return value|
|ap_start        |   in|    1|  ap_ctrl_hs|  softmax_Pipeline_SM_NORM|  return value|
|ap_done         |  out|    1|  ap_ctrl_hs|  softmax_Pipeline_SM_NORM|  return value|
|ap_idle         |  out|    1|  ap_ctrl_hs|  softmax_Pipeline_SM_NORM|  return value|
|ap_ready        |  out|    1|  ap_ctrl_hs|  softmax_Pipeline_SM_NORM|  return value|
|es_1            |   in|   32|     ap_none|                      es_1|        scalar|
|probs_address0  |  out|    4|   ap_memory|                     probs|         array|
|probs_ce0       |  out|    1|   ap_memory|                     probs|         array|
|probs_we0       |  out|    1|   ap_memory|                     probs|         array|
|probs_d0        |  out|   16|   ap_memory|                     probs|         array|
|ev_address0     |  out|    4|   ap_memory|                        ev|         array|
|ev_ce0          |  out|    1|   ap_memory|                        ev|         array|
|ev_q0           |   in|   32|   ap_memory|                        ev|         array|
+----------------+-----+-----+------------+--------------------------+--------------+

