

================================================================
== Vitis HLS Report for 'conv2d_l3_Pipeline_L3_FH_L3_FW'
================================================================
* Date:           Fri May  1 21:41:12 2026

* Version:        2025.2 (Build 6295257 on Nov 14 2025)
* Project:        hls_component
* Solution:       hls (Vivado IP Flow Target)
* Product family: zynq
* Target device:  xc7z020-clg400-1


================================================================
== Performance Estimates
================================================================
+ Timing: 
    * Summary: 
    +--------+----------+----------+------------+
    |  Clock |  Target  | Estimated| Uncertainty|
    +--------+----------+----------+------------+
    |ap_clk  |  10.00 ns|  6.504 ns|     2.70 ns|
    +--------+----------+----------+------------+

+ Latency: 
    * Summary: 
    +---------+---------+----------+----------+-----+-----+-------------------+
    |  Latency (cycles) |  Latency (absolute) |  Interval |      Pipeline     |
    |   min   |   max   |    min   |    max   | min | max |        Type       |
    +---------+---------+----------+----------+-----+-----+-------------------+
    |       22|       22|  0.220 us|  0.220 us|    0|    0|  loop pipeline stp|
    +---------+---------+----------+----------+-----+-----+-------------------+

    + Detail: 
        * Instance: 
        N/A

        * Loop: 
        +---------------+---------+---------+----------+-----------+-----------+------+----------+
        |               |  Latency (cycles) | Iteration|  Initiation Interval  | Trip |          |
        |   Loop Name   |   min   |   max   |  Latency |  achieved |   target  | Count| Pipelined|
        +---------------+---------+---------+----------+-----------+-----------+------+----------+
        |- L3_FH_L3_FW  |       20|       20|         6|          1|          1|    16|       yes|
        +---------------+---------+---------+----------+-----------+-----------+------+----------+

============================================================
+ Verbose Summary: Synthesis Manager
============================================================
InlineROM: 1
ExposeGlobal: 0
============================================================
+ Verbose Summary: CDFG Model
============================================================
IsTopModel: 0
ResetActiveHigh: 1
IsCombinational: 0
IsDatapathOnly: 0
HasWiredReturn: 1
HasMFsm: 2
HasVarLatency: 1
IsPipeline: 0
IsRtlPipelined: 0
IsInstanceOverlapped: 0
IsDontTouch: 0
HasImplIP: 0
IsGatedGlobalClock: 0

+ Individual pipeline summary: 
  * Pipeline-0: initiation interval (II) = 1, depth = 6


============================================================
+ Verbose Summary: Schedule
============================================================
* Number of FSM states : 6
* Pipeline : 1
  Pipeline-0 : II = 1, D = 6, States = { 1 2 3 4 5 6 }
* Dataflow Pipeline: 0

* FSM state transitions: 
1 --> 2 
2 --> 3 
3 --> 4 
4 --> 5 
5 --> 6 
6 --> 

* FSM state operations: 

State 1 <SV = 0> <Delay = 4.95>
ST_1 : Operation 9 [1/1] (0.00ns)   --->   "%ow = alloca i32 1" [kern.cpp:175]   --->   Operation 9 'alloca' 'ow' <Predicate = true> <Delay = 0.00>
ST_1 : Operation 10 [1/1] (0.00ns)   --->   "%oh = alloca i32 1" [kern.cpp:174]   --->   Operation 10 'alloca' 'oh' <Predicate = true> <Delay = 0.00>
ST_1 : Operation 11 [1/1] (0.00ns)   --->   "%indvar_flatten6 = alloca i32 1"   --->   Operation 11 'alloca' 'indvar_flatten6' <Predicate = true> <Delay = 0.00>
ST_1 : Operation 12 [1/1] (0.00ns)   --->   "%select_ln139_read = read i4 @_ssdm_op_Read.ap_auto.i4, i4 %select_ln139"   --->   Operation 12 'read' 'select_ln139_read' <Predicate = true> <Delay = 0.00>
ST_1 : Operation 13 [1/1] (0.00ns)   --->   "%sext_ln149_read = read i16 @_ssdm_op_Read.ap_auto.i16, i16 %sext_ln149"   --->   Operation 13 'read' 'sext_ln149_read' <Predicate = true> <Delay = 0.00>
ST_1 : Operation 14 [1/1] (0.00ns)   --->   "%zext_ln139_read = read i9 @_ssdm_op_Read.ap_auto.i9, i9 %zext_ln139"   --->   Operation 14 'read' 'zext_ln139_read' <Predicate = true> <Delay = 0.00>
ST_1 : Operation 15 [1/1] (0.00ns)   --->   "%sext_ln149_cast = sext i16 %sext_ln149_read"   --->   Operation 15 'sext' 'sext_ln149_cast' <Predicate = true> <Delay = 0.00>
ST_1 : Operation 16 [1/1] (1.58ns)   --->   "%store_ln0 = store i5 0, i5 %indvar_flatten6"   --->   Operation 16 'store' 'store_ln0' <Predicate = true> <Delay = 1.58>
ST_1 : Operation 17 [1/1] (1.58ns)   --->   "%store_ln174 = store i3 0, i3 %oh" [kern.cpp:174]   --->   Operation 17 'store' 'store_ln174' <Predicate = true> <Delay = 1.58>
ST_1 : Operation 18 [1/1] (1.58ns)   --->   "%store_ln175 = store i3 0, i3 %ow" [kern.cpp:175]   --->   Operation 18 'store' 'store_ln175' <Predicate = true> <Delay = 1.58>
ST_1 : Operation 19 [1/1] (0.00ns)   --->   "%br_ln0 = br void %for.body70"   --->   Operation 19 'br' 'br_ln0' <Predicate = true> <Delay = 0.00>
ST_1 : Operation 20 [1/1] (0.00ns)   --->   "%indvar_flatten6_load = load i5 %indvar_flatten6" [kern.cpp:174]   --->   Operation 20 'load' 'indvar_flatten6_load' <Predicate = true> <Delay = 0.00>
ST_1 : Operation 21 [1/1] (1.78ns)   --->   "%icmp_ln174 = icmp_eq  i5 %indvar_flatten6_load, i5 16" [kern.cpp:174]   --->   Operation 21 'icmp' 'icmp_ln174' <Predicate = true> <Delay = 1.78> <CoreInst = "Cmp">   --->   Core 9 'Cmp' <Latency = 0> <II = 1> <Delay = 1.78> <FuncUnit> <Opcode : 'seteq' 'setne' 'setle' 'setge' 'setlt' 'setgt'> <InPorts = 2> <OutPorts = 1>
ST_1 : Operation 22 [1/1] (1.78ns)   --->   "%add_ln174_1 = add i5 %indvar_flatten6_load, i5 1" [kern.cpp:174]   --->   Operation 22 'add' 'add_ln174_1' <Predicate = true> <Delay = 1.78> <CoreInst = "Adder">   --->   Core 1 'Adder' <Latency = 0> <II = 1> <Delay = 1.78> <FuncUnit> <Opcode : 'add' 'sub'> <InPorts = 2> <OutPorts = 1>
ST_1 : Operation 23 [1/1] (0.00ns)   --->   "%br_ln174 = br i1 %icmp_ln174, void %for.inc145, void %if.end148.loopexit.exitStub" [kern.cpp:174]   --->   Operation 23 'br' 'br_ln174' <Predicate = true> <Delay = 0.00>
ST_1 : Operation 24 [1/1] (1.73ns)   --->   "%switch_ln184 = switch i4 %select_ln139_read, void %arrayidx121518.case.13, i4 0, void %arrayidx121518.case.0, i4 1, void %arrayidx121518.case.1, i4 2, void %arrayidx121518.case.2, i4 3, void %arrayidx121518.case.3, i4 4, void %arrayidx121518.case.4, i4 5, void %arrayidx121518.case.5, i4 6, void %arrayidx121518.case.6, i4 7, void %arrayidx121518.case.7, i4 8, void %arrayidx121518.case.8, i4 9, void %arrayidx121518.case.9, i4 10, void %arrayidx121518.case.10, i4 11, void %arrayidx121518.case.11, i4 12, void %arrayidx121518.case.12" [kern.cpp:184]   --->   Operation 24 'switch' 'switch_ln184' <Predicate = (!icmp_ln174)> <Delay = 1.73>
ST_1 : Operation 25 [1/1] (1.58ns)   --->   "%store_ln174 = store i5 %add_ln174_1, i5 %indvar_flatten6" [kern.cpp:174]   --->   Operation 25 'store' 'store_ln174' <Predicate = (!icmp_ln174)> <Delay = 1.58>

State 2 <SV = 1> <Delay = 5.88>
ST_2 : Operation 26 [1/1] (0.00ns)   --->   "%ow_load = load i3 %ow" [kern.cpp:175]   --->   Operation 26 'load' 'ow_load' <Predicate = true> <Delay = 0.00>
ST_2 : Operation 27 [1/1] (0.00ns)   --->   "%oh_load = load i3 %oh" [kern.cpp:174]   --->   Operation 27 'load' 'oh_load' <Predicate = true> <Delay = 0.00>
ST_2 : Operation 28 [1/1] (1.65ns)   --->   "%add_ln174 = add i3 %oh_load, i3 1" [kern.cpp:174]   --->   Operation 28 'add' 'add_ln174' <Predicate = true> <Delay = 1.65> <CoreInst = "Adder">   --->   Core 1 'Adder' <Latency = 0> <II = 1> <Delay = 1.65> <FuncUnit> <Opcode : 'add' 'sub'> <InPorts = 2> <OutPorts = 1>
ST_2 : Operation 29 [1/1] (1.65ns)   --->   "%icmp_ln175 = icmp_eq  i3 %ow_load, i3 4" [kern.cpp:175]   --->   Operation 29 'icmp' 'icmp_ln175' <Predicate = true> <Delay = 1.65> <CoreInst = "Cmp">   --->   Core 9 'Cmp' <Latency = 0> <II = 1> <Delay = 1.65> <FuncUnit> <Opcode : 'seteq' 'setne' 'setle' 'setge' 'setlt' 'setgt'> <InPorts = 2> <OutPorts = 1>
ST_2 : Operation 30 [1/1] (0.98ns)   --->   "%select_ln174 = select i1 %icmp_ln175, i3 0, i3 %ow_load" [kern.cpp:174]   --->   Operation 30 'select' 'select_ln174' <Predicate = true> <Delay = 0.98> <CoreInst = "Sel">   --->   Core 73 'Sel' <Latency = 0> <II = 1> <Delay = 0.98> <FuncUnit> <Opcode : 'select'> <InPorts = 3> <OutPorts = 1>
ST_2 : Operation 31 [1/1] (0.98ns)   --->   "%select_ln174_1 = select i1 %icmp_ln175, i3 %add_ln174, i3 %oh_load" [kern.cpp:174]   --->   Operation 31 'select' 'select_ln174_1' <Predicate = true> <Delay = 0.98> <CoreInst = "Sel">   --->   Core 73 'Sel' <Latency = 0> <II = 1> <Delay = 0.98> <FuncUnit> <Opcode : 'select'> <InPorts = 3> <OutPorts = 1>
ST_2 : Operation 32 [1/1] (0.00ns)   --->   "%trunc_ln178 = trunc i3 %select_ln174_1" [kern.cpp:178]   --->   Operation 32 'trunc' 'trunc_ln178' <Predicate = true> <Delay = 0.00>
ST_2 : Operation 33 [1/1] (0.00ns)   --->   "%add_ln = bitconcatenate i5 @_ssdm_op_BitConcatenate.i5.i2.i3, i2 %trunc_ln178, i3 %select_ln174" [kern.cpp:178]   --->   Operation 33 'bitconcatenate' 'add_ln' <Predicate = true> <Delay = 0.00>
ST_2 : Operation 34 [1/1] (0.00ns)   --->   "%zext_ln178 = zext i5 %add_ln" [kern.cpp:178]   --->   Operation 34 'zext' 'zext_ln178' <Predicate = true> <Delay = 0.00>
ST_2 : Operation 35 [1/1] (0.00ns)   --->   "%buffer_0_addr = getelementptr i32 %buffer_0, i64 0, i64 %zext_ln178" [kern.cpp:178]   --->   Operation 35 'getelementptr' 'buffer_0_addr' <Predicate = true> <Delay = 0.00>
ST_2 : Operation 36 [2/2] (3.25ns)   --->   "%a00 = load i9 %buffer_0_addr" [kern.cpp:178]   --->   Operation 36 'load' 'a00' <Predicate = true> <Delay = 3.25> <CoreInst = "RAM">   --->   Core 81 'RAM' <Latency = 1> <II = 1> <Delay = 3.25> <Storage> <Opcode : 'load' 'store'> <Ports = 2> <Width = 32> <Depth = 512> <RAM>
ST_2 : Operation 37 [1/1] (0.00ns)   --->   "%buffer_1_addr = getelementptr i32 %buffer_1, i64 0, i64 %zext_ln178" [kern.cpp:179]   --->   Operation 37 'getelementptr' 'buffer_1_addr' <Predicate = true> <Delay = 0.00>
ST_2 : Operation 38 [2/2] (3.25ns)   --->   "%a01 = load i9 %buffer_1_addr" [kern.cpp:179]   --->   Operation 38 'load' 'a01' <Predicate = true> <Delay = 3.25> <CoreInst = "RAM">   --->   Core 81 'RAM' <Latency = 1> <II = 1> <Delay = 3.25> <Storage> <Opcode : 'load' 'store'> <Ports = 2> <Width = 32> <Depth = 512> <RAM>
ST_2 : Operation 39 [1/1] ( I:3.25ns O:3.25ns )   --->   "%store_ln185 = store i32 0, i9 %buffer_0_addr" [kern.cpp:185]   --->   Operation 39 'store' 'store_ln185' <Predicate = true> <Delay = 3.25> <CoreInst = "RAM">   --->   Core 81 'RAM' <Latency = 1> <II = 1> <Delay = 3.25> <Storage> <Opcode : 'load' 'store'> <Ports = 2> <Width = 32> <Depth = 512> <RAM>
ST_2 : Operation 40 [1/1] ( I:3.25ns O:3.25ns )   --->   "%store_ln186 = store i32 0, i9 %buffer_1_addr" [kern.cpp:186]   --->   Operation 40 'store' 'store_ln186' <Predicate = true> <Delay = 3.25> <CoreInst = "RAM">   --->   Core 81 'RAM' <Latency = 1> <II = 1> <Delay = 3.25> <Storage> <Opcode : 'load' 'store'> <Ports = 2> <Width = 32> <Depth = 512> <RAM>
ST_2 : Operation 41 [1/1] (1.65ns)   --->   "%add_ln175 = add i3 %select_ln174, i3 1" [kern.cpp:175]   --->   Operation 41 'add' 'add_ln175' <Predicate = true> <Delay = 1.65> <CoreInst = "Adder">   --->   Core 1 'Adder' <Latency = 0> <II = 1> <Delay = 1.65> <FuncUnit> <Opcode : 'add' 'sub'> <InPorts = 2> <OutPorts = 1>
ST_2 : Operation 42 [1/1] (1.58ns)   --->   "%store_ln174 = store i3 %select_ln174_1, i3 %oh" [kern.cpp:174]   --->   Operation 42 'store' 'store_ln174' <Predicate = true> <Delay = 1.58>
ST_2 : Operation 43 [1/1] (1.58ns)   --->   "%store_ln175 = store i3 %add_ln175, i3 %ow" [kern.cpp:175]   --->   Operation 43 'store' 'store_ln175' <Predicate = true> <Delay = 1.58>

State 3 <SV = 2> <Delay = 6.50>
ST_3 : Operation 44 [1/1] (0.00ns)   --->   "%tmp_s = bitconcatenate i5 @_ssdm_op_BitConcatenate.i5.i3.i2, i3 %select_ln174_1, i2 0" [kern.cpp:184]   --->   Operation 44 'bitconcatenate' 'tmp_s' <Predicate = true> <Delay = 0.00>
ST_3 : Operation 45 [1/1] (0.00ns)   --->   "%zext_ln178_1 = zext i5 %tmp_s" [kern.cpp:178]   --->   Operation 45 'zext' 'zext_ln178_1' <Predicate = true> <Delay = 0.00>
ST_3 : Operation 46 [1/1] (0.00ns)   --->   "%or_ln = bitconcatenate i5 @_ssdm_op_BitConcatenate.i5.i2.i3, i2 %trunc_ln178, i3 4" [kern.cpp:180]   --->   Operation 46 'bitconcatenate' 'or_ln' <Predicate = true> <Delay = 0.00>
ST_3 : Operation 47 [1/1] (0.00ns)   --->   "%zext_ln184 = zext i3 %select_ln174" [kern.cpp:184]   --->   Operation 47 'zext' 'zext_ln184' <Predicate = true> <Delay = 0.00>
ST_3 : Operation 48 [1/1] (1.65ns) (grouped into DSP with root node add_ln184_1)   --->   "%add_ln184 = add i6 %zext_ln178_1, i6 %zext_ln184" [kern.cpp:184]   --->   Operation 48 'add' 'add_ln184' <Predicate = true> <Delay = 1.65> <CoreInst = "DSP48">   --->   Core 116 'DSP48' <Latency = 3> <II = 1> <Delay = 2.15> <IPBlock> <Opcode : 'add' 'sub' 'mul' 'select'> <InPorts = 0> <OutPorts = 1> <Sync> <CReg>
ST_3 : Operation 49 [1/1] (0.00ns) (grouped into DSP with root node add_ln184_1)   --->   "%zext_ln184_1 = zext i6 %add_ln184" [kern.cpp:184]   --->   Operation 49 'zext' 'zext_ln184_1' <Predicate = true> <Delay = 0.00>
ST_3 : Operation 50 [3/3] (1.05ns) (grouped into DSP with root node add_ln184_1)   --->   "%mul_ln184 = mul i9 %zext_ln184_1, i9 19" [kern.cpp:184]   --->   Operation 50 'mul' 'mul_ln184' <Predicate = true> <Delay = 1.05> <CoreInst = "DSP48">   --->   Core 116 'DSP48' <Latency = 3> <II = 1> <Delay = 2.15> <IPBlock> <Opcode : 'add' 'sub' 'mul' 'select'> <InPorts = 0> <OutPorts = 1> <Sync> <CReg>
ST_3 : Operation 51 [1/1] (0.00ns)   --->   "%zext_ln175 = zext i3 %select_ln174" [kern.cpp:175]   --->   Operation 51 'zext' 'zext_ln175' <Predicate = true> <Delay = 0.00>
ST_3 : Operation 52 [1/2] ( I:3.25ns O:3.25ns )   --->   "%a00 = load i9 %buffer_0_addr" [kern.cpp:178]   --->   Operation 52 'load' 'a00' <Predicate = true> <Delay = 3.25> <CoreInst = "RAM">   --->   Core 81 'RAM' <Latency = 1> <II = 1> <Delay = 3.25> <Storage> <Opcode : 'load' 'store'> <Ports = 2> <Width = 32> <Depth = 512> <RAM>
ST_3 : Operation 53 [1/2] ( I:3.25ns O:3.25ns )   --->   "%a01 = load i9 %buffer_1_addr" [kern.cpp:179]   --->   Operation 53 'load' 'a01' <Predicate = true> <Delay = 3.25> <CoreInst = "RAM">   --->   Core 81 'RAM' <Latency = 1> <II = 1> <Delay = 3.25> <Storage> <Opcode : 'load' 'store'> <Ports = 2> <Width = 32> <Depth = 512> <RAM>
ST_3 : Operation 54 [1/1] (1.78ns)   --->   "%add_ln180 = add i5 %zext_ln175, i5 %or_ln" [kern.cpp:180]   --->   Operation 54 'add' 'add_ln180' <Predicate = true> <Delay = 1.78> <CoreInst = "Adder">   --->   Core 1 'Adder' <Latency = 0> <II = 1> <Delay = 1.78> <FuncUnit> <Opcode : 'add' 'sub'> <InPorts = 2> <OutPorts = 1>
ST_3 : Operation 55 [1/1] (0.00ns)   --->   "%zext_ln180 = zext i5 %add_ln180" [kern.cpp:180]   --->   Operation 55 'zext' 'zext_ln180' <Predicate = true> <Delay = 0.00>
ST_3 : Operation 56 [1/1] (0.00ns)   --->   "%buffer_0_addr_2 = getelementptr i32 %buffer_0, i64 0, i64 %zext_ln180" [kern.cpp:180]   --->   Operation 56 'getelementptr' 'buffer_0_addr_2' <Predicate = true> <Delay = 0.00>
ST_3 : Operation 57 [2/2] (3.25ns)   --->   "%a10 = load i9 %buffer_0_addr_2" [kern.cpp:180]   --->   Operation 57 'load' 'a10' <Predicate = true> <Delay = 3.25> <CoreInst = "RAM">   --->   Core 81 'RAM' <Latency = 1> <II = 1> <Delay = 3.25> <Storage> <Opcode : 'load' 'store'> <Ports = 2> <Width = 32> <Depth = 512> <RAM>
ST_3 : Operation 58 [1/1] (0.00ns)   --->   "%buffer_1_addr_2 = getelementptr i32 %buffer_1, i64 0, i64 %zext_ln180" [kern.cpp:181]   --->   Operation 58 'getelementptr' 'buffer_1_addr_2' <Predicate = true> <Delay = 0.00>
ST_3 : Operation 59 [2/2] (3.25ns)   --->   "%a11 = load i9 %buffer_1_addr_2" [kern.cpp:181]   --->   Operation 59 'load' 'a11' <Predicate = true> <Delay = 3.25> <CoreInst = "RAM">   --->   Core 81 'RAM' <Latency = 1> <II = 1> <Delay = 3.25> <Storage> <Opcode : 'load' 'store'> <Ports = 2> <Width = 32> <Depth = 512> <RAM>
ST_3 : Operation 60 [1/1] (2.55ns)   --->   "%icmp_ln182 = icmp_sgt  i32 %a00, i32 %a01" [kern.cpp:182]   --->   Operation 60 'icmp' 'icmp_ln182' <Predicate = true> <Delay = 2.55> <CoreInst = "Cmp">   --->   Core 9 'Cmp' <Latency = 0> <II = 1> <Delay = 2.55> <FuncUnit> <Opcode : 'seteq' 'setne' 'setle' 'setge' 'setlt' 'setgt'> <InPorts = 2> <OutPorts = 1>
ST_3 : Operation 61 [1/1] (0.69ns)   --->   "%select_ln182 = select i1 %icmp_ln182, i32 %a00, i32 %a01" [kern.cpp:182]   --->   Operation 61 'select' 'select_ln182' <Predicate = true> <Delay = 0.69> <CoreInst = "Sel">   --->   Core 73 'Sel' <Latency = 0> <II = 1> <Delay = 0.69> <FuncUnit> <Opcode : 'select'> <InPorts = 3> <OutPorts = 1>
ST_3 : Operation 62 [1/1] ( I:3.25ns O:3.25ns )   --->   "%store_ln187 = store i32 0, i9 %buffer_0_addr_2" [kern.cpp:187]   --->   Operation 62 'store' 'store_ln187' <Predicate = true> <Delay = 3.25> <CoreInst = "RAM">   --->   Core 81 'RAM' <Latency = 1> <II = 1> <Delay = 3.25> <Storage> <Opcode : 'load' 'store'> <Ports = 2> <Width = 32> <Depth = 512> <RAM>
ST_3 : Operation 63 [1/1] ( I:3.25ns O:3.25ns )   --->   "%store_ln188 = store i32 0, i9 %buffer_1_addr_2" [kern.cpp:188]   --->   Operation 63 'store' 'store_ln188' <Predicate = true> <Delay = 3.25> <CoreInst = "RAM">   --->   Core 81 'RAM' <Latency = 1> <II = 1> <Delay = 3.25> <Storage> <Opcode : 'load' 'store'> <Ports = 2> <Width = 32> <Depth = 512> <RAM>
ST_3 : Operation 64 [1/1] (0.00ns)   --->   "%br_ln175 = br void %for.body70" [kern.cpp:175]   --->   Operation 64 'br' 'br_ln175' <Predicate = true> <Delay = 0.00>

State 4 <SV = 3> <Delay = 6.50>
ST_4 : Operation 65 [2/3] (1.05ns) (grouped into DSP with root node add_ln184_1)   --->   "%mul_ln184 = mul i9 %zext_ln184_1, i9 19" [kern.cpp:184]   --->   Operation 65 'mul' 'mul_ln184' <Predicate = true> <Delay = 1.05> <CoreInst = "DSP48">   --->   Core 116 'DSP48' <Latency = 3> <II = 1> <Delay = 2.15> <IPBlock> <Opcode : 'add' 'sub' 'mul' 'select'> <InPorts = 0> <OutPorts = 1> <Sync> <CReg>
ST_4 : Operation 66 [1/2] ( I:3.25ns O:3.25ns )   --->   "%a10 = load i9 %buffer_0_addr_2" [kern.cpp:180]   --->   Operation 66 'load' 'a10' <Predicate = true> <Delay = 3.25> <CoreInst = "RAM">   --->   Core 81 'RAM' <Latency = 1> <II = 1> <Delay = 3.25> <Storage> <Opcode : 'load' 'store'> <Ports = 2> <Width = 32> <Depth = 512> <RAM>
ST_4 : Operation 67 [1/2] ( I:3.25ns O:3.25ns )   --->   "%a11 = load i9 %buffer_1_addr_2" [kern.cpp:181]   --->   Operation 67 'load' 'a11' <Predicate = true> <Delay = 3.25> <CoreInst = "RAM">   --->   Core 81 'RAM' <Latency = 1> <II = 1> <Delay = 3.25> <Storage> <Opcode : 'load' 'store'> <Ports = 2> <Width = 32> <Depth = 512> <RAM>
ST_4 : Operation 68 [1/1] (2.55ns)   --->   "%icmp_ln182_1 = icmp_sgt  i32 %a10, i32 %a11" [kern.cpp:182]   --->   Operation 68 'icmp' 'icmp_ln182_1' <Predicate = true> <Delay = 2.55> <CoreInst = "Cmp">   --->   Core 9 'Cmp' <Latency = 0> <II = 1> <Delay = 2.55> <FuncUnit> <Opcode : 'seteq' 'setne' 'setle' 'setge' 'setlt' 'setgt'> <InPorts = 2> <OutPorts = 1>
ST_4 : Operation 69 [1/1] (0.69ns)   --->   "%select_ln182_1 = select i1 %icmp_ln182_1, i32 %a10, i32 %a11" [kern.cpp:182]   --->   Operation 69 'select' 'select_ln182_1' <Predicate = true> <Delay = 0.69> <CoreInst = "Sel">   --->   Core 73 'Sel' <Latency = 0> <II = 1> <Delay = 0.69> <FuncUnit> <Opcode : 'select'> <InPorts = 3> <OutPorts = 1>

State 5 <SV = 4> <Delay = 5.10>
ST_5 : Operation 70 [1/3] (0.00ns) (grouped into DSP with root node add_ln184_1)   --->   "%mul_ln184 = mul i9 %zext_ln184_1, i9 19" [kern.cpp:184]   --->   Operation 70 'mul' 'mul_ln184' <Predicate = true> <Delay = 0.00> <CoreInst = "DSP48">   --->   Core 116 'DSP48' <Latency = 3> <II = 1> <Delay = 2.15> <IPBlock> <Opcode : 'add' 'sub' 'mul' 'select'> <InPorts = 0> <OutPorts = 1> <Sync> <CReg>
ST_5 : Operation 71 [2/2] (2.10ns) (root node of the DSP)   --->   "%add_ln184_1 = add i9 %mul_ln184, i9 %zext_ln139_read" [kern.cpp:184]   --->   Operation 71 'add' 'add_ln184_1' <Predicate = true> <Delay = 2.10> <CoreInst = "DSP48">   --->   Core 116 'DSP48' <Latency = 3> <II = 1> <Delay = 2.15> <IPBlock> <Opcode : 'add' 'sub' 'mul' 'select'> <InPorts = 0> <OutPorts = 1> <Sync> <CReg>
ST_5 : Operation 72 [1/1] (2.55ns)   --->   "%icmp_ln182_2 = icmp_sgt  i32 %select_ln182, i32 %select_ln182_1" [kern.cpp:182]   --->   Operation 72 'icmp' 'icmp_ln182_2' <Predicate = true> <Delay = 2.55> <CoreInst = "Cmp">   --->   Core 9 'Cmp' <Latency = 0> <II = 1> <Delay = 2.55> <FuncUnit> <Opcode : 'seteq' 'setne' 'setle' 'setge' 'setlt' 'setgt'> <InPorts = 2> <OutPorts = 1>
ST_5 : Operation 73 [1/1] (0.00ns) (grouped into LUT with out node val)   --->   "%mx = select i1 %icmp_ln182_2, i32 %select_ln182, i32 %select_ln182_1" [kern.cpp:182]   --->   Operation 73 'select' 'mx' <Predicate = true> <Delay = 0.00> <CoreInst = "Sel">   --->   Core 73 'Sel' <Latency = 0> <II = 1> <Delay = 0.69> <FuncUnit> <Opcode : 'select'> <InPorts = 3> <OutPorts = 1>
ST_5 : Operation 74 [1/1] (2.55ns) (out node of the LUT)   --->   "%val = add i32 %mx, i32 %sext_ln149_cast" [kern.cpp:184]   --->   Operation 74 'add' 'val' <Predicate = true> <Delay = 2.55> <CoreInst = "Adder">   --->   Core 1 'Adder' <Latency = 0> <II = 1> <Delay = 2.55> <FuncUnit> <Opcode : 'add' 'sub'> <InPorts = 2> <OutPorts = 1>
ST_5 : Operation 75 [1/1] (0.00ns)   --->   "%tmp = bitselect i1 @_ssdm_op_BitSelect.i1.i32.i32, i32 %val, i32 31" [kern.cpp:25->kern.cpp:184]   --->   Operation 75 'bitselect' 'tmp' <Predicate = true> <Delay = 0.00>
ST_5 : Operation 124 [1/1] (1.58ns)   --->   "%ret_ln0 = ret"   --->   Operation 124 'ret' 'ret_ln0' <Predicate = (icmp_ln174)> <Delay = 1.58>

State 6 <SV = 5> <Delay = 4.42>
ST_6 : Operation 76 [1/1] (0.00ns)   --->   "%specloopname_ln0 = specloopname void @_ssdm_op_SpecLoopName, void @L3_FH_L3_FW_str"   --->   Operation 76 'specloopname' 'specloopname_ln0' <Predicate = true> <Delay = 0.00>
ST_6 : Operation 77 [1/1] (0.00ns)   --->   "%speclooptripcount_ln0 = speclooptripcount void @_ssdm_op_SpecLoopTripCount, i64 16, i64 16, i64 16"   --->   Operation 77 'speclooptripcount' 'speclooptripcount_ln0' <Predicate = true> <Delay = 0.00>
ST_6 : Operation 78 [1/2] (2.10ns) (root node of the DSP)   --->   "%add_ln184_1 = add i9 %mul_ln184, i9 %zext_ln139_read" [kern.cpp:184]   --->   Operation 78 'add' 'add_ln184_1' <Predicate = true> <Delay = 2.10> <CoreInst = "DSP48">   --->   Core 116 'DSP48' <Latency = 3> <II = 1> <Delay = 2.15> <IPBlock> <Opcode : 'add' 'sub' 'mul' 'select'> <InPorts = 0> <OutPorts = 1> <Sync> <CReg>
ST_6 : Operation 79 [1/1] (0.00ns)   --->   "%zext_ln184_2 = zext i9 %add_ln184_1" [kern.cpp:184]   --->   Operation 79 'zext' 'zext_ln184_2' <Predicate = true> <Delay = 0.00>
ST_6 : Operation 80 [1/1] (0.00ns)   --->   "%output_0_addr = getelementptr i1 %output_0, i64 0, i64 %zext_ln184_2" [kern.cpp:184]   --->   Operation 80 'getelementptr' 'output_0_addr' <Predicate = true> <Delay = 0.00>
ST_6 : Operation 81 [1/1] (0.00ns)   --->   "%output_1_addr = getelementptr i1 %output_1, i64 0, i64 %zext_ln184_2" [kern.cpp:184]   --->   Operation 81 'getelementptr' 'output_1_addr' <Predicate = true> <Delay = 0.00>
ST_6 : Operation 82 [1/1] (0.00ns)   --->   "%output_2_addr = getelementptr i1 %output_2, i64 0, i64 %zext_ln184_2" [kern.cpp:184]   --->   Operation 82 'getelementptr' 'output_2_addr' <Predicate = true> <Delay = 0.00>
ST_6 : Operation 83 [1/1] (0.00ns)   --->   "%output_3_addr = getelementptr i1 %output_3, i64 0, i64 %zext_ln184_2" [kern.cpp:184]   --->   Operation 83 'getelementptr' 'output_3_addr' <Predicate = true> <Delay = 0.00>
ST_6 : Operation 84 [1/1] (0.00ns)   --->   "%output_4_addr = getelementptr i1 %output_4, i64 0, i64 %zext_ln184_2" [kern.cpp:184]   --->   Operation 84 'getelementptr' 'output_4_addr' <Predicate = true> <Delay = 0.00>
ST_6 : Operation 85 [1/1] (0.00ns)   --->   "%output_5_addr = getelementptr i1 %output_5, i64 0, i64 %zext_ln184_2" [kern.cpp:184]   --->   Operation 85 'getelementptr' 'output_5_addr' <Predicate = true> <Delay = 0.00>
ST_6 : Operation 86 [1/1] (0.00ns)   --->   "%output_6_addr = getelementptr i1 %output_6, i64 0, i64 %zext_ln184_2" [kern.cpp:184]   --->   Operation 86 'getelementptr' 'output_6_addr' <Predicate = true> <Delay = 0.00>
ST_6 : Operation 87 [1/1] (0.00ns)   --->   "%output_7_addr = getelementptr i1 %output_7, i64 0, i64 %zext_ln184_2" [kern.cpp:184]   --->   Operation 87 'getelementptr' 'output_7_addr' <Predicate = true> <Delay = 0.00>
ST_6 : Operation 88 [1/1] (0.00ns)   --->   "%output_8_addr = getelementptr i1 %output_8, i64 0, i64 %zext_ln184_2" [kern.cpp:184]   --->   Operation 88 'getelementptr' 'output_8_addr' <Predicate = true> <Delay = 0.00>
ST_6 : Operation 89 [1/1] (0.00ns)   --->   "%output_9_addr = getelementptr i1 %output_9, i64 0, i64 %zext_ln184_2" [kern.cpp:184]   --->   Operation 89 'getelementptr' 'output_9_addr' <Predicate = true> <Delay = 0.00>
ST_6 : Operation 90 [1/1] (0.00ns)   --->   "%output_10_addr = getelementptr i1 %output_10, i64 0, i64 %zext_ln184_2" [kern.cpp:184]   --->   Operation 90 'getelementptr' 'output_10_addr' <Predicate = true> <Delay = 0.00>
ST_6 : Operation 91 [1/1] (0.00ns)   --->   "%output_11_addr = getelementptr i1 %output_11, i64 0, i64 %zext_ln184_2" [kern.cpp:184]   --->   Operation 91 'getelementptr' 'output_11_addr' <Predicate = true> <Delay = 0.00>
ST_6 : Operation 92 [1/1] (0.00ns)   --->   "%output_12_addr = getelementptr i1 %output_12, i64 0, i64 %zext_ln184_2" [kern.cpp:184]   --->   Operation 92 'getelementptr' 'output_12_addr' <Predicate = true> <Delay = 0.00>
ST_6 : Operation 93 [1/1] (0.00ns)   --->   "%output_13_addr = getelementptr i1 %output_13, i64 0, i64 %zext_ln184_2" [kern.cpp:184]   --->   Operation 93 'getelementptr' 'output_13_addr' <Predicate = true> <Delay = 0.00>
ST_6 : Operation 94 [1/1] (0.00ns)   --->   "%specpipeline_ln176 = specpipeline void @_ssdm_op_SpecPipeline, i32 1, i32 0, i32 0, i32 0, i32 4294967295, void @empty_5" [kern.cpp:176]   --->   Operation 94 'specpipeline' 'specpipeline_ln176' <Predicate = true> <Delay = 0.00>
ST_6 : Operation 95 [1/1] (0.97ns)   --->   "%xor_ln25 = xor i1 %tmp, i1 1" [kern.cpp:25->kern.cpp:184]   --->   Operation 95 'xor' 'xor_ln25' <Predicate = true> <Delay = 0.97> <CoreInst = "LogicGate">   --->   Core 74 'LogicGate' <Latency = 0> <II = 1> <Delay = 0.97> <FuncUnit> <Opcode : 'and' 'or' 'xor'> <InPorts = 2> <OutPorts = 1>
ST_6 : Operation 96 [1/1] ( I:2.32ns O:2.32ns )   --->   "%store_ln184 = store i1 %xor_ln25, i9 %output_12_addr" [kern.cpp:184]   --->   Operation 96 'store' 'store_ln184' <Predicate = (select_ln139_read == 12)> <Delay = 2.32> <CoreInst = "RAM">   --->   Core 81 'RAM' <Latency = 1> <II = 1> <Delay = 2.32> <Storage> <Opcode : 'load' 'store'> <Ports = 2> <Width = 1> <Depth = 304> <RAM>
ST_6 : Operation 97 [1/1] (0.00ns)   --->   "%br_ln184 = br void %arrayidx121518.exit" [kern.cpp:184]   --->   Operation 97 'br' 'br_ln184' <Predicate = (select_ln139_read == 12)> <Delay = 0.00>
ST_6 : Operation 98 [1/1] ( I:2.32ns O:2.32ns )   --->   "%store_ln184 = store i1 %xor_ln25, i9 %output_11_addr" [kern.cpp:184]   --->   Operation 98 'store' 'store_ln184' <Predicate = (select_ln139_read == 11)> <Delay = 2.32> <CoreInst = "RAM">   --->   Core 81 'RAM' <Latency = 1> <II = 1> <Delay = 2.32> <Storage> <Opcode : 'load' 'store'> <Ports = 2> <Width = 1> <Depth = 304> <RAM>
ST_6 : Operation 99 [1/1] (0.00ns)   --->   "%br_ln184 = br void %arrayidx121518.exit" [kern.cpp:184]   --->   Operation 99 'br' 'br_ln184' <Predicate = (select_ln139_read == 11)> <Delay = 0.00>
ST_6 : Operation 100 [1/1] ( I:2.32ns O:2.32ns )   --->   "%store_ln184 = store i1 %xor_ln25, i9 %output_10_addr" [kern.cpp:184]   --->   Operation 100 'store' 'store_ln184' <Predicate = (select_ln139_read == 10)> <Delay = 2.32> <CoreInst = "RAM">   --->   Core 81 'RAM' <Latency = 1> <II = 1> <Delay = 2.32> <Storage> <Opcode : 'load' 'store'> <Ports = 2> <Width = 1> <Depth = 304> <RAM>
ST_6 : Operation 101 [1/1] (0.00ns)   --->   "%br_ln184 = br void %arrayidx121518.exit" [kern.cpp:184]   --->   Operation 101 'br' 'br_ln184' <Predicate = (select_ln139_read == 10)> <Delay = 0.00>
ST_6 : Operation 102 [1/1] ( I:2.32ns O:2.32ns )   --->   "%store_ln184 = store i1 %xor_ln25, i9 %output_9_addr" [kern.cpp:184]   --->   Operation 102 'store' 'store_ln184' <Predicate = (select_ln139_read == 9)> <Delay = 2.32> <CoreInst = "RAM">   --->   Core 81 'RAM' <Latency = 1> <II = 1> <Delay = 2.32> <Storage> <Opcode : 'load' 'store'> <Ports = 2> <Width = 1> <Depth = 304> <RAM>
ST_6 : Operation 103 [1/1] (0.00ns)   --->   "%br_ln184 = br void %arrayidx121518.exit" [kern.cpp:184]   --->   Operation 103 'br' 'br_ln184' <Predicate = (select_ln139_read == 9)> <Delay = 0.00>
ST_6 : Operation 104 [1/1] ( I:2.32ns O:2.32ns )   --->   "%store_ln184 = store i1 %xor_ln25, i9 %output_8_addr" [kern.cpp:184]   --->   Operation 104 'store' 'store_ln184' <Predicate = (select_ln139_read == 8)> <Delay = 2.32> <CoreInst = "RAM">   --->   Core 81 'RAM' <Latency = 1> <II = 1> <Delay = 2.32> <Storage> <Opcode : 'load' 'store'> <Ports = 2> <Width = 1> <Depth = 304> <RAM>
ST_6 : Operation 105 [1/1] (0.00ns)   --->   "%br_ln184 = br void %arrayidx121518.exit" [kern.cpp:184]   --->   Operation 105 'br' 'br_ln184' <Predicate = (select_ln139_read == 8)> <Delay = 0.00>
ST_6 : Operation 106 [1/1] ( I:2.32ns O:2.32ns )   --->   "%store_ln184 = store i1 %xor_ln25, i9 %output_7_addr" [kern.cpp:184]   --->   Operation 106 'store' 'store_ln184' <Predicate = (select_ln139_read == 7)> <Delay = 2.32> <CoreInst = "RAM">   --->   Core 81 'RAM' <Latency = 1> <II = 1> <Delay = 2.32> <Storage> <Opcode : 'load' 'store'> <Ports = 2> <Width = 1> <Depth = 304> <RAM>
ST_6 : Operation 107 [1/1] (0.00ns)   --->   "%br_ln184 = br void %arrayidx121518.exit" [kern.cpp:184]   --->   Operation 107 'br' 'br_ln184' <Predicate = (select_ln139_read == 7)> <Delay = 0.00>
ST_6 : Operation 108 [1/1] ( I:2.32ns O:2.32ns )   --->   "%store_ln184 = store i1 %xor_ln25, i9 %output_6_addr" [kern.cpp:184]   --->   Operation 108 'store' 'store_ln184' <Predicate = (select_ln139_read == 6)> <Delay = 2.32> <CoreInst = "RAM">   --->   Core 81 'RAM' <Latency = 1> <II = 1> <Delay = 2.32> <Storage> <Opcode : 'load' 'store'> <Ports = 2> <Width = 1> <Depth = 304> <RAM>
ST_6 : Operation 109 [1/1] (0.00ns)   --->   "%br_ln184 = br void %arrayidx121518.exit" [kern.cpp:184]   --->   Operation 109 'br' 'br_ln184' <Predicate = (select_ln139_read == 6)> <Delay = 0.00>
ST_6 : Operation 110 [1/1] ( I:2.32ns O:2.32ns )   --->   "%store_ln184 = store i1 %xor_ln25, i9 %output_5_addr" [kern.cpp:184]   --->   Operation 110 'store' 'store_ln184' <Predicate = (select_ln139_read == 5)> <Delay = 2.32> <CoreInst = "RAM">   --->   Core 81 'RAM' <Latency = 1> <II = 1> <Delay = 2.32> <Storage> <Opcode : 'load' 'store'> <Ports = 2> <Width = 1> <Depth = 304> <RAM>
ST_6 : Operation 111 [1/1] (0.00ns)   --->   "%br_ln184 = br void %arrayidx121518.exit" [kern.cpp:184]   --->   Operation 111 'br' 'br_ln184' <Predicate = (select_ln139_read == 5)> <Delay = 0.00>
ST_6 : Operation 112 [1/1] ( I:2.32ns O:2.32ns )   --->   "%store_ln184 = store i1 %xor_ln25, i9 %output_4_addr" [kern.cpp:184]   --->   Operation 112 'store' 'store_ln184' <Predicate = (select_ln139_read == 4)> <Delay = 2.32> <CoreInst = "RAM">   --->   Core 81 'RAM' <Latency = 1> <II = 1> <Delay = 2.32> <Storage> <Opcode : 'load' 'store'> <Ports = 2> <Width = 1> <Depth = 304> <RAM>
ST_6 : Operation 113 [1/1] (0.00ns)   --->   "%br_ln184 = br void %arrayidx121518.exit" [kern.cpp:184]   --->   Operation 113 'br' 'br_ln184' <Predicate = (select_ln139_read == 4)> <Delay = 0.00>
ST_6 : Operation 114 [1/1] ( I:2.32ns O:2.32ns )   --->   "%store_ln184 = store i1 %xor_ln25, i9 %output_3_addr" [kern.cpp:184]   --->   Operation 114 'store' 'store_ln184' <Predicate = (select_ln139_read == 3)> <Delay = 2.32> <CoreInst = "RAM">   --->   Core 81 'RAM' <Latency = 1> <II = 1> <Delay = 2.32> <Storage> <Opcode : 'load' 'store'> <Ports = 2> <Width = 1> <Depth = 304> <RAM>
ST_6 : Operation 115 [1/1] (0.00ns)   --->   "%br_ln184 = br void %arrayidx121518.exit" [kern.cpp:184]   --->   Operation 115 'br' 'br_ln184' <Predicate = (select_ln139_read == 3)> <Delay = 0.00>
ST_6 : Operation 116 [1/1] ( I:2.32ns O:2.32ns )   --->   "%store_ln184 = store i1 %xor_ln25, i9 %output_2_addr" [kern.cpp:184]   --->   Operation 116 'store' 'store_ln184' <Predicate = (select_ln139_read == 2)> <Delay = 2.32> <CoreInst = "RAM">   --->   Core 81 'RAM' <Latency = 1> <II = 1> <Delay = 2.32> <Storage> <Opcode : 'load' 'store'> <Ports = 2> <Width = 1> <Depth = 304> <RAM>
ST_6 : Operation 117 [1/1] (0.00ns)   --->   "%br_ln184 = br void %arrayidx121518.exit" [kern.cpp:184]   --->   Operation 117 'br' 'br_ln184' <Predicate = (select_ln139_read == 2)> <Delay = 0.00>
ST_6 : Operation 118 [1/1] ( I:2.32ns O:2.32ns )   --->   "%store_ln184 = store i1 %xor_ln25, i9 %output_1_addr" [kern.cpp:184]   --->   Operation 118 'store' 'store_ln184' <Predicate = (select_ln139_read == 1)> <Delay = 2.32> <CoreInst = "RAM">   --->   Core 81 'RAM' <Latency = 1> <II = 1> <Delay = 2.32> <Storage> <Opcode : 'load' 'store'> <Ports = 2> <Width = 1> <Depth = 304> <RAM>
ST_6 : Operation 119 [1/1] (0.00ns)   --->   "%br_ln184 = br void %arrayidx121518.exit" [kern.cpp:184]   --->   Operation 119 'br' 'br_ln184' <Predicate = (select_ln139_read == 1)> <Delay = 0.00>
ST_6 : Operation 120 [1/1] ( I:2.32ns O:2.32ns )   --->   "%store_ln184 = store i1 %xor_ln25, i9 %output_0_addr" [kern.cpp:184]   --->   Operation 120 'store' 'store_ln184' <Predicate = (select_ln139_read == 0)> <Delay = 2.32> <CoreInst = "RAM">   --->   Core 81 'RAM' <Latency = 1> <II = 1> <Delay = 2.32> <Storage> <Opcode : 'load' 'store'> <Ports = 2> <Width = 1> <Depth = 304> <RAM>
ST_6 : Operation 121 [1/1] (0.00ns)   --->   "%br_ln184 = br void %arrayidx121518.exit" [kern.cpp:184]   --->   Operation 121 'br' 'br_ln184' <Predicate = (select_ln139_read == 0)> <Delay = 0.00>
ST_6 : Operation 122 [1/1] ( I:2.32ns O:2.32ns )   --->   "%store_ln184 = store i1 %xor_ln25, i9 %output_13_addr" [kern.cpp:184]   --->   Operation 122 'store' 'store_ln184' <Predicate = (select_ln139_read == 15) | (select_ln139_read == 14) | (select_ln139_read == 13)> <Delay = 2.32> <CoreInst = "RAM">   --->   Core 81 'RAM' <Latency = 1> <II = 1> <Delay = 2.32> <Storage> <Opcode : 'load' 'store'> <Ports = 2> <Width = 1> <Depth = 304> <RAM>
ST_6 : Operation 123 [1/1] (0.00ns)   --->   "%br_ln184 = br void %arrayidx121518.exit" [kern.cpp:184]   --->   Operation 123 'br' 'br_ln184' <Predicate = (select_ln139_read == 15) | (select_ln139_read == 14) | (select_ln139_read == 13)> <Delay = 0.00>


============================================================
+ Verbose Summary: Timing violations
============================================================
Target clock period: 10.000ns, clock uncertainty: 2.700ns.

 <State 1>: 4.956ns
The critical path consists of the following:
	'store' operation ('store_ln0') of constant 0 5 bit on local variable 'indvar_flatten6' [27]  (1.588 ns)
	'load' operation 5 bit ('indvar_flatten6_load', kern.cpp:174) on local variable 'indvar_flatten6' [32]  (0.000 ns)
	'icmp' operation 1 bit ('icmp_ln174', kern.cpp:174) [33]  (1.780 ns)
	'store' operation ('store_ln174', kern.cpp:174) of variable 'add_ln174_1', kern.cpp:174 5 bit on local variable 'indvar_flatten6' [141]  (1.588 ns)

 <State 2>: 5.884ns
The critical path consists of the following:
	'load' operation 3 bit ('ow_load', kern.cpp:175) on local variable 'ow', kern.cpp:175 [37]  (0.000 ns)
	'icmp' operation 1 bit ('icmp_ln175', kern.cpp:175) [42]  (1.650 ns)
	'select' operation 3 bit ('select_ln174_1', kern.cpp:174) [44]  (0.980 ns)
	'getelementptr' operation 9 bit ('buffer_0_addr', kern.cpp:178) [73]  (0.000 ns)
	'store' operation ('store_ln185', kern.cpp:185) of constant 0 32 bit on array 'buffer_0' [136]  (3.254 ns)

 <State 3>: 6.504ns
The critical path consists of the following:
	'load' operation 32 bit ('a00', kern.cpp:178) on array 'buffer_0' [74]  (3.254 ns)
	'icmp' operation 1 bit ('icmp_ln182', kern.cpp:182) [83]  (2.552 ns)
	'select' operation 32 bit ('select_ln182', kern.cpp:182) [84]  (0.698 ns)

 <State 4>: 6.504ns
The critical path consists of the following:
	'load' operation 32 bit ('a10', kern.cpp:180) on array 'buffer_0' [80]  (3.254 ns)
	'icmp' operation 1 bit ('icmp_ln182_1', kern.cpp:182) [85]  (2.552 ns)
	'select' operation 32 bit ('select_ln182_1', kern.cpp:182) [86]  (0.698 ns)

 <State 5>: 5.104ns
The critical path consists of the following:
	'icmp' operation 1 bit ('icmp_ln182_2', kern.cpp:182) [87]  (2.552 ns)
	'select' operation 32 bit ('mx', kern.cpp:182) [88]  (0.000 ns)
	'add' operation 32 bit ('val', kern.cpp:184) [89]  (2.552 ns)

 <State 6>: 4.422ns
The critical path consists of the following:
	'add' operation 9 bit of DSP[53] ('add_ln184_1', kern.cpp:184) [53]  (2.100 ns)
	'getelementptr' operation 9 bit ('output_8_addr', kern.cpp:184) [63]  (0.000 ns)
	'store' operation ('store_ln184', kern.cpp:184) of variable 'xor_ln25', kern.cpp:25->kern.cpp:184 1 bit on array 'output_8' [106]  (2.322 ns)


============================================================
+ Verbose Summary: Binding
============================================================
N/A
* FSMD analyzer results:
  - Output states:
 - Input state : 
  - Chain level:
	State 1
	State 2
	State 3
	State 4
	State 5
	State 6


============================================================
+ Verbose Summary: Datapath Resource usage 
============================================================
N/A
