

================================================================
== Vitis HLS Report for 'conv2d_l4_Pipeline_L4_FH_L4_FW'
================================================================
* Date:           Fri May  1 23:52:22 2026

* Version:        2025.2 (Build 6295257 on Nov 14 2025)
* Project:        hls_component
* Solution:       hls (Vivado IP Flow Target)
* Product family: zynq
* Target device:  xc7z020-clg400-1


================================================================
== Performance Estimates
================================================================
+ Timing: 
    * Summary: 
    +--------+----------+----------+------------+
    |  Clock |  Target  | Estimated| Uncertainty|
    +--------+----------+----------+------------+
    |ap_clk  |  13.00 ns|  7.400 ns|     3.51 ns|
    +--------+----------+----------+------------+

+ Latency: 
    * Summary: 
    +---------+---------+----------+----------+-----+-----+-------------------+
    |  Latency (cycles) |  Latency (absolute) |  Interval |      Pipeline     |
    |   min   |   max   |    min   |    max   | min | max |        Type       |
    +---------+---------+----------+----------+-----+-----+-------------------+
    |        8|        8|  0.104 us|  0.104 us|    0|    0|  loop pipeline stp|
    +---------+---------+----------+----------+-----+-----+-------------------+

    + Detail: 
        * Instance: 
        N/A

        * Loop: 
        +---------------+---------+---------+----------+-----------+-----------+------+----------+
        |               |  Latency (cycles) | Iteration|  Initiation Interval  | Trip |          |
        |   Loop Name   |   min   |   max   |  Latency |  achieved |   target  | Count| Pipelined|
        +---------------+---------+---------+----------+-----------+-----------+------+----------+
        |- L4_FH_L4_FW  |        6|        6|         4|          1|          1|     4|       yes|
        +---------------+---------+---------+----------+-----------+-----------+------+----------+

============================================================
+ Verbose Summary: Synthesis Manager
============================================================
InlineROM: 1
ExposeGlobal: 0
============================================================
+ Verbose Summary: CDFG Model
============================================================
IsTopModel: 0
ResetActiveHigh: 1
IsCombinational: 0
IsDatapathOnly: 0
HasWiredReturn: 1
HasMFsm: 2
HasVarLatency: 1
IsPipeline: 0
IsRtlPipelined: 0
IsInstanceOverlapped: 0
IsDontTouch: 0
HasImplIP: 0
IsGatedGlobalClock: 0

+ Individual pipeline summary: 
  * Pipeline-0: initiation interval (II) = 1, depth = 4


============================================================
+ Verbose Summary: Schedule
============================================================
* Number of FSM states : 4
* Pipeline : 1
  Pipeline-0 : II = 1, D = 4, States = { 1 2 3 4 }
* Dataflow Pipeline: 0

* FSM state transitions: 
1 --> 2 
2 --> 3 
3 --> 4 
4 --> 

* FSM state operations: 

State 1 <SV = 0> <Delay = 7.40>
ST_1 : Operation 7 [1/1] (0.00ns)   --->   "%ow = alloca i32 1" [kern.cpp:231]   --->   Operation 7 'alloca' 'ow' <Predicate = true> <Delay = 0.00>
ST_1 : Operation 8 [1/1] (0.00ns)   --->   "%oh = alloca i32 1" [kern.cpp:230]   --->   Operation 8 'alloca' 'oh' <Predicate = true> <Delay = 0.00>
ST_1 : Operation 9 [1/1] (0.00ns)   --->   "%indvar_flatten6 = alloca i32 1"   --->   Operation 9 'alloca' 'indvar_flatten6' <Predicate = true> <Delay = 0.00>
ST_1 : Operation 10 [1/1] (0.00ns)   --->   "%select_ln195_read = read i4 @_ssdm_op_Read.ap_auto.i4, i4 %select_ln195"   --->   Operation 10 'read' 'select_ln195_read' <Predicate = true> <Delay = 0.00>
ST_1 : Operation 11 [1/1] (0.00ns)   --->   "%sext_ln205_read = read i16 @_ssdm_op_Read.ap_auto.i16, i16 %sext_ln205"   --->   Operation 11 'read' 'sext_ln205_read' <Predicate = true> <Delay = 0.00>
ST_1 : Operation 12 [1/1] (0.00ns)   --->   "%zext_ln195_read = read i8 @_ssdm_op_Read.ap_auto.i8, i8 %zext_ln195"   --->   Operation 12 'read' 'zext_ln195_read' <Predicate = true> <Delay = 0.00>
ST_1 : Operation 13 [1/1] (0.00ns)   --->   "%sext_ln205_cast = sext i16 %sext_ln205_read"   --->   Operation 13 'sext' 'sext_ln205_cast' <Predicate = true> <Delay = 0.00>
ST_1 : Operation 14 [1/1] (1.58ns)   --->   "%store_ln0 = store i3 0, i3 %indvar_flatten6"   --->   Operation 14 'store' 'store_ln0' <Predicate = true> <Delay = 1.58>
ST_1 : Operation 15 [1/1] (1.58ns)   --->   "%store_ln230 = store i2 0, i2 %oh" [kern.cpp:230]   --->   Operation 15 'store' 'store_ln230' <Predicate = true> <Delay = 1.58>
ST_1 : Operation 16 [1/1] (1.58ns)   --->   "%store_ln231 = store i2 0, i2 %ow" [kern.cpp:231]   --->   Operation 16 'store' 'store_ln231' <Predicate = true> <Delay = 1.58>
ST_1 : Operation 17 [1/1] (0.00ns)   --->   "%br_ln0 = br void %for.body70"   --->   Operation 17 'br' 'br_ln0' <Predicate = true> <Delay = 0.00>
ST_1 : Operation 18 [1/1] (0.00ns)   --->   "%indvar_flatten6_load = load i3 %indvar_flatten6" [kern.cpp:230]   --->   Operation 18 'load' 'indvar_flatten6_load' <Predicate = true> <Delay = 0.00>
ST_1 : Operation 19 [1/1] (1.65ns)   --->   "%icmp_ln230 = icmp_eq  i3 %indvar_flatten6_load, i3 4" [kern.cpp:230]   --->   Operation 19 'icmp' 'icmp_ln230' <Predicate = true> <Delay = 1.65> <CoreInst = "Cmp">   --->   Core 9 'Cmp' <Latency = 0> <II = 1> <Delay = 1.65> <FuncUnit> <Opcode : 'seteq' 'setne' 'setle' 'setge' 'setlt' 'setgt'> <InPorts = 2> <OutPorts = 1>
ST_1 : Operation 20 [1/1] (1.65ns)   --->   "%add_ln230_1 = add i3 %indvar_flatten6_load, i3 1" [kern.cpp:230]   --->   Operation 20 'add' 'add_ln230_1' <Predicate = true> <Delay = 1.65> <CoreInst = "Adder">   --->   Core 1 'Adder' <Latency = 0> <II = 1> <Delay = 1.65> <FuncUnit> <Opcode : 'add' 'sub'> <InPorts = 2> <OutPorts = 1>
ST_1 : Operation 21 [1/1] (0.00ns)   --->   "%br_ln230 = br i1 %icmp_ln230, void %for.inc145, void %if.end148.loopexit.exitStub" [kern.cpp:230]   --->   Operation 21 'br' 'br_ln230' <Predicate = true> <Delay = 0.00>
ST_1 : Operation 22 [1/1] (0.00ns)   --->   "%ow_load = load i2 %ow" [kern.cpp:230]   --->   Operation 22 'load' 'ow_load' <Predicate = (!icmp_ln230)> <Delay = 0.00>
ST_1 : Operation 23 [1/1] (0.00ns)   --->   "%oh_load = load i2 %oh" [kern.cpp:230]   --->   Operation 23 'load' 'oh_load' <Predicate = (!icmp_ln230)> <Delay = 0.00>
ST_1 : Operation 24 [1/1] (0.00ns) (grouped into LUT with out node and_ln230)   --->   "%trunc_ln230 = trunc i2 %ow_load" [kern.cpp:230]   --->   Operation 24 'trunc' 'trunc_ln230' <Predicate = (!icmp_ln230)> <Delay = 0.00>
ST_1 : Operation 25 [1/1] (1.56ns)   --->   "%add_ln230 = add i2 %oh_load, i2 1" [kern.cpp:230]   --->   Operation 25 'add' 'add_ln230' <Predicate = (!icmp_ln230)> <Delay = 1.56> <CoreInst = "Adder">   --->   Core 1 'Adder' <Latency = 0> <II = 1> <Delay = 1.56> <FuncUnit> <Opcode : 'add' 'sub'> <InPorts = 2> <OutPorts = 1>
ST_1 : Operation 26 [1/1] (1.56ns)   --->   "%icmp_ln231 = icmp_eq  i2 %ow_load, i2 2" [kern.cpp:231]   --->   Operation 26 'icmp' 'icmp_ln231' <Predicate = (!icmp_ln230)> <Delay = 1.56> <CoreInst = "Cmp">   --->   Core 9 'Cmp' <Latency = 0> <II = 1> <Delay = 1.56> <FuncUnit> <Opcode : 'seteq' 'setne' 'setle' 'setge' 'setlt' 'setgt'> <InPorts = 2> <OutPorts = 1>
ST_1 : Operation 27 [1/1] (0.00ns) (grouped into LUT with out node and_ln230)   --->   "%xor_ln230 = xor i1 %icmp_ln231, i1 1" [kern.cpp:230]   --->   Operation 27 'xor' 'xor_ln230' <Predicate = (!icmp_ln230)> <Delay = 0.00> <CoreInst = "LogicGate">   --->   Core 74 'LogicGate' <Latency = 0> <II = 1> <Delay = 0.97> <FuncUnit> <Opcode : 'and' 'or' 'xor'> <InPorts = 2> <OutPorts = 1>
ST_1 : Operation 28 [1/1] (0.97ns) (out node of the LUT)   --->   "%and_ln230 = and i1 %trunc_ln230, i1 %xor_ln230" [kern.cpp:230]   --->   Operation 28 'and' 'and_ln230' <Predicate = (!icmp_ln230)> <Delay = 0.97> <CoreInst = "LogicGate">   --->   Core 74 'LogicGate' <Latency = 0> <II = 1> <Delay = 0.97> <FuncUnit> <Opcode : 'and' 'or' 'xor'> <InPorts = 2> <OutPorts = 1>
ST_1 : Operation 29 [1/1] (0.00ns)   --->   "%zext_ln230 = zext i1 %and_ln230" [kern.cpp:230]   --->   Operation 29 'zext' 'zext_ln230' <Predicate = (!icmp_ln230)> <Delay = 0.00>
ST_1 : Operation 30 [1/1] (0.99ns)   --->   "%select_ln230 = select i1 %icmp_ln231, i2 %add_ln230, i2 %oh_load" [kern.cpp:230]   --->   Operation 30 'select' 'select_ln230' <Predicate = (!icmp_ln230)> <Delay = 0.99> <CoreInst = "Sel">   --->   Core 73 'Sel' <Latency = 0> <II = 1> <Delay = 0.99> <FuncUnit> <Opcode : 'select'> <InPorts = 3> <OutPorts = 1>
ST_1 : Operation 31 [1/1] (0.00ns)   --->   "%trunc_ln234 = trunc i2 %select_ln230" [kern.cpp:234]   --->   Operation 31 'trunc' 'trunc_ln234' <Predicate = (!icmp_ln230)> <Delay = 0.00>
ST_1 : Operation 32 [1/1] (0.00ns)   --->   "%add_ln1 = bitconcatenate i3 @_ssdm_op_BitConcatenate.i3.i2.i1, i2 %select_ln230, i1 %and_ln230" [kern.cpp:240]   --->   Operation 32 'bitconcatenate' 'add_ln1' <Predicate = (!icmp_ln230)> <Delay = 0.00>
ST_1 : Operation 33 [1/1] (0.00ns)   --->   "%zext_ln240 = zext i3 %add_ln1" [kern.cpp:240]   --->   Operation 33 'zext' 'zext_ln240' <Predicate = (!icmp_ln230)> <Delay = 0.00>
ST_1 : Operation 34 [3/3] (1.05ns) (grouped into DSP with root node add_ln240)   --->   "%mul_ln240 = mul i8 %zext_ln240, i8 37" [kern.cpp:240]   --->   Operation 34 'mul' 'mul_ln240' <Predicate = (!icmp_ln230)> <Delay = 1.05> <CoreInst = "DSP48">   --->   Core 116 'DSP48' <Latency = 3> <II = 1> <Delay = 2.15> <IPBlock> <Opcode : 'add' 'sub' 'mul' 'select'> <InPorts = 0> <OutPorts = 1> <Sync> <CReg>
ST_1 : Operation 35 [1/1] (0.00ns)   --->   "%add_ln = bitconcatenate i3 @_ssdm_op_BitConcatenate.i3.i1.i2, i1 %trunc_ln234, i2 %zext_ln230" [kern.cpp:234]   --->   Operation 35 'bitconcatenate' 'add_ln' <Predicate = (!icmp_ln230)> <Delay = 0.00>
ST_1 : Operation 36 [1/1] (0.00ns)   --->   "%zext_ln234 = zext i3 %add_ln" [kern.cpp:234]   --->   Operation 36 'zext' 'zext_ln234' <Predicate = (!icmp_ln230)> <Delay = 0.00>
ST_1 : Operation 37 [1/1] (0.00ns)   --->   "%buffer_0_addr = getelementptr i32 %buffer_0, i64 0, i64 %zext_ln234" [kern.cpp:234]   --->   Operation 37 'getelementptr' 'buffer_0_addr' <Predicate = (!icmp_ln230)> <Delay = 0.00>
ST_1 : Operation 38 [2/2] (3.25ns)   --->   "%a00 = load i9 %buffer_0_addr" [kern.cpp:234]   --->   Operation 38 'load' 'a00' <Predicate = (!icmp_ln230)> <Delay = 3.25> <CoreInst = "RAM">   --->   Core 81 'RAM' <Latency = 1> <II = 1> <Delay = 3.25> <Storage> <Opcode : 'load' 'store'> <Ports = 2> <Width = 32> <Depth = 512> <RAM>
ST_1 : Operation 39 [1/1] (0.00ns)   --->   "%buffer_1_addr = getelementptr i32 %buffer_1, i64 0, i64 %zext_ln234" [kern.cpp:235]   --->   Operation 39 'getelementptr' 'buffer_1_addr' <Predicate = (!icmp_ln230)> <Delay = 0.00>
ST_1 : Operation 40 [2/2] (3.25ns)   --->   "%a01 = load i9 %buffer_1_addr" [kern.cpp:235]   --->   Operation 40 'load' 'a01' <Predicate = (!icmp_ln230)> <Delay = 3.25> <CoreInst = "RAM">   --->   Core 81 'RAM' <Latency = 1> <II = 1> <Delay = 3.25> <Storage> <Opcode : 'load' 'store'> <Ports = 2> <Width = 32> <Depth = 512> <RAM>
ST_1 : Operation 41 [1/1] (0.00ns)   --->   "%add_ln2 = bitconcatenate i3 @_ssdm_op_BitConcatenate.i3.i1.i1.i1, i1 %trunc_ln234, i1 1, i1 %and_ln230" [kern.cpp:236]   --->   Operation 41 'bitconcatenate' 'add_ln2' <Predicate = (!icmp_ln230)> <Delay = 0.00>
ST_1 : Operation 42 [1/1] (0.00ns)   --->   "%zext_ln236 = zext i3 %add_ln2" [kern.cpp:236]   --->   Operation 42 'zext' 'zext_ln236' <Predicate = (!icmp_ln230)> <Delay = 0.00>
ST_1 : Operation 43 [1/1] (0.00ns)   --->   "%buffer_0_addr_1 = getelementptr i32 %buffer_0, i64 0, i64 %zext_ln236" [kern.cpp:236]   --->   Operation 43 'getelementptr' 'buffer_0_addr_1' <Predicate = (!icmp_ln230)> <Delay = 0.00>
ST_1 : Operation 44 [2/2] (3.25ns)   --->   "%a10 = load i9 %buffer_0_addr_1" [kern.cpp:236]   --->   Operation 44 'load' 'a10' <Predicate = (!icmp_ln230)> <Delay = 3.25> <CoreInst = "RAM">   --->   Core 81 'RAM' <Latency = 1> <II = 1> <Delay = 3.25> <Storage> <Opcode : 'load' 'store'> <Ports = 2> <Width = 32> <Depth = 512> <RAM>
ST_1 : Operation 45 [1/1] (0.00ns)   --->   "%buffer_1_addr_1 = getelementptr i32 %buffer_1, i64 0, i64 %zext_ln236" [kern.cpp:237]   --->   Operation 45 'getelementptr' 'buffer_1_addr_1' <Predicate = (!icmp_ln230)> <Delay = 0.00>
ST_1 : Operation 46 [2/2] (3.25ns)   --->   "%a11 = load i9 %buffer_1_addr_1" [kern.cpp:237]   --->   Operation 46 'load' 'a11' <Predicate = (!icmp_ln230)> <Delay = 3.25> <CoreInst = "RAM">   --->   Core 81 'RAM' <Latency = 1> <II = 1> <Delay = 3.25> <Storage> <Opcode : 'load' 'store'> <Ports = 2> <Width = 32> <Depth = 512> <RAM>
ST_1 : Operation 47 [1/1] (1.73ns)   --->   "%switch_ln240 = switch i4 %select_ln195_read, void %arrayidx121518.case.13, i4 0, void %arrayidx121518.case.0, i4 1, void %arrayidx121518.case.1, i4 2, void %arrayidx121518.case.2, i4 3, void %arrayidx121518.case.3, i4 4, void %arrayidx121518.case.4, i4 5, void %arrayidx121518.case.5, i4 6, void %arrayidx121518.case.6, i4 7, void %arrayidx121518.case.7, i4 8, void %arrayidx121518.case.8, i4 9, void %arrayidx121518.case.9, i4 10, void %arrayidx121518.case.10, i4 11, void %arrayidx121518.case.11, i4 12, void %arrayidx121518.case.12" [kern.cpp:240]   --->   Operation 47 'switch' 'switch_ln240' <Predicate = (!icmp_ln230)> <Delay = 1.73>
ST_1 : Operation 48 [1/1] ( I:3.25ns O:3.25ns )   --->   "%store_ln241 = store i32 0, i9 %buffer_0_addr" [kern.cpp:241]   --->   Operation 48 'store' 'store_ln241' <Predicate = (!icmp_ln230)> <Delay = 3.25> <CoreInst = "RAM">   --->   Core 81 'RAM' <Latency = 1> <II = 1> <Delay = 3.25> <Storage> <Opcode : 'load' 'store'> <Ports = 2> <Width = 32> <Depth = 512> <RAM>
ST_1 : Operation 49 [1/1] ( I:3.25ns O:3.25ns )   --->   "%store_ln243 = store i32 0, i9 %buffer_0_addr_1" [kern.cpp:243]   --->   Operation 49 'store' 'store_ln243' <Predicate = (!icmp_ln230)> <Delay = 3.25> <CoreInst = "RAM">   --->   Core 81 'RAM' <Latency = 1> <II = 1> <Delay = 3.25> <Storage> <Opcode : 'load' 'store'> <Ports = 2> <Width = 32> <Depth = 512> <RAM>
ST_1 : Operation 50 [1/1] ( I:3.25ns O:3.25ns )   --->   "%store_ln242 = store i32 0, i9 %buffer_1_addr" [kern.cpp:242]   --->   Operation 50 'store' 'store_ln242' <Predicate = (!icmp_ln230)> <Delay = 3.25> <CoreInst = "RAM">   --->   Core 81 'RAM' <Latency = 1> <II = 1> <Delay = 3.25> <Storage> <Opcode : 'load' 'store'> <Ports = 2> <Width = 32> <Depth = 512> <RAM>
ST_1 : Operation 51 [1/1] ( I:3.25ns O:3.25ns )   --->   "%store_ln244 = store i32 0, i9 %buffer_1_addr_1" [kern.cpp:244]   --->   Operation 51 'store' 'store_ln244' <Predicate = (!icmp_ln230)> <Delay = 3.25> <CoreInst = "RAM">   --->   Core 81 'RAM' <Latency = 1> <II = 1> <Delay = 3.25> <Storage> <Opcode : 'load' 'store'> <Ports = 2> <Width = 32> <Depth = 512> <RAM>
ST_1 : Operation 52 [1/1] (0.99ns)   --->   "%select_ln231 = select i1 %and_ln230, i2 2, i2 1" [kern.cpp:231]   --->   Operation 52 'select' 'select_ln231' <Predicate = (!icmp_ln230)> <Delay = 0.99> <CoreInst = "Sel">   --->   Core 73 'Sel' <Latency = 0> <II = 1> <Delay = 0.99> <FuncUnit> <Opcode : 'select'> <InPorts = 3> <OutPorts = 1>
ST_1 : Operation 53 [1/1] (1.58ns)   --->   "%store_ln230 = store i3 %add_ln230_1, i3 %indvar_flatten6" [kern.cpp:230]   --->   Operation 53 'store' 'store_ln230' <Predicate = (!icmp_ln230)> <Delay = 1.58>
ST_1 : Operation 54 [1/1] (1.58ns)   --->   "%store_ln230 = store i2 %select_ln230, i2 %oh" [kern.cpp:230]   --->   Operation 54 'store' 'store_ln230' <Predicate = (!icmp_ln230)> <Delay = 1.58>
ST_1 : Operation 55 [1/1] (1.58ns)   --->   "%store_ln231 = store i2 %select_ln231, i2 %ow" [kern.cpp:231]   --->   Operation 55 'store' 'store_ln231' <Predicate = (!icmp_ln230)> <Delay = 1.58>
ST_1 : Operation 56 [1/1] (0.00ns)   --->   "%br_ln231 = br void %for.body70" [kern.cpp:231]   --->   Operation 56 'br' 'br_ln231' <Predicate = (!icmp_ln230)> <Delay = 0.00>

State 2 <SV = 1> <Delay = 6.50>
ST_2 : Operation 57 [2/3] (1.05ns) (grouped into DSP with root node add_ln240)   --->   "%mul_ln240 = mul i8 %zext_ln240, i8 37" [kern.cpp:240]   --->   Operation 57 'mul' 'mul_ln240' <Predicate = true> <Delay = 1.05> <CoreInst = "DSP48">   --->   Core 116 'DSP48' <Latency = 3> <II = 1> <Delay = 2.15> <IPBlock> <Opcode : 'add' 'sub' 'mul' 'select'> <InPorts = 0> <OutPorts = 1> <Sync> <CReg>
ST_2 : Operation 58 [1/2] ( I:3.25ns O:3.25ns )   --->   "%a00 = load i9 %buffer_0_addr" [kern.cpp:234]   --->   Operation 58 'load' 'a00' <Predicate = true> <Delay = 3.25> <CoreInst = "RAM">   --->   Core 81 'RAM' <Latency = 1> <II = 1> <Delay = 3.25> <Storage> <Opcode : 'load' 'store'> <Ports = 2> <Width = 32> <Depth = 512> <RAM>
ST_2 : Operation 59 [1/2] ( I:3.25ns O:3.25ns )   --->   "%a01 = load i9 %buffer_1_addr" [kern.cpp:235]   --->   Operation 59 'load' 'a01' <Predicate = true> <Delay = 3.25> <CoreInst = "RAM">   --->   Core 81 'RAM' <Latency = 1> <II = 1> <Delay = 3.25> <Storage> <Opcode : 'load' 'store'> <Ports = 2> <Width = 32> <Depth = 512> <RAM>
ST_2 : Operation 60 [1/2] ( I:3.25ns O:3.25ns )   --->   "%a10 = load i9 %buffer_0_addr_1" [kern.cpp:236]   --->   Operation 60 'load' 'a10' <Predicate = true> <Delay = 3.25> <CoreInst = "RAM">   --->   Core 81 'RAM' <Latency = 1> <II = 1> <Delay = 3.25> <Storage> <Opcode : 'load' 'store'> <Ports = 2> <Width = 32> <Depth = 512> <RAM>
ST_2 : Operation 61 [1/2] ( I:3.25ns O:3.25ns )   --->   "%a11 = load i9 %buffer_1_addr_1" [kern.cpp:237]   --->   Operation 61 'load' 'a11' <Predicate = true> <Delay = 3.25> <CoreInst = "RAM">   --->   Core 81 'RAM' <Latency = 1> <II = 1> <Delay = 3.25> <Storage> <Opcode : 'load' 'store'> <Ports = 2> <Width = 32> <Depth = 512> <RAM>
ST_2 : Operation 62 [1/1] (2.55ns)   --->   "%icmp_ln238 = icmp_sgt  i32 %a00, i32 %a01" [kern.cpp:238]   --->   Operation 62 'icmp' 'icmp_ln238' <Predicate = true> <Delay = 2.55> <CoreInst = "Cmp">   --->   Core 9 'Cmp' <Latency = 0> <II = 1> <Delay = 2.55> <FuncUnit> <Opcode : 'seteq' 'setne' 'setle' 'setge' 'setlt' 'setgt'> <InPorts = 2> <OutPorts = 1>
ST_2 : Operation 63 [1/1] (0.69ns)   --->   "%select_ln238 = select i1 %icmp_ln238, i32 %a00, i32 %a01" [kern.cpp:238]   --->   Operation 63 'select' 'select_ln238' <Predicate = true> <Delay = 0.69> <CoreInst = "Sel">   --->   Core 73 'Sel' <Latency = 0> <II = 1> <Delay = 0.69> <FuncUnit> <Opcode : 'select'> <InPorts = 3> <OutPorts = 1>
ST_2 : Operation 64 [1/1] (2.55ns)   --->   "%icmp_ln238_1 = icmp_sgt  i32 %a10, i32 %a11" [kern.cpp:238]   --->   Operation 64 'icmp' 'icmp_ln238_1' <Predicate = true> <Delay = 2.55> <CoreInst = "Cmp">   --->   Core 9 'Cmp' <Latency = 0> <II = 1> <Delay = 2.55> <FuncUnit> <Opcode : 'seteq' 'setne' 'setle' 'setge' 'setlt' 'setgt'> <InPorts = 2> <OutPorts = 1>
ST_2 : Operation 65 [1/1] (0.69ns)   --->   "%select_ln238_1 = select i1 %icmp_ln238_1, i32 %a10, i32 %a11" [kern.cpp:238]   --->   Operation 65 'select' 'select_ln238_1' <Predicate = true> <Delay = 0.69> <CoreInst = "Sel">   --->   Core 73 'Sel' <Latency = 0> <II = 1> <Delay = 0.69> <FuncUnit> <Opcode : 'select'> <InPorts = 3> <OutPorts = 1>

State 3 <SV = 2> <Delay = 5.10>
ST_3 : Operation 66 [1/3] (0.00ns) (grouped into DSP with root node add_ln240)   --->   "%mul_ln240 = mul i8 %zext_ln240, i8 37" [kern.cpp:240]   --->   Operation 66 'mul' 'mul_ln240' <Predicate = true> <Delay = 0.00> <CoreInst = "DSP48">   --->   Core 116 'DSP48' <Latency = 3> <II = 1> <Delay = 2.15> <IPBlock> <Opcode : 'add' 'sub' 'mul' 'select'> <InPorts = 0> <OutPorts = 1> <Sync> <CReg>
ST_3 : Operation 67 [2/2] (2.10ns) (root node of the DSP)   --->   "%add_ln240 = add i8 %mul_ln240, i8 %zext_ln195_read" [kern.cpp:240]   --->   Operation 67 'add' 'add_ln240' <Predicate = true> <Delay = 2.10> <CoreInst = "DSP48">   --->   Core 116 'DSP48' <Latency = 3> <II = 1> <Delay = 2.15> <IPBlock> <Opcode : 'add' 'sub' 'mul' 'select'> <InPorts = 0> <OutPorts = 1> <Sync> <CReg>
ST_3 : Operation 68 [1/1] (2.55ns)   --->   "%icmp_ln238_2 = icmp_sgt  i32 %select_ln238, i32 %select_ln238_1" [kern.cpp:238]   --->   Operation 68 'icmp' 'icmp_ln238_2' <Predicate = true> <Delay = 2.55> <CoreInst = "Cmp">   --->   Core 9 'Cmp' <Latency = 0> <II = 1> <Delay = 2.55> <FuncUnit> <Opcode : 'seteq' 'setne' 'setle' 'setge' 'setlt' 'setgt'> <InPorts = 2> <OutPorts = 1>
ST_3 : Operation 69 [1/1] (0.00ns) (grouped into LUT with out node val)   --->   "%mx = select i1 %icmp_ln238_2, i32 %select_ln238, i32 %select_ln238_1" [kern.cpp:238]   --->   Operation 69 'select' 'mx' <Predicate = true> <Delay = 0.00> <CoreInst = "Sel">   --->   Core 73 'Sel' <Latency = 0> <II = 1> <Delay = 0.69> <FuncUnit> <Opcode : 'select'> <InPorts = 3> <OutPorts = 1>
ST_3 : Operation 70 [1/1] (2.55ns) (out node of the LUT)   --->   "%val = add i32 %mx, i32 %sext_ln205_cast" [kern.cpp:240]   --->   Operation 70 'add' 'val' <Predicate = true> <Delay = 2.55> <CoreInst = "Adder">   --->   Core 1 'Adder' <Latency = 0> <II = 1> <Delay = 2.55> <FuncUnit> <Opcode : 'add' 'sub'> <InPorts = 2> <OutPorts = 1>
ST_3 : Operation 71 [1/1] (0.00ns)   --->   "%tmp = bitselect i1 @_ssdm_op_BitSelect.i1.i32.i32, i32 %val, i32 31" [kern.cpp:25->kern.cpp:240]   --->   Operation 71 'bitselect' 'tmp' <Predicate = true> <Delay = 0.00>
ST_3 : Operation 120 [1/1] (1.58ns)   --->   "%ret_ln0 = ret"   --->   Operation 120 'ret' 'ret_ln0' <Predicate = (icmp_ln230)> <Delay = 1.58>

State 4 <SV = 3> <Delay = 4.42>
ST_4 : Operation 72 [1/1] (0.00ns)   --->   "%specloopname_ln0 = specloopname void @_ssdm_op_SpecLoopName, void @L4_FH_L4_FW_str"   --->   Operation 72 'specloopname' 'specloopname_ln0' <Predicate = true> <Delay = 0.00>
ST_4 : Operation 73 [1/1] (0.00ns)   --->   "%speclooptripcount_ln0 = speclooptripcount void @_ssdm_op_SpecLoopTripCount, i64 4, i64 4, i64 4"   --->   Operation 73 'speclooptripcount' 'speclooptripcount_ln0' <Predicate = true> <Delay = 0.00>
ST_4 : Operation 74 [1/2] (2.10ns) (root node of the DSP)   --->   "%add_ln240 = add i8 %mul_ln240, i8 %zext_ln195_read" [kern.cpp:240]   --->   Operation 74 'add' 'add_ln240' <Predicate = true> <Delay = 2.10> <CoreInst = "DSP48">   --->   Core 116 'DSP48' <Latency = 3> <II = 1> <Delay = 2.15> <IPBlock> <Opcode : 'add' 'sub' 'mul' 'select'> <InPorts = 0> <OutPorts = 1> <Sync> <CReg>
ST_4 : Operation 75 [1/1] (0.00ns)   --->   "%zext_ln240_1 = zext i8 %add_ln240" [kern.cpp:240]   --->   Operation 75 'zext' 'zext_ln240_1' <Predicate = true> <Delay = 0.00>
ST_4 : Operation 76 [1/1] (0.00ns)   --->   "%output_0_addr = getelementptr i1 %output_0, i64 0, i64 %zext_ln240_1" [kern.cpp:240]   --->   Operation 76 'getelementptr' 'output_0_addr' <Predicate = true> <Delay = 0.00>
ST_4 : Operation 77 [1/1] (0.00ns)   --->   "%output_1_addr = getelementptr i1 %output_1, i64 0, i64 %zext_ln240_1" [kern.cpp:240]   --->   Operation 77 'getelementptr' 'output_1_addr' <Predicate = true> <Delay = 0.00>
ST_4 : Operation 78 [1/1] (0.00ns)   --->   "%output_2_addr = getelementptr i1 %output_2, i64 0, i64 %zext_ln240_1" [kern.cpp:240]   --->   Operation 78 'getelementptr' 'output_2_addr' <Predicate = true> <Delay = 0.00>
ST_4 : Operation 79 [1/1] (0.00ns)   --->   "%output_3_addr = getelementptr i1 %output_3, i64 0, i64 %zext_ln240_1" [kern.cpp:240]   --->   Operation 79 'getelementptr' 'output_3_addr' <Predicate = true> <Delay = 0.00>
ST_4 : Operation 80 [1/1] (0.00ns)   --->   "%output_4_addr = getelementptr i1 %output_4, i64 0, i64 %zext_ln240_1" [kern.cpp:240]   --->   Operation 80 'getelementptr' 'output_4_addr' <Predicate = true> <Delay = 0.00>
ST_4 : Operation 81 [1/1] (0.00ns)   --->   "%output_5_addr = getelementptr i1 %output_5, i64 0, i64 %zext_ln240_1" [kern.cpp:240]   --->   Operation 81 'getelementptr' 'output_5_addr' <Predicate = true> <Delay = 0.00>
ST_4 : Operation 82 [1/1] (0.00ns)   --->   "%output_6_addr = getelementptr i1 %output_6, i64 0, i64 %zext_ln240_1" [kern.cpp:240]   --->   Operation 82 'getelementptr' 'output_6_addr' <Predicate = true> <Delay = 0.00>
ST_4 : Operation 83 [1/1] (0.00ns)   --->   "%output_7_addr = getelementptr i1 %output_7, i64 0, i64 %zext_ln240_1" [kern.cpp:240]   --->   Operation 83 'getelementptr' 'output_7_addr' <Predicate = true> <Delay = 0.00>
ST_4 : Operation 84 [1/1] (0.00ns)   --->   "%output_8_addr = getelementptr i1 %output_8, i64 0, i64 %zext_ln240_1" [kern.cpp:240]   --->   Operation 84 'getelementptr' 'output_8_addr' <Predicate = true> <Delay = 0.00>
ST_4 : Operation 85 [1/1] (0.00ns)   --->   "%output_9_addr = getelementptr i1 %output_9, i64 0, i64 %zext_ln240_1" [kern.cpp:240]   --->   Operation 85 'getelementptr' 'output_9_addr' <Predicate = true> <Delay = 0.00>
ST_4 : Operation 86 [1/1] (0.00ns)   --->   "%output_10_addr = getelementptr i1 %output_10, i64 0, i64 %zext_ln240_1" [kern.cpp:240]   --->   Operation 86 'getelementptr' 'output_10_addr' <Predicate = true> <Delay = 0.00>
ST_4 : Operation 87 [1/1] (0.00ns)   --->   "%output_11_addr = getelementptr i1 %output_11, i64 0, i64 %zext_ln240_1" [kern.cpp:240]   --->   Operation 87 'getelementptr' 'output_11_addr' <Predicate = true> <Delay = 0.00>
ST_4 : Operation 88 [1/1] (0.00ns)   --->   "%output_12_addr = getelementptr i1 %output_12, i64 0, i64 %zext_ln240_1" [kern.cpp:240]   --->   Operation 88 'getelementptr' 'output_12_addr' <Predicate = true> <Delay = 0.00>
ST_4 : Operation 89 [1/1] (0.00ns)   --->   "%output_13_addr = getelementptr i1 %output_13, i64 0, i64 %zext_ln240_1" [kern.cpp:240]   --->   Operation 89 'getelementptr' 'output_13_addr' <Predicate = true> <Delay = 0.00>
ST_4 : Operation 90 [1/1] (0.00ns)   --->   "%specpipeline_ln232 = specpipeline void @_ssdm_op_SpecPipeline, i32 1, i32 0, i32 0, i32 0, i32 4294967295, void @empty_5" [kern.cpp:232]   --->   Operation 90 'specpipeline' 'specpipeline_ln232' <Predicate = true> <Delay = 0.00>
ST_4 : Operation 91 [1/1] (0.97ns)   --->   "%xor_ln25 = xor i1 %tmp, i1 1" [kern.cpp:25->kern.cpp:240]   --->   Operation 91 'xor' 'xor_ln25' <Predicate = true> <Delay = 0.97> <CoreInst = "LogicGate">   --->   Core 74 'LogicGate' <Latency = 0> <II = 1> <Delay = 0.97> <FuncUnit> <Opcode : 'and' 'or' 'xor'> <InPorts = 2> <OutPorts = 1>
ST_4 : Operation 92 [1/1] ( I:2.32ns O:2.32ns )   --->   "%store_ln240 = store i1 %xor_ln25, i8 %output_12_addr" [kern.cpp:240]   --->   Operation 92 'store' 'store_ln240' <Predicate = (select_ln195_read == 12)> <Delay = 2.32> <CoreInst = "RAM">   --->   Core 81 'RAM' <Latency = 1> <II = 1> <Delay = 2.32> <Storage> <Opcode : 'load' 'store'> <Ports = 2> <Width = 1> <Depth = 148> <RAM>
ST_4 : Operation 93 [1/1] (0.00ns)   --->   "%br_ln240 = br void %arrayidx121518.exit" [kern.cpp:240]   --->   Operation 93 'br' 'br_ln240' <Predicate = (select_ln195_read == 12)> <Delay = 0.00>
ST_4 : Operation 94 [1/1] ( I:2.32ns O:2.32ns )   --->   "%store_ln240 = store i1 %xor_ln25, i8 %output_11_addr" [kern.cpp:240]   --->   Operation 94 'store' 'store_ln240' <Predicate = (select_ln195_read == 11)> <Delay = 2.32> <CoreInst = "RAM">   --->   Core 81 'RAM' <Latency = 1> <II = 1> <Delay = 2.32> <Storage> <Opcode : 'load' 'store'> <Ports = 2> <Width = 1> <Depth = 148> <RAM>
ST_4 : Operation 95 [1/1] (0.00ns)   --->   "%br_ln240 = br void %arrayidx121518.exit" [kern.cpp:240]   --->   Operation 95 'br' 'br_ln240' <Predicate = (select_ln195_read == 11)> <Delay = 0.00>
ST_4 : Operation 96 [1/1] ( I:2.32ns O:2.32ns )   --->   "%store_ln240 = store i1 %xor_ln25, i8 %output_10_addr" [kern.cpp:240]   --->   Operation 96 'store' 'store_ln240' <Predicate = (select_ln195_read == 10)> <Delay = 2.32> <CoreInst = "RAM">   --->   Core 81 'RAM' <Latency = 1> <II = 1> <Delay = 2.32> <Storage> <Opcode : 'load' 'store'> <Ports = 2> <Width = 1> <Depth = 148> <RAM>
ST_4 : Operation 97 [1/1] (0.00ns)   --->   "%br_ln240 = br void %arrayidx121518.exit" [kern.cpp:240]   --->   Operation 97 'br' 'br_ln240' <Predicate = (select_ln195_read == 10)> <Delay = 0.00>
ST_4 : Operation 98 [1/1] ( I:2.32ns O:2.32ns )   --->   "%store_ln240 = store i1 %xor_ln25, i8 %output_9_addr" [kern.cpp:240]   --->   Operation 98 'store' 'store_ln240' <Predicate = (select_ln195_read == 9)> <Delay = 2.32> <CoreInst = "RAM">   --->   Core 81 'RAM' <Latency = 1> <II = 1> <Delay = 2.32> <Storage> <Opcode : 'load' 'store'> <Ports = 2> <Width = 1> <Depth = 148> <RAM>
ST_4 : Operation 99 [1/1] (0.00ns)   --->   "%br_ln240 = br void %arrayidx121518.exit" [kern.cpp:240]   --->   Operation 99 'br' 'br_ln240' <Predicate = (select_ln195_read == 9)> <Delay = 0.00>
ST_4 : Operation 100 [1/1] ( I:2.32ns O:2.32ns )   --->   "%store_ln240 = store i1 %xor_ln25, i8 %output_8_addr" [kern.cpp:240]   --->   Operation 100 'store' 'store_ln240' <Predicate = (select_ln195_read == 8)> <Delay = 2.32> <CoreInst = "RAM">   --->   Core 81 'RAM' <Latency = 1> <II = 1> <Delay = 2.32> <Storage> <Opcode : 'load' 'store'> <Ports = 2> <Width = 1> <Depth = 148> <RAM>
ST_4 : Operation 101 [1/1] (0.00ns)   --->   "%br_ln240 = br void %arrayidx121518.exit" [kern.cpp:240]   --->   Operation 101 'br' 'br_ln240' <Predicate = (select_ln195_read == 8)> <Delay = 0.00>
ST_4 : Operation 102 [1/1] ( I:2.32ns O:2.32ns )   --->   "%store_ln240 = store i1 %xor_ln25, i8 %output_7_addr" [kern.cpp:240]   --->   Operation 102 'store' 'store_ln240' <Predicate = (select_ln195_read == 7)> <Delay = 2.32> <CoreInst = "RAM">   --->   Core 81 'RAM' <Latency = 1> <II = 1> <Delay = 2.32> <Storage> <Opcode : 'load' 'store'> <Ports = 2> <Width = 1> <Depth = 148> <RAM>
ST_4 : Operation 103 [1/1] (0.00ns)   --->   "%br_ln240 = br void %arrayidx121518.exit" [kern.cpp:240]   --->   Operation 103 'br' 'br_ln240' <Predicate = (select_ln195_read == 7)> <Delay = 0.00>
ST_4 : Operation 104 [1/1] ( I:2.32ns O:2.32ns )   --->   "%store_ln240 = store i1 %xor_ln25, i8 %output_6_addr" [kern.cpp:240]   --->   Operation 104 'store' 'store_ln240' <Predicate = (select_ln195_read == 6)> <Delay = 2.32> <CoreInst = "RAM">   --->   Core 81 'RAM' <Latency = 1> <II = 1> <Delay = 2.32> <Storage> <Opcode : 'load' 'store'> <Ports = 2> <Width = 1> <Depth = 148> <RAM>
ST_4 : Operation 105 [1/1] (0.00ns)   --->   "%br_ln240 = br void %arrayidx121518.exit" [kern.cpp:240]   --->   Operation 105 'br' 'br_ln240' <Predicate = (select_ln195_read == 6)> <Delay = 0.00>
ST_4 : Operation 106 [1/1] ( I:2.32ns O:2.32ns )   --->   "%store_ln240 = store i1 %xor_ln25, i8 %output_5_addr" [kern.cpp:240]   --->   Operation 106 'store' 'store_ln240' <Predicate = (select_ln195_read == 5)> <Delay = 2.32> <CoreInst = "RAM">   --->   Core 81 'RAM' <Latency = 1> <II = 1> <Delay = 2.32> <Storage> <Opcode : 'load' 'store'> <Ports = 2> <Width = 1> <Depth = 148> <RAM>
ST_4 : Operation 107 [1/1] (0.00ns)   --->   "%br_ln240 = br void %arrayidx121518.exit" [kern.cpp:240]   --->   Operation 107 'br' 'br_ln240' <Predicate = (select_ln195_read == 5)> <Delay = 0.00>
ST_4 : Operation 108 [1/1] ( I:2.32ns O:2.32ns )   --->   "%store_ln240 = store i1 %xor_ln25, i8 %output_4_addr" [kern.cpp:240]   --->   Operation 108 'store' 'store_ln240' <Predicate = (select_ln195_read == 4)> <Delay = 2.32> <CoreInst = "RAM">   --->   Core 81 'RAM' <Latency = 1> <II = 1> <Delay = 2.32> <Storage> <Opcode : 'load' 'store'> <Ports = 2> <Width = 1> <Depth = 148> <RAM>
ST_4 : Operation 109 [1/1] (0.00ns)   --->   "%br_ln240 = br void %arrayidx121518.exit" [kern.cpp:240]   --->   Operation 109 'br' 'br_ln240' <Predicate = (select_ln195_read == 4)> <Delay = 0.00>
ST_4 : Operation 110 [1/1] ( I:2.32ns O:2.32ns )   --->   "%store_ln240 = store i1 %xor_ln25, i8 %output_3_addr" [kern.cpp:240]   --->   Operation 110 'store' 'store_ln240' <Predicate = (select_ln195_read == 3)> <Delay = 2.32> <CoreInst = "RAM">   --->   Core 81 'RAM' <Latency = 1> <II = 1> <Delay = 2.32> <Storage> <Opcode : 'load' 'store'> <Ports = 2> <Width = 1> <Depth = 148> <RAM>
ST_4 : Operation 111 [1/1] (0.00ns)   --->   "%br_ln240 = br void %arrayidx121518.exit" [kern.cpp:240]   --->   Operation 111 'br' 'br_ln240' <Predicate = (select_ln195_read == 3)> <Delay = 0.00>
ST_4 : Operation 112 [1/1] ( I:2.32ns O:2.32ns )   --->   "%store_ln240 = store i1 %xor_ln25, i8 %output_2_addr" [kern.cpp:240]   --->   Operation 112 'store' 'store_ln240' <Predicate = (select_ln195_read == 2)> <Delay = 2.32> <CoreInst = "RAM">   --->   Core 81 'RAM' <Latency = 1> <II = 1> <Delay = 2.32> <Storage> <Opcode : 'load' 'store'> <Ports = 2> <Width = 1> <Depth = 148> <RAM>
ST_4 : Operation 113 [1/1] (0.00ns)   --->   "%br_ln240 = br void %arrayidx121518.exit" [kern.cpp:240]   --->   Operation 113 'br' 'br_ln240' <Predicate = (select_ln195_read == 2)> <Delay = 0.00>
ST_4 : Operation 114 [1/1] ( I:2.32ns O:2.32ns )   --->   "%store_ln240 = store i1 %xor_ln25, i8 %output_1_addr" [kern.cpp:240]   --->   Operation 114 'store' 'store_ln240' <Predicate = (select_ln195_read == 1)> <Delay = 2.32> <CoreInst = "RAM">   --->   Core 81 'RAM' <Latency = 1> <II = 1> <Delay = 2.32> <Storage> <Opcode : 'load' 'store'> <Ports = 2> <Width = 1> <Depth = 148> <RAM>
ST_4 : Operation 115 [1/1] (0.00ns)   --->   "%br_ln240 = br void %arrayidx121518.exit" [kern.cpp:240]   --->   Operation 115 'br' 'br_ln240' <Predicate = (select_ln195_read == 1)> <Delay = 0.00>
ST_4 : Operation 116 [1/1] ( I:2.32ns O:2.32ns )   --->   "%store_ln240 = store i1 %xor_ln25, i8 %output_0_addr" [kern.cpp:240]   --->   Operation 116 'store' 'store_ln240' <Predicate = (select_ln195_read == 0)> <Delay = 2.32> <CoreInst = "RAM">   --->   Core 81 'RAM' <Latency = 1> <II = 1> <Delay = 2.32> <Storage> <Opcode : 'load' 'store'> <Ports = 2> <Width = 1> <Depth = 148> <RAM>
ST_4 : Operation 117 [1/1] (0.00ns)   --->   "%br_ln240 = br void %arrayidx121518.exit" [kern.cpp:240]   --->   Operation 117 'br' 'br_ln240' <Predicate = (select_ln195_read == 0)> <Delay = 0.00>
ST_4 : Operation 118 [1/1] ( I:2.32ns O:2.32ns )   --->   "%store_ln240 = store i1 %xor_ln25, i8 %output_13_addr" [kern.cpp:240]   --->   Operation 118 'store' 'store_ln240' <Predicate = (select_ln195_read == 15) | (select_ln195_read == 14) | (select_ln195_read == 13)> <Delay = 2.32> <CoreInst = "RAM">   --->   Core 81 'RAM' <Latency = 1> <II = 1> <Delay = 2.32> <Storage> <Opcode : 'load' 'store'> <Ports = 2> <Width = 1> <Depth = 148> <RAM>
ST_4 : Operation 119 [1/1] (0.00ns)   --->   "%br_ln240 = br void %arrayidx121518.exit" [kern.cpp:240]   --->   Operation 119 'br' 'br_ln240' <Predicate = (select_ln195_read == 15) | (select_ln195_read == 14) | (select_ln195_read == 13)> <Delay = 0.00>


============================================================
+ Verbose Summary: Timing violations
============================================================
Target clock period: 13.000ns, clock uncertainty: 3.510ns.

 <State 1>: 7.400ns
The critical path consists of the following:
	'store' operation ('store_ln230', kern.cpp:230) of constant 0 2 bit on local variable 'oh', kern.cpp:230 [28]  (1.588 ns)
	'load' operation 2 bit ('oh_load', kern.cpp:230) on local variable 'oh', kern.cpp:230 [38]  (0.000 ns)
	'add' operation 2 bit ('add_ln230', kern.cpp:230) [40]  (1.565 ns)
	'select' operation 2 bit ('select_ln230', kern.cpp:230) [47]  (0.993 ns)
	'getelementptr' operation 9 bit ('buffer_0_addr', kern.cpp:234) [71]  (0.000 ns)
	'store' operation ('store_ln241', kern.cpp:241) of constant 0 32 bit on array 'buffer_0' [134]  (3.254 ns)

 <State 2>: 6.504ns
The critical path consists of the following:
	'load' operation 32 bit ('a00', kern.cpp:234) on array 'buffer_0' [72]  (3.254 ns)
	'icmp' operation 1 bit ('icmp_ln238', kern.cpp:238) [81]  (2.552 ns)
	'select' operation 32 bit ('select_ln238', kern.cpp:238) [82]  (0.698 ns)

 <State 3>: 5.104ns
The critical path consists of the following:
	'icmp' operation 1 bit ('icmp_ln238_2', kern.cpp:238) [85]  (2.552 ns)
	'select' operation 32 bit ('mx', kern.cpp:238) [86]  (0.000 ns)
	'add' operation 32 bit ('val', kern.cpp:240) [87]  (2.552 ns)

 <State 4>: 4.422ns
The critical path consists of the following:
	'add' operation 8 bit of DSP[52] ('add_ln240', kern.cpp:240) [52]  (2.100 ns)
	'getelementptr' operation 8 bit ('output_12_addr', kern.cpp:240) [66]  (0.000 ns)
	'store' operation ('store_ln240', kern.cpp:240) of variable 'xor_ln25', kern.cpp:25->kern.cpp:240 1 bit on array 'output_12' [92]  (2.322 ns)


============================================================
+ Verbose Summary: Binding
============================================================
N/A
* FSMD analyzer results:
  - Output states:
 - Input state : 
  - Chain level:
	State 1
	State 2
	State 3
	State 4


============================================================
+ Verbose Summary: Datapath Resource usage 
============================================================
N/A
