

================================================================
== Vitis HLS Report for 'conv2d_l1_Pipeline_INIT_FH_INIT_FW'
================================================================
* Date:           Fri May  1 21:41:12 2026

* Version:        2025.2 (Build 6295257 on Nov 14 2025)
* Project:        hls_component
* Solution:       hls (Vivado IP Flow Target)
* Product family: zynq
* Target device:  xc7z020-clg400-1


================================================================
== Performance Estimates
================================================================
+ Timing: 
    * Summary: 
    +--------+----------+----------+------------+
    |  Clock |  Target  | Estimated| Uncertainty|
    +--------+----------+----------+------------+
    |ap_clk  |  10.00 ns|  6.504 ns|     2.70 ns|
    +--------+----------+----------+------------+

+ Latency: 
    * Summary: 
    +---------+---------+----------+----------+-----+-----+-------------------+
    |  Latency (cycles) |  Latency (absolute) |  Interval |      Pipeline     |
    |   min   |   max   |    min   |    max   | min | max |        Type       |
    +---------+---------+----------+----------+-----+-----+-------------------+
    |      262|      262|  2.620 us|  2.620 us|    0|    0|  loop pipeline stp|
    +---------+---------+----------+----------+-----+-----+-------------------+

    + Detail: 
        * Instance: 
        N/A

        * Loop: 
        +-------------------+---------+---------+----------+-----------+-----------+------+----------+
        |                   |  Latency (cycles) | Iteration|  Initiation Interval  | Trip |          |
        |     Loop Name     |   min   |   max   |  Latency |  achieved |   target  | Count| Pipelined|
        +-------------------+---------+---------+----------+-----------+-----------+------+----------+
        |- INIT_FH_INIT_FW  |      260|      260|         6|          1|          1|   256|       yes|
        +-------------------+---------+---------+----------+-----------+-----------+------+----------+

============================================================
+ Verbose Summary: Synthesis Manager
============================================================
InlineROM: 1
ExposeGlobal: 0
============================================================
+ Verbose Summary: CDFG Model
============================================================
IsTopModel: 0
ResetActiveHigh: 1
IsCombinational: 0
IsDatapathOnly: 0
HasWiredReturn: 1
HasMFsm: 2
HasVarLatency: 1
IsPipeline: 0
IsRtlPipelined: 0
IsInstanceOverlapped: 0
IsDontTouch: 0
HasImplIP: 0
IsGatedGlobalClock: 0

+ Individual pipeline summary: 
  * Pipeline-0: initiation interval (II) = 1, depth = 6


============================================================
+ Verbose Summary: Schedule
============================================================
* Number of FSM states : 6
* Pipeline : 1
  Pipeline-0 : II = 1, D = 6, States = { 1 2 3 4 5 6 }
* Dataflow Pipeline: 0

* FSM state transitions: 
1 --> 2 
2 --> 3 
3 --> 4 
4 --> 5 
5 --> 6 
6 --> 

* FSM state operations: 

State 1 <SV = 0> <Delay = 4.99>
ST_1 : Operation 9 [1/1] (0.00ns)   --->   "%ow = alloca i32 1" [kern.cpp:65]   --->   Operation 9 'alloca' 'ow' <Predicate = true> <Delay = 0.00>
ST_1 : Operation 10 [1/1] (0.00ns)   --->   "%oh = alloca i32 1" [kern.cpp:64]   --->   Operation 10 'alloca' 'oh' <Predicate = true> <Delay = 0.00>
ST_1 : Operation 11 [1/1] (0.00ns)   --->   "%indvar_flatten6 = alloca i32 1"   --->   Operation 11 'alloca' 'indvar_flatten6' <Predicate = true> <Delay = 0.00>
ST_1 : Operation 12 [1/1] (0.00ns)   --->   "%select_ln29_read = read i4 @_ssdm_op_Read.ap_auto.i4, i4 %select_ln29"   --->   Operation 12 'read' 'select_ln29_read' <Predicate = true> <Delay = 0.00>
ST_1 : Operation 13 [1/1] (0.00ns)   --->   "%sext_ln39_read = read i16 @_ssdm_op_Read.ap_auto.i16, i16 %sext_ln39"   --->   Operation 13 'read' 'sext_ln39_read' <Predicate = true> <Delay = 0.00>
ST_1 : Operation 14 [1/1] (0.00ns)   --->   "%zext_ln29_read = read i11 @_ssdm_op_Read.ap_auto.i11, i11 %zext_ln29"   --->   Operation 14 'read' 'zext_ln29_read' <Predicate = true> <Delay = 0.00>
ST_1 : Operation 15 [1/1] (0.00ns)   --->   "%sext_ln39_cast = sext i16 %sext_ln39_read"   --->   Operation 15 'sext' 'sext_ln39_cast' <Predicate = true> <Delay = 0.00>
ST_1 : Operation 16 [1/1] (1.58ns)   --->   "%store_ln0 = store i9 0, i9 %indvar_flatten6"   --->   Operation 16 'store' 'store_ln0' <Predicate = true> <Delay = 1.58>
ST_1 : Operation 17 [1/1] (1.58ns)   --->   "%store_ln64 = store i5 0, i5 %oh" [kern.cpp:64]   --->   Operation 17 'store' 'store_ln64' <Predicate = true> <Delay = 1.58>
ST_1 : Operation 18 [1/1] (1.58ns)   --->   "%store_ln65 = store i5 0, i5 %ow" [kern.cpp:65]   --->   Operation 18 'store' 'store_ln65' <Predicate = true> <Delay = 1.58>
ST_1 : Operation 19 [1/1] (0.00ns)   --->   "%br_ln0 = br void %for.body73"   --->   Operation 19 'br' 'br_ln0' <Predicate = true> <Delay = 0.00>
ST_1 : Operation 20 [1/1] (0.00ns)   --->   "%indvar_flatten6_load = load i9 %indvar_flatten6" [kern.cpp:64]   --->   Operation 20 'load' 'indvar_flatten6_load' <Predicate = true> <Delay = 0.00>
ST_1 : Operation 21 [1/1] (1.82ns)   --->   "%icmp_ln64 = icmp_eq  i9 %indvar_flatten6_load, i9 256" [kern.cpp:64]   --->   Operation 21 'icmp' 'icmp_ln64' <Predicate = true> <Delay = 1.82> <CoreInst = "Cmp">   --->   Core 9 'Cmp' <Latency = 0> <II = 1> <Delay = 1.82> <FuncUnit> <Opcode : 'seteq' 'setne' 'setle' 'setge' 'setlt' 'setgt'> <InPorts = 2> <OutPorts = 1>
ST_1 : Operation 22 [1/1] (1.82ns)   --->   "%add_ln64_1 = add i9 %indvar_flatten6_load, i9 1" [kern.cpp:64]   --->   Operation 22 'add' 'add_ln64_1' <Predicate = true> <Delay = 1.82> <CoreInst = "Adder">   --->   Core 1 'Adder' <Latency = 0> <II = 1> <Delay = 1.82> <FuncUnit> <Opcode : 'add' 'sub'> <InPorts = 2> <OutPorts = 1>
ST_1 : Operation 23 [1/1] (0.00ns)   --->   "%br_ln64 = br i1 %icmp_ln64, void %for.inc151, void %if.end154.loopexit.exitStub" [kern.cpp:64]   --->   Operation 23 'br' 'br_ln64' <Predicate = true> <Delay = 0.00>
ST_1 : Operation 24 [1/1] (1.73ns)   --->   "%switch_ln74 = switch i4 %select_ln29_read, void %arrayidx127318.case.13, i4 0, void %arrayidx127318.case.0, i4 1, void %arrayidx127318.case.1, i4 2, void %arrayidx127318.case.2, i4 3, void %arrayidx127318.case.3, i4 4, void %arrayidx127318.case.4, i4 5, void %arrayidx127318.case.5, i4 6, void %arrayidx127318.case.6, i4 7, void %arrayidx127318.case.7, i4 8, void %arrayidx127318.case.8, i4 9, void %arrayidx127318.case.9, i4 10, void %arrayidx127318.case.10, i4 11, void %arrayidx127318.case.11, i4 12, void %arrayidx127318.case.12" [kern.cpp:74]   --->   Operation 24 'switch' 'switch_ln74' <Predicate = (!icmp_ln64)> <Delay = 1.73>
ST_1 : Operation 25 [1/1] (1.58ns)   --->   "%store_ln64 = store i9 %add_ln64_1, i9 %indvar_flatten6" [kern.cpp:64]   --->   Operation 25 'store' 'store_ln64' <Predicate = (!icmp_ln64)> <Delay = 1.58>

State 2 <SV = 1> <Delay = 6.36>
ST_2 : Operation 26 [1/1] (0.00ns)   --->   "%ow_load = load i5 %ow" [kern.cpp:65]   --->   Operation 26 'load' 'ow_load' <Predicate = true> <Delay = 0.00>
ST_2 : Operation 27 [1/1] (0.00ns)   --->   "%oh_load = load i5 %oh" [kern.cpp:64]   --->   Operation 27 'load' 'oh_load' <Predicate = true> <Delay = 0.00>
ST_2 : Operation 28 [1/1] (1.78ns)   --->   "%add_ln64 = add i5 %oh_load, i5 1" [kern.cpp:64]   --->   Operation 28 'add' 'add_ln64' <Predicate = true> <Delay = 1.78> <CoreInst = "Adder">   --->   Core 1 'Adder' <Latency = 0> <II = 1> <Delay = 1.78> <FuncUnit> <Opcode : 'add' 'sub'> <InPorts = 2> <OutPorts = 1>
ST_2 : Operation 29 [1/1] (1.78ns)   --->   "%icmp_ln65 = icmp_eq  i5 %ow_load, i5 16" [kern.cpp:65]   --->   Operation 29 'icmp' 'icmp_ln65' <Predicate = true> <Delay = 1.78> <CoreInst = "Cmp">   --->   Core 9 'Cmp' <Latency = 0> <II = 1> <Delay = 1.78> <FuncUnit> <Opcode : 'seteq' 'setne' 'setle' 'setge' 'setlt' 'setgt'> <InPorts = 2> <OutPorts = 1>
ST_2 : Operation 30 [1/1] (1.21ns)   --->   "%select_ln64 = select i1 %icmp_ln65, i5 0, i5 %ow_load" [kern.cpp:64]   --->   Operation 30 'select' 'select_ln64' <Predicate = true> <Delay = 1.21> <CoreInst = "Sel">   --->   Core 73 'Sel' <Latency = 0> <II = 1> <Delay = 1.21> <FuncUnit> <Opcode : 'select'> <InPorts = 3> <OutPorts = 1>
ST_2 : Operation 31 [1/1] (1.21ns)   --->   "%select_ln64_1 = select i1 %icmp_ln65, i5 %add_ln64, i5 %oh_load" [kern.cpp:64]   --->   Operation 31 'select' 'select_ln64_1' <Predicate = true> <Delay = 1.21> <CoreInst = "Sel">   --->   Core 73 'Sel' <Latency = 0> <II = 1> <Delay = 1.21> <FuncUnit> <Opcode : 'select'> <InPorts = 3> <OutPorts = 1>
ST_2 : Operation 32 [1/1] (0.00ns)   --->   "%trunc_ln68 = trunc i5 %select_ln64_1" [kern.cpp:68]   --->   Operation 32 'trunc' 'trunc_ln68' <Predicate = true> <Delay = 0.00>
ST_2 : Operation 33 [1/1] (0.00ns)   --->   "%add_ln = bitconcatenate i9 @_ssdm_op_BitConcatenate.i9.i4.i5, i4 %trunc_ln68, i5 %select_ln64" [kern.cpp:68]   --->   Operation 33 'bitconcatenate' 'add_ln' <Predicate = true> <Delay = 0.00>
ST_2 : Operation 34 [1/1] (0.00ns)   --->   "%zext_ln68 = zext i9 %add_ln" [kern.cpp:68]   --->   Operation 34 'zext' 'zext_ln68' <Predicate = true> <Delay = 0.00>
ST_2 : Operation 35 [1/1] (0.00ns)   --->   "%buffer_0_addr = getelementptr i32 %buffer_0, i64 0, i64 %zext_ln68" [kern.cpp:68]   --->   Operation 35 'getelementptr' 'buffer_0_addr' <Predicate = true> <Delay = 0.00>
ST_2 : Operation 36 [2/2] (3.25ns)   --->   "%a00 = load i9 %buffer_0_addr" [kern.cpp:68]   --->   Operation 36 'load' 'a00' <Predicate = true> <Delay = 3.25> <CoreInst = "RAM">   --->   Core 81 'RAM' <Latency = 1> <II = 1> <Delay = 3.25> <Storage> <Opcode : 'load' 'store'> <Ports = 2> <Width = 32> <Depth = 512> <RAM>
ST_2 : Operation 37 [1/1] (0.00ns)   --->   "%buffer_1_addr = getelementptr i32 %buffer_1, i64 0, i64 %zext_ln68" [kern.cpp:69]   --->   Operation 37 'getelementptr' 'buffer_1_addr' <Predicate = true> <Delay = 0.00>
ST_2 : Operation 38 [2/2] (3.25ns)   --->   "%a01 = load i9 %buffer_1_addr" [kern.cpp:69]   --->   Operation 38 'load' 'a01' <Predicate = true> <Delay = 3.25> <CoreInst = "RAM">   --->   Core 81 'RAM' <Latency = 1> <II = 1> <Delay = 3.25> <Storage> <Opcode : 'load' 'store'> <Ports = 2> <Width = 32> <Depth = 512> <RAM>
ST_2 : Operation 39 [1/1] ( I:3.25ns O:3.25ns )   --->   "%store_ln75 = store i32 0, i9 %buffer_0_addr" [kern.cpp:75]   --->   Operation 39 'store' 'store_ln75' <Predicate = true> <Delay = 3.25> <CoreInst = "RAM">   --->   Core 81 'RAM' <Latency = 1> <II = 1> <Delay = 3.25> <Storage> <Opcode : 'load' 'store'> <Ports = 2> <Width = 32> <Depth = 512> <RAM>
ST_2 : Operation 40 [1/1] ( I:3.25ns O:3.25ns )   --->   "%store_ln76 = store i32 0, i9 %buffer_1_addr" [kern.cpp:76]   --->   Operation 40 'store' 'store_ln76' <Predicate = true> <Delay = 3.25> <CoreInst = "RAM">   --->   Core 81 'RAM' <Latency = 1> <II = 1> <Delay = 3.25> <Storage> <Opcode : 'load' 'store'> <Ports = 2> <Width = 32> <Depth = 512> <RAM>
ST_2 : Operation 41 [1/1] (1.78ns)   --->   "%add_ln65 = add i5 %select_ln64, i5 1" [kern.cpp:65]   --->   Operation 41 'add' 'add_ln65' <Predicate = true> <Delay = 1.78> <CoreInst = "Adder">   --->   Core 1 'Adder' <Latency = 0> <II = 1> <Delay = 1.78> <FuncUnit> <Opcode : 'add' 'sub'> <InPorts = 2> <OutPorts = 1>
ST_2 : Operation 42 [1/1] (1.58ns)   --->   "%store_ln64 = store i5 %select_ln64_1, i5 %oh" [kern.cpp:64]   --->   Operation 42 'store' 'store_ln64' <Predicate = true> <Delay = 1.58>
ST_2 : Operation 43 [1/1] (1.58ns)   --->   "%store_ln65 = store i5 %add_ln65, i5 %ow" [kern.cpp:65]   --->   Operation 43 'store' 'store_ln65' <Predicate = true> <Delay = 1.58>

State 3 <SV = 2> <Delay = 6.50>
ST_3 : Operation 44 [1/1] (0.00ns)   --->   "%tmp_s = bitconcatenate i9 @_ssdm_op_BitConcatenate.i9.i5.i4, i5 %select_ln64_1, i4 0" [kern.cpp:74]   --->   Operation 44 'bitconcatenate' 'tmp_s' <Predicate = true> <Delay = 0.00>
ST_3 : Operation 45 [1/1] (0.00ns)   --->   "%zext_ln68_1 = zext i9 %tmp_s" [kern.cpp:68]   --->   Operation 45 'zext' 'zext_ln68_1' <Predicate = true> <Delay = 0.00>
ST_3 : Operation 46 [1/1] (0.00ns)   --->   "%or_ln = bitconcatenate i9 @_ssdm_op_BitConcatenate.i9.i4.i5, i4 %trunc_ln68, i5 16" [kern.cpp:70]   --->   Operation 46 'bitconcatenate' 'or_ln' <Predicate = true> <Delay = 0.00>
ST_3 : Operation 47 [1/1] (0.00ns)   --->   "%zext_ln74 = zext i5 %select_ln64" [kern.cpp:74]   --->   Operation 47 'zext' 'zext_ln74' <Predicate = true> <Delay = 0.00>
ST_3 : Operation 48 [1/1] (1.82ns)   --->   "%add_ln74 = add i10 %zext_ln68_1, i10 %zext_ln74" [kern.cpp:74]   --->   Operation 48 'add' 'add_ln74' <Predicate = true> <Delay = 1.82> <CoreInst = "Adder">   --->   Core 1 'Adder' <Latency = 0> <II = 1> <Delay = 1.82> <FuncUnit> <Opcode : 'add' 'sub'> <InPorts = 2> <OutPorts = 1>
ST_3 : Operation 49 [1/1] (0.00ns)   --->   "%zext_ln74_1 = zext i10 %add_ln74" [kern.cpp:74]   --->   Operation 49 'zext' 'zext_ln74_1' <Predicate = true> <Delay = 0.00>
ST_3 : Operation 50 [1/1] (0.00ns)   --->   "%trunc_ln74 = trunc i10 %add_ln74" [kern.cpp:74]   --->   Operation 50 'trunc' 'trunc_ln74' <Predicate = true> <Delay = 0.00>
ST_3 : Operation 51 [1/1] (0.00ns)   --->   "%p_shl = bitconcatenate i11 @_ssdm_op_BitConcatenate.i11.i9.i2, i9 %trunc_ln74, i2 0" [kern.cpp:74]   --->   Operation 51 'bitconcatenate' 'p_shl' <Predicate = true> <Delay = 0.00>
ST_3 : Operation 52 [1/1] (0.00ns) (grouped into TernaryAdder)   --->   "%add_ln74_2 = add i11 %p_shl, i11 %zext_ln74_1" [kern.cpp:74]   --->   Operation 52 'add' 'add_ln74_2' <Predicate = true> <Delay = 0.00> <CoreInst = "TAddSub">   --->   Core 10 'TAddSub' <Latency = 0> <II = 1> <Delay = 1.87> <IPBlock> <Opcode : 'add' 'sub'> <InPorts = 3> <OutPorts = 1> <Sync> <CReg>
ST_3 : Operation 53 [1/1] (3.75ns) (root node of TernaryAdder)   --->   "%add_ln74_1 = add i11 %add_ln74_2, i11 %zext_ln29_read" [kern.cpp:74]   --->   Operation 53 'add' 'add_ln74_1' <Predicate = true> <Delay = 3.75> <CoreInst = "TAddSub">   --->   Core 10 'TAddSub' <Latency = 0> <II = 1> <Delay = 1.87> <IPBlock> <Opcode : 'add' 'sub'> <InPorts = 3> <OutPorts = 1> <Sync> <CReg>
ST_3 : Operation 54 [1/1] (0.00ns)   --->   "%zext_ln65 = zext i5 %select_ln64" [kern.cpp:65]   --->   Operation 54 'zext' 'zext_ln65' <Predicate = true> <Delay = 0.00>
ST_3 : Operation 55 [1/2] ( I:3.25ns O:3.25ns )   --->   "%a00 = load i9 %buffer_0_addr" [kern.cpp:68]   --->   Operation 55 'load' 'a00' <Predicate = true> <Delay = 3.25> <CoreInst = "RAM">   --->   Core 81 'RAM' <Latency = 1> <II = 1> <Delay = 3.25> <Storage> <Opcode : 'load' 'store'> <Ports = 2> <Width = 32> <Depth = 512> <RAM>
ST_3 : Operation 56 [1/2] ( I:3.25ns O:3.25ns )   --->   "%a01 = load i9 %buffer_1_addr" [kern.cpp:69]   --->   Operation 56 'load' 'a01' <Predicate = true> <Delay = 3.25> <CoreInst = "RAM">   --->   Core 81 'RAM' <Latency = 1> <II = 1> <Delay = 3.25> <Storage> <Opcode : 'load' 'store'> <Ports = 2> <Width = 32> <Depth = 512> <RAM>
ST_3 : Operation 57 [1/1] (1.82ns)   --->   "%add_ln70 = add i9 %zext_ln65, i9 %or_ln" [kern.cpp:70]   --->   Operation 57 'add' 'add_ln70' <Predicate = true> <Delay = 1.82> <CoreInst = "Adder">   --->   Core 1 'Adder' <Latency = 0> <II = 1> <Delay = 1.82> <FuncUnit> <Opcode : 'add' 'sub'> <InPorts = 2> <OutPorts = 1>
ST_3 : Operation 58 [1/1] (0.00ns)   --->   "%zext_ln70 = zext i9 %add_ln70" [kern.cpp:70]   --->   Operation 58 'zext' 'zext_ln70' <Predicate = true> <Delay = 0.00>
ST_3 : Operation 59 [1/1] (0.00ns)   --->   "%buffer_0_addr_4 = getelementptr i32 %buffer_0, i64 0, i64 %zext_ln70" [kern.cpp:70]   --->   Operation 59 'getelementptr' 'buffer_0_addr_4' <Predicate = true> <Delay = 0.00>
ST_3 : Operation 60 [2/2] (3.25ns)   --->   "%a10 = load i9 %buffer_0_addr_4" [kern.cpp:70]   --->   Operation 60 'load' 'a10' <Predicate = true> <Delay = 3.25> <CoreInst = "RAM">   --->   Core 81 'RAM' <Latency = 1> <II = 1> <Delay = 3.25> <Storage> <Opcode : 'load' 'store'> <Ports = 2> <Width = 32> <Depth = 512> <RAM>
ST_3 : Operation 61 [1/1] (0.00ns)   --->   "%buffer_1_addr_4 = getelementptr i32 %buffer_1, i64 0, i64 %zext_ln70" [kern.cpp:71]   --->   Operation 61 'getelementptr' 'buffer_1_addr_4' <Predicate = true> <Delay = 0.00>
ST_3 : Operation 62 [2/2] (3.25ns)   --->   "%a11 = load i9 %buffer_1_addr_4" [kern.cpp:71]   --->   Operation 62 'load' 'a11' <Predicate = true> <Delay = 3.25> <CoreInst = "RAM">   --->   Core 81 'RAM' <Latency = 1> <II = 1> <Delay = 3.25> <Storage> <Opcode : 'load' 'store'> <Ports = 2> <Width = 32> <Depth = 512> <RAM>
ST_3 : Operation 63 [1/1] (2.55ns)   --->   "%icmp_ln72 = icmp_sgt  i32 %a00, i32 %a01" [kern.cpp:72]   --->   Operation 63 'icmp' 'icmp_ln72' <Predicate = true> <Delay = 2.55> <CoreInst = "Cmp">   --->   Core 9 'Cmp' <Latency = 0> <II = 1> <Delay = 2.55> <FuncUnit> <Opcode : 'seteq' 'setne' 'setle' 'setge' 'setlt' 'setgt'> <InPorts = 2> <OutPorts = 1>
ST_3 : Operation 64 [1/1] (0.69ns)   --->   "%select_ln72 = select i1 %icmp_ln72, i32 %a00, i32 %a01" [kern.cpp:72]   --->   Operation 64 'select' 'select_ln72' <Predicate = true> <Delay = 0.69> <CoreInst = "Sel">   --->   Core 73 'Sel' <Latency = 0> <II = 1> <Delay = 0.69> <FuncUnit> <Opcode : 'select'> <InPorts = 3> <OutPorts = 1>
ST_3 : Operation 65 [1/1] ( I:3.25ns O:3.25ns )   --->   "%store_ln77 = store i32 0, i9 %buffer_0_addr_4" [kern.cpp:77]   --->   Operation 65 'store' 'store_ln77' <Predicate = true> <Delay = 3.25> <CoreInst = "RAM">   --->   Core 81 'RAM' <Latency = 1> <II = 1> <Delay = 3.25> <Storage> <Opcode : 'load' 'store'> <Ports = 2> <Width = 32> <Depth = 512> <RAM>
ST_3 : Operation 66 [1/1] ( I:3.25ns O:3.25ns )   --->   "%store_ln78 = store i32 0, i9 %buffer_1_addr_4" [kern.cpp:78]   --->   Operation 66 'store' 'store_ln78' <Predicate = true> <Delay = 3.25> <CoreInst = "RAM">   --->   Core 81 'RAM' <Latency = 1> <II = 1> <Delay = 3.25> <Storage> <Opcode : 'load' 'store'> <Ports = 2> <Width = 32> <Depth = 512> <RAM>
ST_3 : Operation 67 [1/1] (0.00ns)   --->   "%br_ln65 = br void %for.body73" [kern.cpp:65]   --->   Operation 67 'br' 'br_ln65' <Predicate = true> <Delay = 0.00>

State 4 <SV = 3> <Delay = 6.50>
ST_4 : Operation 68 [1/2] ( I:3.25ns O:3.25ns )   --->   "%a10 = load i9 %buffer_0_addr_4" [kern.cpp:70]   --->   Operation 68 'load' 'a10' <Predicate = true> <Delay = 3.25> <CoreInst = "RAM">   --->   Core 81 'RAM' <Latency = 1> <II = 1> <Delay = 3.25> <Storage> <Opcode : 'load' 'store'> <Ports = 2> <Width = 32> <Depth = 512> <RAM>
ST_4 : Operation 69 [1/2] ( I:3.25ns O:3.25ns )   --->   "%a11 = load i9 %buffer_1_addr_4" [kern.cpp:71]   --->   Operation 69 'load' 'a11' <Predicate = true> <Delay = 3.25> <CoreInst = "RAM">   --->   Core 81 'RAM' <Latency = 1> <II = 1> <Delay = 3.25> <Storage> <Opcode : 'load' 'store'> <Ports = 2> <Width = 32> <Depth = 512> <RAM>
ST_4 : Operation 70 [1/1] (2.55ns)   --->   "%icmp_ln72_1 = icmp_sgt  i32 %a10, i32 %a11" [kern.cpp:72]   --->   Operation 70 'icmp' 'icmp_ln72_1' <Predicate = true> <Delay = 2.55> <CoreInst = "Cmp">   --->   Core 9 'Cmp' <Latency = 0> <II = 1> <Delay = 2.55> <FuncUnit> <Opcode : 'seteq' 'setne' 'setle' 'setge' 'setlt' 'setgt'> <InPorts = 2> <OutPorts = 1>
ST_4 : Operation 71 [1/1] (0.69ns)   --->   "%select_ln72_1 = select i1 %icmp_ln72_1, i32 %a10, i32 %a11" [kern.cpp:72]   --->   Operation 71 'select' 'select_ln72_1' <Predicate = true> <Delay = 0.69> <CoreInst = "Sel">   --->   Core 73 'Sel' <Latency = 0> <II = 1> <Delay = 0.69> <FuncUnit> <Opcode : 'select'> <InPorts = 3> <OutPorts = 1>

State 5 <SV = 4> <Delay = 6.08>
ST_5 : Operation 72 [1/1] (2.55ns)   --->   "%icmp_ln72_2 = icmp_sgt  i32 %select_ln72, i32 %select_ln72_1" [kern.cpp:72]   --->   Operation 72 'icmp' 'icmp_ln72_2' <Predicate = true> <Delay = 2.55> <CoreInst = "Cmp">   --->   Core 9 'Cmp' <Latency = 0> <II = 1> <Delay = 2.55> <FuncUnit> <Opcode : 'seteq' 'setne' 'setle' 'setge' 'setlt' 'setgt'> <InPorts = 2> <OutPorts = 1>
ST_5 : Operation 73 [1/1] (0.00ns) (grouped into LUT with out node val)   --->   "%mx = select i1 %icmp_ln72_2, i32 %select_ln72, i32 %select_ln72_1" [kern.cpp:72]   --->   Operation 73 'select' 'mx' <Predicate = true> <Delay = 0.00> <CoreInst = "Sel">   --->   Core 73 'Sel' <Latency = 0> <II = 1> <Delay = 0.69> <FuncUnit> <Opcode : 'select'> <InPorts = 3> <OutPorts = 1>
ST_5 : Operation 74 [1/1] (2.55ns) (out node of the LUT)   --->   "%val = add i32 %mx, i32 %sext_ln39_cast" [kern.cpp:74]   --->   Operation 74 'add' 'val' <Predicate = true> <Delay = 2.55> <CoreInst = "Adder">   --->   Core 1 'Adder' <Latency = 0> <II = 1> <Delay = 2.55> <FuncUnit> <Opcode : 'add' 'sub'> <InPorts = 2> <OutPorts = 1>
ST_5 : Operation 75 [1/1] (0.00ns)   --->   "%tmp = bitselect i1 @_ssdm_op_BitSelect.i1.i32.i32, i32 %val, i32 31" [kern.cpp:25->kern.cpp:74]   --->   Operation 75 'bitselect' 'tmp' <Predicate = true> <Delay = 0.00>
ST_5 : Operation 76 [1/1] (0.97ns)   --->   "%xor_ln25 = xor i1 %tmp, i1 1" [kern.cpp:25->kern.cpp:74]   --->   Operation 76 'xor' 'xor_ln25' <Predicate = true> <Delay = 0.97> <CoreInst = "LogicGate">   --->   Core 74 'LogicGate' <Latency = 0> <II = 1> <Delay = 0.97> <FuncUnit> <Opcode : 'and' 'or' 'xor'> <InPorts = 2> <OutPorts = 1>
ST_5 : Operation 123 [1/1] (1.58ns)   --->   "%ret_ln0 = ret"   --->   Operation 123 'ret' 'ret_ln0' <Predicate = (icmp_ln64)> <Delay = 1.58>

State 6 <SV = 5> <Delay = 3.25>
ST_6 : Operation 77 [1/1] (0.00ns)   --->   "%specloopname_ln0 = specloopname void @_ssdm_op_SpecLoopName, void @INIT_FH_INIT_FW_str"   --->   Operation 77 'specloopname' 'specloopname_ln0' <Predicate = true> <Delay = 0.00>
ST_6 : Operation 78 [1/1] (0.00ns)   --->   "%speclooptripcount_ln0 = speclooptripcount void @_ssdm_op_SpecLoopTripCount, i64 256, i64 256, i64 256"   --->   Operation 78 'speclooptripcount' 'speclooptripcount_ln0' <Predicate = true> <Delay = 0.00>
ST_6 : Operation 79 [1/1] (0.00ns)   --->   "%zext_ln74_2 = zext i11 %add_ln74_1" [kern.cpp:74]   --->   Operation 79 'zext' 'zext_ln74_2' <Predicate = true> <Delay = 0.00>
ST_6 : Operation 80 [1/1] (0.00ns)   --->   "%output_0_addr = getelementptr i1 %output_0, i64 0, i64 %zext_ln74_2" [kern.cpp:74]   --->   Operation 80 'getelementptr' 'output_0_addr' <Predicate = true> <Delay = 0.00>
ST_6 : Operation 81 [1/1] (0.00ns)   --->   "%output_1_addr = getelementptr i1 %output_1, i64 0, i64 %zext_ln74_2" [kern.cpp:74]   --->   Operation 81 'getelementptr' 'output_1_addr' <Predicate = true> <Delay = 0.00>
ST_6 : Operation 82 [1/1] (0.00ns)   --->   "%output_2_addr = getelementptr i1 %output_2, i64 0, i64 %zext_ln74_2" [kern.cpp:74]   --->   Operation 82 'getelementptr' 'output_2_addr' <Predicate = true> <Delay = 0.00>
ST_6 : Operation 83 [1/1] (0.00ns)   --->   "%output_3_addr = getelementptr i1 %output_3, i64 0, i64 %zext_ln74_2" [kern.cpp:74]   --->   Operation 83 'getelementptr' 'output_3_addr' <Predicate = true> <Delay = 0.00>
ST_6 : Operation 84 [1/1] (0.00ns)   --->   "%output_4_addr = getelementptr i1 %output_4, i64 0, i64 %zext_ln74_2" [kern.cpp:74]   --->   Operation 84 'getelementptr' 'output_4_addr' <Predicate = true> <Delay = 0.00>
ST_6 : Operation 85 [1/1] (0.00ns)   --->   "%output_5_addr = getelementptr i1 %output_5, i64 0, i64 %zext_ln74_2" [kern.cpp:74]   --->   Operation 85 'getelementptr' 'output_5_addr' <Predicate = true> <Delay = 0.00>
ST_6 : Operation 86 [1/1] (0.00ns)   --->   "%output_6_addr = getelementptr i1 %output_6, i64 0, i64 %zext_ln74_2" [kern.cpp:74]   --->   Operation 86 'getelementptr' 'output_6_addr' <Predicate = true> <Delay = 0.00>
ST_6 : Operation 87 [1/1] (0.00ns)   --->   "%output_7_addr = getelementptr i1 %output_7, i64 0, i64 %zext_ln74_2" [kern.cpp:74]   --->   Operation 87 'getelementptr' 'output_7_addr' <Predicate = true> <Delay = 0.00>
ST_6 : Operation 88 [1/1] (0.00ns)   --->   "%output_8_addr = getelementptr i1 %output_8, i64 0, i64 %zext_ln74_2" [kern.cpp:74]   --->   Operation 88 'getelementptr' 'output_8_addr' <Predicate = true> <Delay = 0.00>
ST_6 : Operation 89 [1/1] (0.00ns)   --->   "%output_9_addr = getelementptr i1 %output_9, i64 0, i64 %zext_ln74_2" [kern.cpp:74]   --->   Operation 89 'getelementptr' 'output_9_addr' <Predicate = true> <Delay = 0.00>
ST_6 : Operation 90 [1/1] (0.00ns)   --->   "%output_10_addr = getelementptr i1 %output_10, i64 0, i64 %zext_ln74_2" [kern.cpp:74]   --->   Operation 90 'getelementptr' 'output_10_addr' <Predicate = true> <Delay = 0.00>
ST_6 : Operation 91 [1/1] (0.00ns)   --->   "%output_11_addr = getelementptr i1 %output_11, i64 0, i64 %zext_ln74_2" [kern.cpp:74]   --->   Operation 91 'getelementptr' 'output_11_addr' <Predicate = true> <Delay = 0.00>
ST_6 : Operation 92 [1/1] (0.00ns)   --->   "%output_12_addr = getelementptr i1 %output_12, i64 0, i64 %zext_ln74_2" [kern.cpp:74]   --->   Operation 92 'getelementptr' 'output_12_addr' <Predicate = true> <Delay = 0.00>
ST_6 : Operation 93 [1/1] (0.00ns)   --->   "%output_13_addr = getelementptr i1 %output_13, i64 0, i64 %zext_ln74_2" [kern.cpp:74]   --->   Operation 93 'getelementptr' 'output_13_addr' <Predicate = true> <Delay = 0.00>
ST_6 : Operation 94 [1/1] (0.00ns)   --->   "%specpipeline_ln66 = specpipeline void @_ssdm_op_SpecPipeline, i32 1, i32 0, i32 0, i32 0, i32 4294967295, void @empty_5" [kern.cpp:66]   --->   Operation 94 'specpipeline' 'specpipeline_ln66' <Predicate = true> <Delay = 0.00>
ST_6 : Operation 95 [1/1] ( I:3.25ns O:3.25ns )   --->   "%store_ln74 = store i1 %xor_ln25, i11 %output_12_addr" [kern.cpp:74]   --->   Operation 95 'store' 'store_ln74' <Predicate = (select_ln29_read == 12)> <Delay = 3.25> <CoreInst = "RAM">   --->   Core 81 'RAM' <Latency = 1> <II = 1> <Delay = 3.25> <Storage> <Opcode : 'load' 'store'> <Ports = 2> <Width = 1> <Depth = 1280> <RAM>
ST_6 : Operation 96 [1/1] (0.00ns)   --->   "%br_ln74 = br void %arrayidx127318.exit" [kern.cpp:74]   --->   Operation 96 'br' 'br_ln74' <Predicate = (select_ln29_read == 12)> <Delay = 0.00>
ST_6 : Operation 97 [1/1] ( I:3.25ns O:3.25ns )   --->   "%store_ln74 = store i1 %xor_ln25, i11 %output_11_addr" [kern.cpp:74]   --->   Operation 97 'store' 'store_ln74' <Predicate = (select_ln29_read == 11)> <Delay = 3.25> <CoreInst = "RAM">   --->   Core 81 'RAM' <Latency = 1> <II = 1> <Delay = 3.25> <Storage> <Opcode : 'load' 'store'> <Ports = 2> <Width = 1> <Depth = 1280> <RAM>
ST_6 : Operation 98 [1/1] (0.00ns)   --->   "%br_ln74 = br void %arrayidx127318.exit" [kern.cpp:74]   --->   Operation 98 'br' 'br_ln74' <Predicate = (select_ln29_read == 11)> <Delay = 0.00>
ST_6 : Operation 99 [1/1] ( I:3.25ns O:3.25ns )   --->   "%store_ln74 = store i1 %xor_ln25, i11 %output_10_addr" [kern.cpp:74]   --->   Operation 99 'store' 'store_ln74' <Predicate = (select_ln29_read == 10)> <Delay = 3.25> <CoreInst = "RAM">   --->   Core 81 'RAM' <Latency = 1> <II = 1> <Delay = 3.25> <Storage> <Opcode : 'load' 'store'> <Ports = 2> <Width = 1> <Depth = 1280> <RAM>
ST_6 : Operation 100 [1/1] (0.00ns)   --->   "%br_ln74 = br void %arrayidx127318.exit" [kern.cpp:74]   --->   Operation 100 'br' 'br_ln74' <Predicate = (select_ln29_read == 10)> <Delay = 0.00>
ST_6 : Operation 101 [1/1] ( I:3.25ns O:3.25ns )   --->   "%store_ln74 = store i1 %xor_ln25, i11 %output_9_addr" [kern.cpp:74]   --->   Operation 101 'store' 'store_ln74' <Predicate = (select_ln29_read == 9)> <Delay = 3.25> <CoreInst = "RAM">   --->   Core 81 'RAM' <Latency = 1> <II = 1> <Delay = 3.25> <Storage> <Opcode : 'load' 'store'> <Ports = 2> <Width = 1> <Depth = 1280> <RAM>
ST_6 : Operation 102 [1/1] (0.00ns)   --->   "%br_ln74 = br void %arrayidx127318.exit" [kern.cpp:74]   --->   Operation 102 'br' 'br_ln74' <Predicate = (select_ln29_read == 9)> <Delay = 0.00>
ST_6 : Operation 103 [1/1] ( I:3.25ns O:3.25ns )   --->   "%store_ln74 = store i1 %xor_ln25, i11 %output_8_addr" [kern.cpp:74]   --->   Operation 103 'store' 'store_ln74' <Predicate = (select_ln29_read == 8)> <Delay = 3.25> <CoreInst = "RAM">   --->   Core 81 'RAM' <Latency = 1> <II = 1> <Delay = 3.25> <Storage> <Opcode : 'load' 'store'> <Ports = 2> <Width = 1> <Depth = 1280> <RAM>
ST_6 : Operation 104 [1/1] (0.00ns)   --->   "%br_ln74 = br void %arrayidx127318.exit" [kern.cpp:74]   --->   Operation 104 'br' 'br_ln74' <Predicate = (select_ln29_read == 8)> <Delay = 0.00>
ST_6 : Operation 105 [1/1] ( I:3.25ns O:3.25ns )   --->   "%store_ln74 = store i1 %xor_ln25, i11 %output_7_addr" [kern.cpp:74]   --->   Operation 105 'store' 'store_ln74' <Predicate = (select_ln29_read == 7)> <Delay = 3.25> <CoreInst = "RAM">   --->   Core 81 'RAM' <Latency = 1> <II = 1> <Delay = 3.25> <Storage> <Opcode : 'load' 'store'> <Ports = 2> <Width = 1> <Depth = 1280> <RAM>
ST_6 : Operation 106 [1/1] (0.00ns)   --->   "%br_ln74 = br void %arrayidx127318.exit" [kern.cpp:74]   --->   Operation 106 'br' 'br_ln74' <Predicate = (select_ln29_read == 7)> <Delay = 0.00>
ST_6 : Operation 107 [1/1] ( I:3.25ns O:3.25ns )   --->   "%store_ln74 = store i1 %xor_ln25, i11 %output_6_addr" [kern.cpp:74]   --->   Operation 107 'store' 'store_ln74' <Predicate = (select_ln29_read == 6)> <Delay = 3.25> <CoreInst = "RAM">   --->   Core 81 'RAM' <Latency = 1> <II = 1> <Delay = 3.25> <Storage> <Opcode : 'load' 'store'> <Ports = 2> <Width = 1> <Depth = 1280> <RAM>
ST_6 : Operation 108 [1/1] (0.00ns)   --->   "%br_ln74 = br void %arrayidx127318.exit" [kern.cpp:74]   --->   Operation 108 'br' 'br_ln74' <Predicate = (select_ln29_read == 6)> <Delay = 0.00>
ST_6 : Operation 109 [1/1] ( I:3.25ns O:3.25ns )   --->   "%store_ln74 = store i1 %xor_ln25, i11 %output_5_addr" [kern.cpp:74]   --->   Operation 109 'store' 'store_ln74' <Predicate = (select_ln29_read == 5)> <Delay = 3.25> <CoreInst = "RAM">   --->   Core 81 'RAM' <Latency = 1> <II = 1> <Delay = 3.25> <Storage> <Opcode : 'load' 'store'> <Ports = 2> <Width = 1> <Depth = 1280> <RAM>
ST_6 : Operation 110 [1/1] (0.00ns)   --->   "%br_ln74 = br void %arrayidx127318.exit" [kern.cpp:74]   --->   Operation 110 'br' 'br_ln74' <Predicate = (select_ln29_read == 5)> <Delay = 0.00>
ST_6 : Operation 111 [1/1] ( I:3.25ns O:3.25ns )   --->   "%store_ln74 = store i1 %xor_ln25, i11 %output_4_addr" [kern.cpp:74]   --->   Operation 111 'store' 'store_ln74' <Predicate = (select_ln29_read == 4)> <Delay = 3.25> <CoreInst = "RAM">   --->   Core 81 'RAM' <Latency = 1> <II = 1> <Delay = 3.25> <Storage> <Opcode : 'load' 'store'> <Ports = 2> <Width = 1> <Depth = 1280> <RAM>
ST_6 : Operation 112 [1/1] (0.00ns)   --->   "%br_ln74 = br void %arrayidx127318.exit" [kern.cpp:74]   --->   Operation 112 'br' 'br_ln74' <Predicate = (select_ln29_read == 4)> <Delay = 0.00>
ST_6 : Operation 113 [1/1] ( I:3.25ns O:3.25ns )   --->   "%store_ln74 = store i1 %xor_ln25, i11 %output_3_addr" [kern.cpp:74]   --->   Operation 113 'store' 'store_ln74' <Predicate = (select_ln29_read == 3)> <Delay = 3.25> <CoreInst = "RAM">   --->   Core 81 'RAM' <Latency = 1> <II = 1> <Delay = 3.25> <Storage> <Opcode : 'load' 'store'> <Ports = 2> <Width = 1> <Depth = 1280> <RAM>
ST_6 : Operation 114 [1/1] (0.00ns)   --->   "%br_ln74 = br void %arrayidx127318.exit" [kern.cpp:74]   --->   Operation 114 'br' 'br_ln74' <Predicate = (select_ln29_read == 3)> <Delay = 0.00>
ST_6 : Operation 115 [1/1] ( I:3.25ns O:3.25ns )   --->   "%store_ln74 = store i1 %xor_ln25, i11 %output_2_addr" [kern.cpp:74]   --->   Operation 115 'store' 'store_ln74' <Predicate = (select_ln29_read == 2)> <Delay = 3.25> <CoreInst = "RAM">   --->   Core 81 'RAM' <Latency = 1> <II = 1> <Delay = 3.25> <Storage> <Opcode : 'load' 'store'> <Ports = 2> <Width = 1> <Depth = 1280> <RAM>
ST_6 : Operation 116 [1/1] (0.00ns)   --->   "%br_ln74 = br void %arrayidx127318.exit" [kern.cpp:74]   --->   Operation 116 'br' 'br_ln74' <Predicate = (select_ln29_read == 2)> <Delay = 0.00>
ST_6 : Operation 117 [1/1] ( I:3.25ns O:3.25ns )   --->   "%store_ln74 = store i1 %xor_ln25, i11 %output_1_addr" [kern.cpp:74]   --->   Operation 117 'store' 'store_ln74' <Predicate = (select_ln29_read == 1)> <Delay = 3.25> <CoreInst = "RAM">   --->   Core 81 'RAM' <Latency = 1> <II = 1> <Delay = 3.25> <Storage> <Opcode : 'load' 'store'> <Ports = 2> <Width = 1> <Depth = 1280> <RAM>
ST_6 : Operation 118 [1/1] (0.00ns)   --->   "%br_ln74 = br void %arrayidx127318.exit" [kern.cpp:74]   --->   Operation 118 'br' 'br_ln74' <Predicate = (select_ln29_read == 1)> <Delay = 0.00>
ST_6 : Operation 119 [1/1] ( I:3.25ns O:3.25ns )   --->   "%store_ln74 = store i1 %xor_ln25, i11 %output_0_addr" [kern.cpp:74]   --->   Operation 119 'store' 'store_ln74' <Predicate = (select_ln29_read == 0)> <Delay = 3.25> <CoreInst = "RAM">   --->   Core 81 'RAM' <Latency = 1> <II = 1> <Delay = 3.25> <Storage> <Opcode : 'load' 'store'> <Ports = 2> <Width = 1> <Depth = 1280> <RAM>
ST_6 : Operation 120 [1/1] (0.00ns)   --->   "%br_ln74 = br void %arrayidx127318.exit" [kern.cpp:74]   --->   Operation 120 'br' 'br_ln74' <Predicate = (select_ln29_read == 0)> <Delay = 0.00>
ST_6 : Operation 121 [1/1] ( I:3.25ns O:3.25ns )   --->   "%store_ln74 = store i1 %xor_ln25, i11 %output_13_addr" [kern.cpp:74]   --->   Operation 121 'store' 'store_ln74' <Predicate = (select_ln29_read == 15) | (select_ln29_read == 14) | (select_ln29_read == 13)> <Delay = 3.25> <CoreInst = "RAM">   --->   Core 81 'RAM' <Latency = 1> <II = 1> <Delay = 3.25> <Storage> <Opcode : 'load' 'store'> <Ports = 2> <Width = 1> <Depth = 1280> <RAM>
ST_6 : Operation 122 [1/1] (0.00ns)   --->   "%br_ln74 = br void %arrayidx127318.exit" [kern.cpp:74]   --->   Operation 122 'br' 'br_ln74' <Predicate = (select_ln29_read == 15) | (select_ln29_read == 14) | (select_ln29_read == 13)> <Delay = 0.00>


============================================================
+ Verbose Summary: Timing violations
============================================================
Target clock period: 10.000ns, clock uncertainty: 2.700ns.

 <State 1>: 4.999ns
The critical path consists of the following:
	'store' operation ('store_ln0') of constant 0 9 bit on local variable 'indvar_flatten6' [27]  (1.588 ns)
	'load' operation 9 bit ('indvar_flatten6_load', kern.cpp:64) on local variable 'indvar_flatten6' [32]  (0.000 ns)
	'add' operation 9 bit ('add_ln64_1', kern.cpp:64) [34]  (1.823 ns)
	'store' operation ('store_ln64', kern.cpp:64) of variable 'add_ln64_1', kern.cpp:64 9 bit on local variable 'indvar_flatten6' [143]  (1.588 ns)

 <State 2>: 6.363ns
The critical path consists of the following:
	'load' operation 5 bit ('ow_load', kern.cpp:65) on local variable 'ow', kern.cpp:65 [37]  (0.000 ns)
	'icmp' operation 1 bit ('icmp_ln65', kern.cpp:65) [42]  (1.780 ns)
	'select' operation 5 bit ('select_ln64', kern.cpp:64) [43]  (1.215 ns)
	'add' operation 5 bit ('add_ln65', kern.cpp:65) [142]  (1.780 ns)
	'store' operation ('store_ln65', kern.cpp:65) of variable 'add_ln65', kern.cpp:65 5 bit on local variable 'ow', kern.cpp:65 [145]  (1.588 ns)

 <State 3>: 6.504ns
The critical path consists of the following:
	'load' operation 32 bit ('a00', kern.cpp:68) on array 'buffer_0' [76]  (3.254 ns)
	'icmp' operation 1 bit ('icmp_ln72', kern.cpp:72) [85]  (2.552 ns)
	'select' operation 32 bit ('select_ln72', kern.cpp:72) [86]  (0.698 ns)

 <State 4>: 6.504ns
The critical path consists of the following:
	'load' operation 32 bit ('a10', kern.cpp:70) on array 'buffer_0' [82]  (3.254 ns)
	'icmp' operation 1 bit ('icmp_ln72_1', kern.cpp:72) [87]  (2.552 ns)
	'select' operation 32 bit ('select_ln72_1', kern.cpp:72) [88]  (0.698 ns)

 <State 5>: 6.082ns
The critical path consists of the following:
	'icmp' operation 1 bit ('icmp_ln72_2', kern.cpp:72) [89]  (2.552 ns)
	'select' operation 32 bit ('mx', kern.cpp:72) [90]  (0.000 ns)
	'add' operation 32 bit ('val', kern.cpp:74) [91]  (2.552 ns)
	'xor' operation 1 bit ('xor_ln25', kern.cpp:25->kern.cpp:74) [93]  (0.978 ns)

 <State 6>: 3.254ns
The critical path consists of the following:
	'getelementptr' operation 11 bit ('output_12_addr', kern.cpp:74) [69]  (0.000 ns)
	'store' operation ('store_ln74', kern.cpp:74) of variable 'xor_ln25', kern.cpp:25->kern.cpp:74 1 bit on array 'output_12' [96]  (3.254 ns)


============================================================
+ Verbose Summary: Binding
============================================================
N/A
* FSMD analyzer results:
  - Output states:
 - Input state : 
  - Chain level:
	State 1
	State 2
	State 3
	State 4
	State 5
	State 6


============================================================
+ Verbose Summary: Datapath Resource usage 
============================================================
N/A
